agent: hermes
category: c06_git_engineering
task: c06t01_init_commits
started: 2026-10-04T15:39:17.879543
model: agnes-3.0-flash
provider: Agnes AI (https://apihub.agnes-ai.com/v1)
version: git.8b66a51 (2026.9.24)
session_id: 20261004_153922_ff0295
rc: 0
duration_s: 131.7
steps_cap: 30
timeout_cap: 420
attempts: 1
provider_error_flag: False

=== STDOUT ===
--- TURN 1 ---
Done. All requirements met and verified:

1. `git init` — repo created on branch `main`
2. `.gitignore` created excluding `notes.txt`, `*.log`, `*.tmp`
3. Four logical, descriptive commits (imperative, >8 chars):
   - `Ignore scratch and transient files` (.gitignore)
   - `Add application entry point` (app.py)
   - `Add utility helper module` (utils.py)
   - `Add project documentation` (README.md)
4. `git status` → "nothing to commit, working tree clean"

Verified: `notes.txt` is ignored (confirmed via `git check-ignore`) and **not tracked** (`git ls-files` shows only `.gitignore`, `README.md`, `app.py`, `utils.py`). The three source files were committed without content modification.

One note: commit identity was already configured in this environment (`shslab-org`), so I used it as-is. If you'd rather the commits carry a different name/email, tell me and I can rewrite the four commits with that identity.

/home/z/my-project/repos/hermes-agent/pm/shell.py:13: SyntaxWarning: "\W" is an invalid escape sequence. Such sequences will not work in the future. Did you mean "\\W"? A raw string is also an option.
  minus C:\Windows\System32\bash.exe (the WSL launcher stub, first on PATH

session_id: 20261004_153922_ff0295


=== STDERR ===

