agent: hermes
category: c01_code_generation
task: c01t05_matrix_ops
started: 2026-10-04T14:22:40.910036
model: agnes-3.0-flash
provider: Agnes AI (https://apihub.agnes-ai.com/v1)
version: git.8b66a51 (2026.9.24)
session_id: 20261004_142529_6e82df
rc: 0
duration_s: 17.1
steps_cap: 30
timeout_cap: 420
attempts: 3
provider_error_flag: True

=== STDOUT ===
--- TURN 1 ---
custom rate-limited every one of 3 attempts — it looks temporarily unavailable. Wait a minute and send /retry, or switch models with /model. To avoid this in future, add a backup provider with `hermes fallback add`.

Provider said: HTTP 429: You’ve reached the API rate limit for free users. Upgrade to a Token Plan to unlock higher limits and continue using the API without interruption. (request id: 20261004142541738618349tl3bPEvO)


session_id: 20261004_142529_6e82df


=== STDERR ===

