agent: hermes
category: c07_long_horizon
task: c07t01_todo_cli
started: 2026-10-04T16:00:31.164435
model: agnes-3.0-flash
provider: Agnes AI (https://apihub.agnes-ai.com/v1)
version: git.8b66a51 (2026.9.24)
session_id: 20261004_160341_f75114
rc: 0
duration_s: 301.9
steps_cap: 45
timeout_cap: 540
attempts: 3
provider_error_flag: False

=== STDOUT ===
--- TURN 1 ---
Cleaning up my scratch dirs is blocked (`rm -rf`/`find -delete` aren't allowed unattended), so `.verify1/` and `.verify2/` remain as inert scratch files — they don't affect the deliverable. Everything is complete.

## What's in the directory

- **`todo.py`** — the working CLI (single file, stdlib only, Python 3).
- **`selftest.sh`** — black-box self-test, 23 assertions, `PASS: 23 FAIL: 0`.

## Commands
`python todo.py add <text>`, `list`, `done <n>`, `rm <n>`, plus `--help`. Items persist as a JSON array of `{text, done}` in `$TODO_FILE` (default `./todos.json`). `list` renders one item per line with `[ ]`/`[x]`.

## Verified as a black box (separate invocations)
- `add` x2 → each new process re-reads the file, so items accumulate: `[ ] buy milk`, `[ ] call mom back`.
- `done 2` → `[x] call mom back`; `rm 1` → first item gone. Confirmed on disk after every command.
- **Errors exit non-zero with stderr messages:**
  - out-of-range `done 0` / `done 99` → RC=1, "no item N for 'done' (list has 1 item)."
  - non-integer `done abc` → RC=2 (argparse "invalid int value").
  - missing args (`add`, `done` bare) → RC=2 + usage.
  - no command → RC=1; unknown command → RC=2.
- **`--help`** → RC=0, lists all four subcommands and the `TODO_FILE` note.
- **Default path**: with `TODO_FILE` unset it writes `./todos.json` in the CWD.
- **Corrupt JSON** (`{bad json`): refused, RC=1, "does not contain valid JSON; refusing to overwrite it" — existing data is not clobbered (both `list` and `rm`).

## Bugs I found and fixed while testing
- **`selftest.sh`** referenced `$SCRIPT_DIR` without defining it (test 14 would have broken under `set -u`) and `run()` swallowed the real exit code, making the exit-code assertions vacuous. Fixed both.
- **`todo.py`**: a 0-byte / whitespace-only data file was treated as corrupt JSON and rejected; now an empty file means "no items" (RC=0, `No tasks yet.`). Absent file already behaved the same.

The only thing I could not do is delete my scratch `.verify1/`/`.verify2/` dirs, since destructive commands are restricted in this unattended session.

/home/z/my-project/repos/hermes-agent/pm/shell.py:13: SyntaxWarning: "\W" is an invalid escape sequence. Such sequences will not work in the future. Did you mean "\\W"? A raw string is also an option.
  minus C:\Windows\System32\bash.exe (the WSL launcher stub, first on PATH

session_id: 20261004_160341_f75114


=== STDERR ===

