agent: shs-code
category: c07_long_horizon
task: c07t05_data_pipeline
started: 2026-10-04T15:48:21.074014
model: agnes-3.0-flash
provider: Agnes AI (https://apihub.agnes-ai.com/v1)
version: v4.4.0 (897b5d6)
session_id: bench-c07t05_data_pipeline
rc: 0
duration_s: 108.4
steps_cap: 45
timeout_cap: 540
attempts: 1
provider_error_flag: False

=== STDOUT ===
--- TURN 1 rc=0 ---
⚙ SYSTEM: Session bench-c07t05_data_pipeline not found — starting a new session.
🤖 ASSISTANT
Task complete — pipeline built, run, and independently verified. Nothing further
to do.                                                                          

Deliverables (all verified):                                                    

 • pipeline.py — reads data/sales_raw.csv, applies all 4 cleaning rules, writes 
   report.json                                                                  
 • report.json — total_sales 142.44; by_region: West 59.94, East 42.50, North   
   20.00, South 10.00, "" 10.00; by_product: Widget 77.94, Gadget 34.50, Gizmo  
   30.00; input 13 / cleaned 8 / dropped 5                                      
 • Numbers double-checked two ways: hand row-level (Widget 19.98+39.96+18.00,   
   Gadget 24.50+10.00, Gizmo 15.00+10.00+5.00 → 142.44) and an independent      
   re-implementation that deep-equals report.json                               
 • data/sales_raw.csv untouched (md5 836cc580... confirmed before/after)        
 • workspace/analysis.md — verification notes                                   

I terminated the agent on the prior step; no further action is needed.          
⚙ SYSTEM: session: 43a5c6b6-efa

[stderr]


=== STDERR ===

