agent: hermes
category: c07_long_horizon
task: c07t03_http_client
started: 2026-10-04T16:12:42.006770
model: agnes-3.0-flash
provider: Agnes AI (https://apihub.agnes-ai.com/v1)
version: git.8b66a51 (2026.9.24)
session_id: 20261004_161352_58d073
rc: 0
duration_s: 236.2
steps_cap: 45
timeout_cap: 540
attempts: 2
provider_error_flag: False

=== STDOUT ===
--- TURN 1 ---
OK, now let's write tests. Two test files:

1. tests/test_httpclient.py — mocked/stubbed tests via monkeypatching urllib.request.urlopen (unit level): success, success after retry (connection error then success), give up after retry count (raise the last error), don't retry on 4xx (call urlopen exactly once, verify sleep isn't called... actually, if we mock time.sleep we can verify it's not called on 4xx).
2. tests/test_httpclient_integration.py — spin up a real local http.server in a thread, verifying success JSON, retry-then-success on a real server (first request is 500, second is 200), giving up after retries (always 503 → raises? no wait — give up after retries with 5xx: spec says retries up to `retries` additional times; the final 5xx response returns (body, status) with status 503. Only connection errors are re-raised. Hmm, so what does "give up after retries" mean in tests? For 5xx: make retries+1 requests and return the final 5xx status. For connection errors: raise. Both can be tested: integration test for 5xx give-up (verify server hit count == retries+1), and unit test for connection-error give-up (verify URLError is raised).

For the 4xx-no-retry test: server that counts requests, first request 404, expect body/status to be returned and the hit count == 1.

For the mocked unit tests, patch httpclient._request or urllib.request.urlopen? Patching urlopen inside httpclient's namespace is cleaner: `httpclient.urllib.request.urlopen` — actually since we import `urllib.request` inside the module, monkeypatch `httpclient._request`... but _request is a private helper, and testing it through it is fine but a bit artificial. Better to monkeypatch urlopen: `monkeypatch.setattr(httpclient.urllib.request, "urlopen", fake)` — since httpclient calls `urllib.request.urlopen` dynamically, patching the module attribute works. Let's do that.

Also patch time.sleep to avoid real sleeps and to record call order. For the success-after-retry test: urlopen side effects: [URLError, HTTPError? no — the first is a connection error (raise URLError), the second is a successful response object]. The fake urlopen needs to return a context manager with .read() and .status. Let's build a helper FakeResponse.

Mock tests:
- test_success: urlopen returns FakeResponse(200, b'{"a": 1}') → fetch returns ({"a":1}, 200); sleep not called.
- test_success_text_not_json: 200 with b'hello world' → ('hello world', 200).
- test_retry_then_success: side effects [URLError('refused'), FakeResponse(200,...)] with retries

/home/z/my-project/repos/hermes-agent/pm/shell.py:13: SyntaxWarning: "\W" is an invalid escape sequence. Such sequences will not work in the future. Did you mean "\\W"? A raw string is also an option.
  minus C:\Windows\System32\bash.exe (the WSL launcher stub, first on PATH

session_id: 20261004_161352_58d073


=== STDERR ===

