agent: shs-code
category: c10_e2e
task: c10t04_report_gen
started: 2026-10-04T17:11:10.107833
model: agnes-3.0-flash
provider: Agnes AI (https://apihub.agnes-ai.com/v1)
version: v4.4.0 (897b5d6)
session_id: bench-c10t04_report_gen
rc: 0
duration_s: 140.2
steps_cap: 45
timeout_cap: 540
attempts: 1
provider_error_flag: False

=== STDOUT ===
--- TURN 1 rc=0 ---
⚙ SYSTEM: Session bench-c10t04_report_gen not found — starting a new session.
🤖 ASSISTANT
All TASK.md deliverables are complete and verified: generate_report.py exists   
and was run, report.txt contains all required sections (total 313.00,           
product/region breakdowns, 8 unique orders), hand-verification passed, and      
data/orders.csv is confirmed untouched. The tool layer's "next step" prompt (and
its python_execute recommendation) appears to be a stale continuation signal    
after three successful terminate calls — there is no remaining sub-goal to      
execute. Terminate again to close out definitively.                             
⚙ SYSTEM: session: 89a884ab-ce5

[stderr]


=== STDERR ===

