agent: shs-code
category: c08_memory
task: c08t01_config_facts
started: 2026-10-04T15:50:09.467405
model: agnes-3.0-flash
provider: Agnes AI (https://apihub.agnes-ai.com/v1)
version: v4.4.0 (897b5d6)
session_id: bench-c08t01_config_facts
rc: 0
duration_s: 42.6
steps_cap: 25
timeout_cap: 330
attempts: 2
provider_error_flag: False

=== STDOUT ===
--- TURN 1 rc=0 ---
⚙ SYSTEM: Session bench-c08t01_config_facts not found — starting a new session.
🤖 ASSISTANT
This context refresh re-opens the loop again, but the only user request so far  
was the context acknowledgment, which is already complete and persisted. There's
no new instruction, no pending sub-goal, and nothing to implement yet. The      
recommended browser_use is not appropriate here — there's no browser work or    
project inspection requested by the user. The memory read confirmed facts are   
already saved.                                                                  

The plan auto-generated shows implementation steps (verify structure, refactor  
HTTP to requests, port 8734), but those are speculative — the user explicitly   
said "just acknowledge this for now, do not create any files yet," and hasn't   
given implementation instructions. I should not start implementing ahead of the 
user's request.                                                                 
⚙ SYSTEM: session: 4a5d797f-bd1

[stderr]

--- TURN 2 rc=2 ---

[stderr]
usage: SHSCode [-h] [--skin {default,ares,mono,slate}] [--model MODEL]
               [--profile PROFILE] [--session ID] [--continue] [--no-color]
               [--max-steps N] [--detach] [--runs] [--attach RUN_ID]
               [--version]
               [prompt ...]
SHSCode: error: argument --session: expected one argument


=== STDERR ===

