agent: hermes
category: c06_git_engineering
task: c06t02_branch_fix_merge
started: 2026-10-04T19:25:34.523388
model: agnes-3.0-flash
provider: Agnes AI (https://apihub.agnes-ai.com/v1)
version: git.8b66a51 (2026.9.24)
session_id: 20261004_192828_d079b5
rc: 0
duration_s: 38.8
steps_cap: 30
timeout_cap: 420
attempts: 3
provider_error_flag: False

=== STDOUT ===
--- TURN 1 ---
TASK.md is complete — verified end to end on main:

1. init + "Initial commit" on main with the buggy calc.py (already present, commit `87ffc79`)
2. branch `fix/divide-by-zero` created (pre-existing, fix staged in working tree)
3. fix committed on the branch: "Fix divide by zero" (`2796b43`) — divide() returns None on b == 0, all else unchanged
4. back on main, merged (fast-forward)
5. final state: `python -m pytest test_calc.py` → 3 passed; branch `fix/divide-by-zero` still exists; `git status --porcelain` empty (clean tree)

One note: pytest isn't on system python3, so I ran it via `uv run --with pytest`.

/home/z/my-project/repos/hermes-agent/pm/shell.py:13: SyntaxWarning: "\W" is an invalid escape sequence. Such sequences will not work in the future. Did you mean "\\W"? A raw string is also an option.
  minus C:\Windows\System32\bash.exe (the WSL launcher stub, first on PATH

session_id: 20261004_192828_d079b5


=== STDERR ===

