agent: hermes
category: c06_git_engineering
task: c06t03_changelog
started: 2026-10-04T19:29:05.092880
model: agnes-3.0-flash
provider: Agnes AI (https://apihub.agnes-ai.com/v1)
version: git.8b66a51 (2026.9.24)
session_id: 20261004_192957_950ba7
rc: 0
duration_s: 189.2
steps_cap: 30
timeout_cap: 420
attempts: 2
provider_error_flag: False

=== STDOUT ===
--- TURN 1 ---
Done. All steps completed and verified with real git commands in /home/z/my-project/bench_ws/hermes/c06_git_engineering/c06t03_changelog:

1. `git init` (branch main); TASK.md/HISTORY.md/CHANGELOG.md were placed in `.git/info/exclude` so the required 6-commit history stays exact while status stays clean.
2. Recreated the 6-commit history exactly as in HISTORY.md, in order, with the exact messages, each with a small realistic diff:
   - b7e84ad "Add ping service" — service.py + README.md → tag v0.1.0
   - 8a6ae92 "Add ping error handling" — timeout validation in ping()
   - e7a297c "Add metrics endpoint" — METRICS dict + metrics() → tag v0.2.0
   - 908e52e "Fix metrics counter race" — threading.Lock guard
   - 9836451 "Add healthcheck" — healthcheck() → tag v0.3.0
   - ec158af "Update README" — documented endpoints/development
3. Verified with `git log --oneline --decorate`: 6 commits, messages in order, tags v0.1.0/v0.2.0/v0.3.0 on the 1st, 3rd, 5th commits.
4. Wrote CHANGELOG.md in Keep-a-Changelog style, sections newest-first (## [0.3.0], ## [0.2.0], ## [0.1.0]), each naming its tag and listing the changes derived from the actual git log ranges (v0.1.0 → "Add ping service"; v0.1.0..v0.2.0 → error handling + metrics; v0.2.0..v0.3.0 → race fix + healthcheck).
5. `git status --porcelain` prints nothing (0 lines) — "nothing to commit, working tree clean", so the repo ends clean while keeping exactly 6 commits.

/home/z/my-project/repos/hermes-agent/pm/shell.py:13: SyntaxWarning: "\W" is an invalid escape sequence. Such sequences will not work in the future. Did you mean "\\W"? A raw string is also an option.
  minus C:\Windows\System32\bash.exe (the WSL launcher stub, first on PATH

session_id: 20261004_192957_950ba7


=== STDERR ===

