agent: hermes
category: c08_memory
task: c08t01_config_facts
started: 2026-10-04T16:25:59.175038
model: agnes-3.0-flash
provider: Agnes AI (https://apihub.agnes-ai.com/v1)
version: git.8b66a51 (2026.9.24)
session_id: 20261004_162603_7d1422
rc: 0
duration_s: 43.2
steps_cap: 25
timeout_cap: 330
attempts: 1
provider_error_flag: False

=== STDOUT ===
--- TURN 1 ---
Got it. Noted:

- Codename: PURPLE-TIGER
- Service port: 8734
- HTTP calls: `requests` library (no urllib)

Ready when you are.


session_id: 20261004_162603_7d1422

--- TURN 2 ---
Created `config.py`:

```
CODENAME = "PURPLE-TIGER"
PORT = 8734
HTTP_LIBRARY = "requests"
```

All three values match what we agreed earlier. Lint passed clean.

↻ Resumed session 20261004_162603_7d1422 "Hi! Quick context before we start working…" (1 user message, 2 total messages)
/home/z/my-project/repos/hermes-agent/pm/shell.py:13: SyntaxWarning: "\W" is an invalid escape sequence. Such sequences will not work in the future. Did you mean "\\W"? A raw string is also an option.
  minus C:\Windows\System32\bash.exe (the WSL launcher stub, first on PATH

session_id: 20261004_162603_7d1422


=== STDERR ===

