agent: hermes
category: c08_memory
task: c08t02_long_spec
started: 2026-10-04T16:26:42.436475
model: agnes-3.0-flash
provider: Agnes AI (https://apihub.agnes-ai.com/v1)
version: git.8b66a51 (2026.9.24)
session_id: 20261004_163044_6f0d7a
rc: 0
duration_s: 120.3
steps_cap: 25
timeout_cap: 330
attempts: 2
provider_error_flag: False

=== STDOUT ===
--- TURN 1 ---
Understood — spec acknowledged and saved to memory for the later implementation. Summary of what I've locked in:

- `usermgmt.py`, single file, stdlib only
- `create_user(username, email, password)` → dict with keys `username`, `email`, `password_hash`, `created_at`
- usernames & emails stored lowercased; usernames unique case-insensitively; duplicate email → ValueError
- password < 12 chars → ValueError
- `password_hash` = salted SHA-256 hexdigest; plain password never in the dict or its `repr()`
- all errors are ValueError, no bare exceptions

Ready when you are to implement — just say the word.


session_id: 20261004_163044_6f0d7a

--- TURN 2 ---
th just create_user and the constants. Actually for my verification script, since it's in-memory and a fresh process, no reset needed. Good.

Now, one more: concurrency / thread safety. Not in spec. Skip.

Let me write the file.

I'll write to the current working directory: /home/z/my-project/bench_ws/hermes/c08_memory/c08t02_long_spec/usermgmt.py

Let me also write a verification script and run it with python3.

Let me structure my actions:
1. Write usermgmt.py
2. Write a quick verify script (or just run inline python via terminal)
3. Run it and confirm

Let me use write_file for usermgmt.py, then terminal to run a verification. I could do the verification as an inline python -c or a temp script. I'll write a verify_usermgmt.py in the scratch dir or just run inline. Inline is cleaner but complex. Let me write a temp test file in the working dir or scratch. I'll put it in scratch to avoid polluting the project. Actually, let me just run a python script inline via terminal using a heredoc... but the guidance says don't use echo/heredoc for file creation. For running a quick test, I can use `python3 -c "..."` but it's multi-line. 

Better: write a verify script to the scratch directory (/home/z/.hermes/cache/scratch) and run it, importing usermgmt from the project dir. But import path — I'll set PYTHONPATH or run from the project dir. Let me write verify to scratch, then run `cd /home/z/my-project/bench_ws/hermes/c08_memory/c08t02_long_spec && python3 /home/z/.hermes/cache/scratch/verify_usermgmt.py`. The test will do `import usermgmt` — for that to work, the project dir must be on sys.path. Running `python3 script.py` from that cwd — Python adds the script's directory to sys.path[0], not cwd. So `import usermgmt` would fail because usermgmt.py is in cwd, not in the scratch dir.

Simplest: write verify_usermgmt.py in the project working directory too, run it there (so usermgmt is importable since same dir is sys.path[0]), then optionally delete it. Or keep it. The user said "verify it yourself with a few quick checks" — I don't need to leave a test file. I'll write it, run it, and can leave it or remove it. I'll remove it after to keep the project clean (only usermgmt.py is the deliverable). Actually, leaving a test file might be nice, but the user only asked for usermgmt.py. I'll write the verify script to scratch, and run with `python3` but adjust: I can run from the project dir and use `python3` with the script, and set PYTHONPATH=.. 

Cleanest approach: put the verification inline as a single `python3 -c` is messy. Instead, write verify script into the project dir, run it, then delete it. Let me do that.

Actually even simpler and robust: write the verify script to scratch, and run it as:
`cd <project> && PYTHONPATH=<project> python3 <scratch>/verify_usermgmt.py`
Setting PYTHONPATH makes `import usermgmt` work regardless of where the script lives. That's clean and doesn't pollute the project. Let me do that.

Let me write both files, then run.

Let me finalize the usermgmt.py content.

```python
"""usermgmt - a minimal, dependency-free user management module.

Implements the agreed specification:

1. create_user(username, email, password) returns a user dict
2. emails are stored lowercased
3. usernames are unique, case-insensitively (a second registration of the
   same name in any casing raises ValueError)
4. usernames are stored lowercased
5. minimum password length is 12 characters (shorter raises ValueError)
6. the returned dict has keys: username, email, password_hash, created_at
7. passwords are never returned in plain text - password_hash contains a
   salted sha256 hexdigest, and repr() of the user never shows the plain
   password
8. duplicate email registrations raise ValueError
9. all errors are ValueError (no bare exceptions)
10. the module is a single file usermgmt.py with no external dependencies
"""

from __future__ import annotations

import hashlib
import secrets
from datetime import datetime, timezone

__all__ = ["create_user", "MIN_PASSWORD_LEN"]

#: Minimum accepted password length (spec point 5).
MIN_PASSWORD_LEN = 12

# In-memory, lowercased registries that back the uniqueness checks.
# (spec points 3, 4, 8)
_KNOWN_USERNAMES: set[str] = set()
_KNOWN_EMAILS: set[str] = set()


def _utc_now_iso() -> str:
    """Current UTC time as an ISO-8601 string (spec point 6: created_at)."""
    return datetime.now(timezone.utc).isoformat()


def create_user(username: str, email: str, password: str) -> dict:
    """Register a user and return its user dict.

    The returned dict always contains exactly the keys
    ``username``, ``email``, ``password_hash`` and ``created_at`` (spec 6).

    Every failure mode raises :class:`ValueError` (spec 9); no bare
    ``Exception`` is ever raised by this module.
    """
    # --- type guards (spec 9: only ValueError, no bare/TypeError leaks) ----

↻ Resumed session 20261004_163044_6f0d7a (1 user message, 4 total messages)

session_id: 20261004_163044_6f0d7a


=== STDERR ===

