agent: hermes
category: c06_git_engineering
task: c06t04_conflict
started: 2026-10-04T19:33:02.300000
model: agnes-3.0-flash
provider: Agnes AI (https://apihub.agnes-ai.com/v1)
version: git.8b66a51 (2026.9.24)
session_id: 20261004_193306_bf3856
rc: 0
duration_s: 105.1
steps_cap: 30
timeout_cap: 420
attempts: 1
provider_error_flag: False

=== STDOUT ===
--- TURN 1 ---
Task complete. All steps executed and verified in `/home/z/my-project/bench_ws/hermes/c06_git_engineering/c06t04_conflict`:

1. **git init + "Initial commit"** on `main` — b46abc0 (TASK.md, config.py, test_config.py)
2. **"Casual greeting"** on `feature/b-casual-greeting` — b37b495, greeting() returns `f"Hey {APP_NAME} fan!"`
3. **"Formal greeting v2"** back on `main` — 7097d68, greeting() returns `f"Hello, valued user of {APP_NAME} (v2)"`
4. **Merge hit a real conflict** in config.py (`UU`, both branches changed the same line). Resolved to the combined style: `return f"Hey there, valued user of {APP_NAME} (v2)!"` and appended `test_greeting_combined()` to test_config.py
5. **Merge commit "Merge feature/b-casual-greeting"** — ad44edd

Verification results:
- `git log --merges` → shows ad44edd; `git cat-file -p HEAD` confirms two parents (7097d68 + b37b495)
- No conflict markers anywhere in the repo (grep for `<<<<<<<`/`=======`/`>>>>>>>` found nothing)
- Working tree clean (`git status --short` empty)
- Test suite: 3 passed (test_app_name, test_greeting_is_string, test_greeting_combined) via `uv run --with pytest`

History graph:
```
*   ad44edd Merge feature/b-casual-greeting
|/
* 7097d68 Formal greeting v2
* b37b495 Casual greeting
* b46abc0 Initial commit
```

/home/z/my-project/repos/hermes-agent/pm/shell.py:13: SyntaxWarning: "\W" is an invalid escape sequence. Such sequences will not work in the future. Did you mean "\\W"? A raw string is also an option.
  minus C:\Windows\System32\bash.exe (the WSL launcher stub, first on PATH

session_id: 20261004_193306_bf3856


=== STDERR ===

