agent: hermes
category: c01_code_generation
task: c01t02_flatten_dict
started: 2026-10-04T14:04:28.061549
model: agnes-3.0-flash
provider: Agnes AI (https://apihub.agnes-ai.com/v1)
version: git.8b66a51 (2026.9.24)
session_id: 20261004_140432_069f09
rc: 0
duration_s: 60.0
steps_cap: 30
timeout_cap: 420
attempts: 1
provider_error_flag: False

=== STDOUT ===
--- TURN 1 ---
Done. Created `flatten.py` at `/home/z/my-project/bench_ws/hermes/c01_code_generation/c01t02_flatten_dict/flatten.py` with `flatten(obj: dict, sep: str = ".") -> dict` plus a docstring.

Behavior (all verified by running tests against the file):
- Nested dicts join keys with `sep`: `{"a": {"b": 1}}` -> `{"a.b": 1}`
- Lists index by position: `{"a": [10]}` -> `{"a.0": 10}`
- Empty `{}`/`[]` kept as leaf values under their key
- Scalars (str/int/float/bool/None) are leaves
- Input not mutated (recursive walk builds a new dict)

No other files created in the directory.

/home/z/my-project/repos/hermes-agent/pm/shell.py:13: SyntaxWarning: "\W" is an invalid escape sequence. Such sequences will not work in the future. Did you mean "\\W"? A raw string is also an option.
  minus C:\Windows\System32\bash.exe (the WSL launcher stub, first on PATH

session_id: 20261004_140432_069f09


=== STDERR ===

