agent: hermes
category: c01_code_generation
task: c01t03_lru_cache
started: 2026-10-04T18:51:32.010122
model: agnes-3.0-flash
provider: Agnes AI (https://apihub.agnes-ai.com/v1)
version: git.8b66a51 (2026.9.24)
session_id: 20261004_185136_ea23a3
rc: 0
duration_s: 45.3
steps_cap: 30
timeout_cap: 420
attempts: 1
provider_error_flag: False

=== STDOUT ===
--- TURN 1 ---
Done. Created `lru_cache.py` in `/home/z/my-project/bench_ws/hermes/c01_code_generation/c01t03_lru_cache/`:

- `LRUCache(capacity)` — raises `ValueError` if capacity < 1; backed by `collections.OrderedDict` (hash map + O(1) recency via `move_to_end`).
- `get(key)` — returns the value and re-marks it most recently used; returns `-1` on miss (misses do not affect recency).
- `put(key, value)` — inserts or updates; updating an existing key refreshes recency; on capacity overflow the LRU entry is evicted via `popitem(last=False)`.
- Both operations are O(1) average; full docstrings and a doctest example included.

Verified with a throwaway test (kept in scratch, no files added to the project dir): eviction order, update-refreshes-recency, capacity-1 edge case, capacity validation, miss-no-evict, plus 20,000 random operations cross-checked against an independent reference model — all passed.

/home/z/my-project/repos/hermes-agent/pm/shell.py:13: SyntaxWarning: "\W" is an invalid escape sequence. Such sequences will not work in the future. Did you mean "\\W"? A raw string is also an option.
  minus C:\Windows\System32\bash.exe (the WSL launcher stub, first on PATH

session_id: 20261004_185136_ea23a3


=== STDERR ===

