agent: hermes
category: c05_refactoring
task: c05t01_dedupe
started: 2026-10-04T15:14:44.597628
model: agnes-3.0-flash
provider: Agnes AI (https://apihub.agnes-ai.com/v1)
version: git.8b66a51 (2026.9.24)
session_id: 20261004_151811_66316c
rc: 0
duration_s: 134.9
steps_cap: 30
timeout_cap: 420
attempts: 3
provider_error_flag: False

=== STDOUT ===
--- TURN 1 ---
Done. Summary:

- Finding: `pricing.py` was already refactored when I started — the duplicated rounding/tax logic is extracted into `_subtotal(items)`, `_apply_tax(amount)`, and `_round_cents(x)` helpers (half-up rounding, negative-safe), and both public functions `retail_total(items)` and `wholesale_total(items, min_qty=50)` reuse them. No duplicated logic remains, and the public API signatures are unchanged. No edits were needed.
- Verification (all passing):
  - Hand-checked examples: retail 0.1×3 → 0.33; 1.045×1 → 1.15 (half-up, not banker's rounding); 1.999×2 → 4.40; -1.0×1 → -1.1; wholesale below/above min_qty thresholds and custom `min_qty` all produce the expected values.
  - Fuzz test: 200,000 random trials (incl. negative prices, zero items, boundary min_qty values) plus targeted edge cases (0.005/0.015/-0.005/-0.015 half-cent boundaries), comparing the refactored functions against an independent reimplementation of the original inline logic: 0 mismatches.
- Cleanup: removed the temporary verification scripts; the directory now contains only `HINT.md` and `pricing.py`.

Deliverable: /home/z/my-project/bench_ws/hermes/c05_refactoring/c05t01_dedupe/pricing.py — refactored, behavior-identical, verified.

/home/z/my-project/repos/hermes-agent/pm/shell.py:13: SyntaxWarning: "\W" is an invalid escape sequence. Such sequences will not work in the future. Did you mean "\\W"? A raw string is also an option.
  minus C:\Windows\System32\bash.exe (the WSL launcher stub, first on PATH

session_id: 20261004_151811_66316c


=== STDERR ===

