[sweep] hermes: 10 provider-errored tasks to re-run
[sweep] requeue c01t03_lru_cache (was 0/20, rc=0)
[sweep] requeue c02t01_binary_search (was 2/20, rc=0)
[sweep] requeue c02t02_mutable_defaults (was 2/20, rc=0)
[sweep] requeue c04t01_stringutils_qa (was 0/20, rc=0)
[sweep] requeue c04t04_jsonutils_qa (was 0/20, rc=0)
[sweep] requeue c05t04_naming_docs (was 5/20, rc=0)
[sweep] requeue c06t02_branch_fix_merge (was 8/20, rc=0)
[sweep] requeue c06t03_changelog (was 2/20, rc=0)
[sweep] requeue c06t04_conflict (was 8/20, rc=0)
[sweep] requeue c08t04_memory_file (was 9/20, rc=0)
[2026-10-04T18:51:32] === stream start agent=hermes tasks=50 ===
[2026-10-04T18:51:32] SKIP c01t01_bracket_validator (already has result.json — immutability)
[2026-10-04T18:51:32] SKIP c01t02_flatten_dict (already has result.json — immutability)
[2026-10-04T18:51:32] RUN c01t03_lru_cache agent=hermes steps=30 timeout=420s turns=1
[2026-10-04T18:52:19] DONE c01t03_lru_cache score=20/20 passed=True dur=45.3s
[2026-10-04T18:52:19] SKIP c01t04_csv_parser (already has result.json — immutability)
[2026-10-04T18:52:19] SKIP c01t05_matrix_ops (already has result.json — immutability)
[2026-10-04T18:52:19] RUN c02t01_binary_search agent=hermes steps=30 timeout=420s turns=1
[2026-10-04T18:53:00] DONE c02t01_binary_search score=20/20 passed=True dur=36.2s
[2026-10-04T18:53:00] RUN c02t02_mutable_defaults agent=hermes steps=30 timeout=420s turns=1
[2026-10-04T18:53:33] DONE c02t02_mutable_defaults score=20/20 passed=True dur=31.1s
[2026-10-04T18:53:33] SKIP c02t03_money_floats (already has result.json — immutability)
[2026-10-04T18:53:33] SKIP c02t04_email_regex (already has result.json — immutability)
[2026-10-04T18:53:33] SKIP c02t05_timezone_mix (already has result.json — immutability)
[2026-10-04T18:53:33] SKIP c03t01_search (already has result.json — immutability)
[2026-10-04T18:53:33] SKIP c03t02_remove_stock (already has result.json — immutability)
[2026-10-04T18:53:33] SKIP c03t03_export_csv (already has result.json — immutability)
[2026-10-04T18:53:33] SKIP c03t04_event_log (already has result.json — immutability)
[2026-10-04T18:53:33] SKIP c03t05_discount (already has result.json — immutability)
[2026-10-04T18:53:33] RUN c04t01_stringutils_qa agent=hermes steps=30 timeout=420s turns=1
[2026-10-04T18:58:17] RETRY c04t01_stringutils_qa (provider/timeout issue, attempt 1)
[2026-10-04T19:01:16] DONE c04t01_stringutils_qa score=14/20 passed=False dur=144.2s
[2026-10-04T19:01:16] SKIP c04t02_stats_qa (already has result.json — immutability)
[2026-10-04T19:01:16] SKIP c04t03_argparse_qa (already has result.json — immutability)
[2026-10-04T19:01:16] RUN c04t04_jsonutils_qa agent=hermes steps=30 timeout=420s turns=1
[2026-10-04T19:08:16] RETRY c04t04_jsonutils_qa (provider/timeout issue, attempt 1)
[2026-10-04T19:15:46] RETRY c04t04_jsonutils_qa (provider/timeout issue, attempt 2)
[2026-10-04T19:23:52] DONE c04t04_jsonutils_qa score=20/20 passed=True dur=420.1s
[2026-10-04T19:23:52] SKIP c04t05_regression_daterange (already has result.json — immutability)
[2026-10-04T19:23:52] SKIP c05t01_dedupe (already has result.json — immutability)
[2026-10-04T19:23:52] SKIP c05t02_globals_to_class (already has result.json — immutability)
[2026-10-04T19:23:52] SKIP c05t03_god_function (already has result.json — immutability)
[2026-10-04T19:23:52] RUN c05t04_naming_docs agent=hermes steps=30 timeout=420s turns=1
[2026-10-04T19:25:34] DONE c05t04_naming_docs score=10/20 passed=False dur=100.1s
[2026-10-04T19:25:34] SKIP c05t05_error_handling (already has result.json — immutability)
[2026-10-04T19:25:34] SKIP c06t01_init_commits (already has result.json — immutability)
[2026-10-04T19:25:34] RUN c06t02_branch_fix_merge agent=hermes steps=30 timeout=420s turns=1
[2026-10-04T19:25:58] RETRY c06t02_branch_fix_merge (provider/timeout issue, attempt 1)
[2026-10-04T19:27:24] RETRY c06t02_branch_fix_merge (provider/timeout issue, attempt 2)
[2026-10-04T19:29:05] DONE c06t02_branch_fix_merge score=20/20 passed=True dur=38.8s
[2026-10-04T19:29:05] RUN c06t03_changelog agent=hermes steps=30 timeout=420s turns=1
[2026-10-04T19:29:23] RETRY c06t03_changelog (provider/timeout issue, attempt 1)
[2026-10-04T19:33:02] DONE c06t03_changelog score=20/20 passed=True dur=189.2s
[2026-10-04T19:33:02] RUN c06t04_conflict agent=hermes steps=30 timeout=420s turns=1
[2026-10-04T19:34:49] DONE c06t04_conflict score=20/20 passed=True dur=105.1s
[2026-10-04T19:34:49] SKIP c06t05_rebase (already has result.json — immutability)
[2026-10-04T19:34:49] SKIP c07t01_todo_cli (already has result.json — immutability)
[2026-10-04T19:34:49] SKIP c07t02_site_generator (already has result.json — immutability)
[2026-10-04T19:34:49] SKIP c07t03_http_client (already has result.json — immutability)
[2026-10-04T19:34:49] SKIP c07t04_repo_maintenance (already has result.json — immutability)
[2026-10-04T19:34:49] SKIP c07t05_data_pipeline (already has result.json — immutability)
[2026-10-04T19:34:49] SKIP c08t01_config_facts (already has result.json — immutability)
[2026-10-04T19:34:49] SKIP c08t02_long_spec (already has result.json — immutability)
[2026-10-04T19:34:49] SKIP c08t03_resume_reuse (already has result.json — immutability)
[2026-10-04T19:34:49] RUN c08t04_memory_file agent=hermes steps=25 timeout=330s turns=2
[2026-10-04T19:36:10] DONE c08t04_memory_file score=20/20 passed=True dur=80.8s
[2026-10-04T19:36:10] SKIP c08t05_arch_decision (already has result.json — immutability)
[2026-10-04T19:36:10] SKIP c09t01_three_modules (already has result.json — immutability)
[2026-10-04T19:36:10] SKIP c09t02_service_contract (already has result.json — immutability)
[2026-10-04T19:36:10] SKIP c09t03_code_docs_match (already has result.json — immutability)
[2026-10-04T19:36:10] SKIP c09t04_transforms (already has result.json — immutability)
[2026-10-04T19:36:10] SKIP c09t05_tdd (already has result.json — immutability)
[2026-10-04T19:36:10] SKIP c10t01_url_shortener (already has result.json — immutability)
[2026-10-04T19:36:10] SKIP c10t02_md_tasks (already has result.json — immutability)
[2026-10-04T19:36:10] SKIP c10t03_json_api (already has result.json — immutability)
[2026-10-04T19:36:10] SKIP c10t04_report_gen (already has result.json — immutability)
[2026-10-04T19:36:10] SKIP c10t05_plugin_calc (already has result.json — immutability)
[2026-10-04T19:36:10] === stream end agent=hermes subtotal=931/1000 ===
