[sweep] openhands: 0 provider-errored tasks to re-run
[2026-10-04T15:24:09] === stream start agent=openhands tasks=50 ===
[2026-10-04T15:24:09] SKIP c01t01_bracket_validator (already has result.json — immutability)
[2026-10-04T15:24:09] SKIP c01t02_flatten_dict (already has result.json — immutability)
[2026-10-04T15:24:09] SKIP c01t03_lru_cache (already has result.json — immutability)
[2026-10-04T15:24:09] SKIP c01t04_csv_parser (already has result.json — immutability)
[2026-10-04T15:24:09] SKIP c01t05_matrix_ops (already has result.json — immutability)
[2026-10-04T15:24:09] SKIP c02t01_binary_search (already has result.json — immutability)
[2026-10-04T15:24:09] SKIP c02t02_mutable_defaults (already has result.json — immutability)
[2026-10-04T15:24:09] SKIP c02t03_money_floats (already has result.json — immutability)
[2026-10-04T15:24:09] SKIP c02t04_email_regex (already has result.json — immutability)
[2026-10-04T15:24:09] SKIP c02t05_timezone_mix (already has result.json — immutability)
[2026-10-04T15:24:09] SKIP c03t01_search (already has result.json — immutability)
[2026-10-04T15:24:09] SKIP c03t02_remove_stock (already has result.json — immutability)
[2026-10-04T15:24:09] SKIP c03t03_export_csv (already has result.json — immutability)
[2026-10-04T15:24:09] SKIP c03t04_event_log (already has result.json — immutability)
[2026-10-04T15:24:09] SKIP c03t05_discount (already has result.json — immutability)
[2026-10-04T15:24:09] SKIP c04t01_stringutils_qa (already has result.json — immutability)
[2026-10-04T15:24:09] SKIP c04t02_stats_qa (already has result.json — immutability)
[2026-10-04T15:24:09] SKIP c04t03_argparse_qa (already has result.json — immutability)
[2026-10-04T15:24:09] SKIP c04t04_jsonutils_qa (already has result.json — immutability)
[2026-10-04T15:24:09] SKIP c04t05_regression_daterange (already has result.json — immutability)
[2026-10-04T15:24:09] SKIP c05t01_dedupe (already has result.json — immutability)
[2026-10-04T15:24:09] SKIP c05t02_globals_to_class (already has result.json — immutability)
[2026-10-04T15:24:09] SKIP c05t03_god_function (already has result.json — immutability)
[2026-10-04T15:24:09] SKIP c05t04_naming_docs (already has result.json — immutability)
[2026-10-04T15:24:09] SKIP c05t05_error_handling (already has result.json — immutability)
[2026-10-04T15:24:09] SKIP c06t01_init_commits (already has result.json — immutability)
[2026-10-04T15:24:09] SKIP c06t02_branch_fix_merge (already has result.json — immutability)
[2026-10-04T15:24:09] SKIP c06t03_changelog (already has result.json — immutability)
[2026-10-04T15:24:09] SKIP c06t04_conflict (already has result.json — immutability)
[2026-10-04T15:24:09] SKIP c06t05_rebase (already has result.json — immutability)
[2026-10-04T15:24:09] SKIP c07t01_todo_cli (already has result.json — immutability)
[2026-10-04T15:24:09] SKIP c07t02_site_generator (already has result.json — immutability)
[2026-10-04T15:24:09] SKIP c07t03_http_client (already has result.json — immutability)
[2026-10-04T15:24:09] SKIP c07t04_repo_maintenance (already has result.json — immutability)
[2026-10-04T15:24:09] SKIP c07t05_data_pipeline (already has result.json — immutability)
[2026-10-04T15:24:09] SKIP c08t01_config_facts (already has result.json — immutability)
[2026-10-04T15:24:09] SKIP c08t02_long_spec (already has result.json — immutability)
[2026-10-04T15:24:09] SKIP c08t03_resume_reuse (already has result.json — immutability)
[2026-10-04T15:24:09] SKIP c08t04_memory_file (already has result.json — immutability)
[2026-10-04T15:24:09] SKIP c08t05_arch_decision (already has result.json — immutability)
[2026-10-04T15:24:09] SKIP c09t01_three_modules (already has result.json — immutability)
[2026-10-04T15:24:09] SKIP c09t02_service_contract (already has result.json — immutability)
[2026-10-04T15:24:09] SKIP c09t03_code_docs_match (already has result.json — immutability)
[2026-10-04T15:24:09] SKIP c09t04_transforms (already has result.json — immutability)
[2026-10-04T15:24:09] SKIP c09t05_tdd (already has result.json — immutability)
[2026-10-04T15:24:09] SKIP c10t01_url_shortener (already has result.json — immutability)
[2026-10-04T15:24:09] SKIP c10t02_md_tasks (already has result.json — immutability)
[2026-10-04T15:24:09] SKIP c10t03_json_api (already has result.json — immutability)
[2026-10-04T15:24:09] SKIP c10t04_report_gen (already has result.json — immutability)
[2026-10-04T15:24:09] SKIP c10t05_plugin_calc (already has result.json — immutability)
[2026-10-04T15:24:09] === stream end agent=openhands subtotal=957/1000 ===
