[2026-10-04T10:32:13] === stream start agent=openhands tasks=50 ===
[2026-10-04T10:32:13] FATAL c01t01_bracket_validator: [Errno 2] No such file or directory: '/home/z/my-project/benchmark/traces/openhands/c01_code_generation/c01t01_bracket_validator/prompt1.txt'
Traceback (most recent call last):
  File "/home/z/my-project/benchmark/harness/run_stream.py", line 162, in main
    scores.append(run_task(cat, tid, tdir))
                  ^^^^^^^^^^^^^^^^^^^^^^^^
  File "/home/z/my-project/benchmark/harness/run_stream.py", line 74, in run_task
    with open(os.path.join(trace, "prompt1.txt"), "w") as f:
         ^^^^^^^^^^^^^^^^^^^^^^^^^^^^^^^^^^^^^^^^^^^^^
FileNotFoundError: [Errno 2] No such file or directory: '/home/z/my-project/benchmark/traces/openhands/c01_code_generation/c01t01_bracket_validator/prompt1.txt'

[2026-10-04T10:32:13] FATAL c01t02_flatten_dict: [Errno 2] No such file or directory: '/home/z/my-project/benchmark/traces/openhands/c01_code_generation/c01t02_flatten_dict/prompt1.txt'
Traceback (most recent call last):
  File "/home/z/my-project/benchmark/harness/run_stream.py", line 162, in main
    scores.append(run_task(cat, tid, tdir))
                  ^^^^^^^^^^^^^^^^^^^^^^^^
  File "/home/z/my-project/benchmark/harness/run_stream.py", line 74, in run_task
    with open(os.path.join(trace, "prompt1.txt"), "w") as f:
         ^^^^^^^^^^^^^^^^^^^^^^^^^^^^^^^^^^^^^^^^^^^^^
FileNotFoundError: [Errno 2] No such file or directory: '/home/z/my-project/benchmark/traces/openhands/c01_code_generation/c01t02_flatten_dict/prompt1.txt'

[2026-10-04T10:32:13] FATAL c01t03_lru_cache: [Errno 2] No such file or directory: '/home/z/my-project/benchmark/traces/openhands/c01_code_generation/c01t03_lru_cache/prompt1.txt'
Traceback (most recent call last):
  File "/home/z/my-project/benchmark/harness/run_stream.py", line 162, in main
    scores.append(run_task(cat, tid, tdir))
                  ^^^^^^^^^^^^^^^^^^^^^^^^
  File "/home/z/my-project/benchmark/harness/run_stream.py", line 74, in run_task
    with open(os.path.join(trace, "prompt1.txt"), "w") as f:
         ^^^^^^^^^^^^^^^^^^^^^^^^^^^^^^^^^^^^^^^^^^^^^
FileNotFoundError: [Errno 2] No such file or directory: '/home/z/my-project/benchmark/traces/openhands/c01_code_generation/c01t03_lru_cache/prompt1.txt'

[2026-10-04T10:32:13] FATAL c01t04_csv_parser: [Errno 2] No such file or directory: '/home/z/my-project/benchmark/traces/openhands/c01_code_generation/c01t04_csv_parser/prompt1.txt'
Traceback (most recent call last):
  File "/home/z/my-project/benchmark/harness/run_stream.py", line 162, in main
    scores.append(run_task(cat, tid, tdir))
                  ^^^^^^^^^^^^^^^^^^^^^^^^
  File "/home/z/my-project/benchmark/harness/run_stream.py", line 74, in run_task
    with open(os.path.join(trace, "prompt1.txt"), "w") as f:
         ^^^^^^^^^^^^^^^^^^^^^^^^^^^^^^^^^^^^^^^^^^^^^
FileNotFoundError: [Errno 2] No such file or directory: '/home/z/my-project/benchmark/traces/openhands/c01_code_generation/c01t04_csv_parser/prompt1.txt'

[2026-10-04T10:32:13] FATAL c01t05_matrix_ops: [Errno 2] No such file or directory: '/home/z/my-project/benchmark/traces/openhands/c01_code_generation/c01t05_matrix_ops/prompt1.txt'
Traceback (most recent call last):
  File "/home/z/my-project/benchmark/harness/run_stream.py", line 162, in main
    scores.append(run_task(cat, tid, tdir))
                  ^^^^^^^^^^^^^^^^^^^^^^^^
  File "/home/z/my-project/benchmark/harness/run_stream.py", line 74, in run_task
    with open(os.path.join(trace, "prompt1.txt"), "w") as f:
         ^^^^^^^^^^^^^^^^^^^^^^^^^^^^^^^^^^^^^^^^^^^^^
FileNotFoundError: [Errno 2] No such file or directory: '/home/z/my-project/benchmark/traces/openhands/c01_code_generation/c01t05_matrix_ops/prompt1.txt'

[2026-10-04T10:32:13] FATAL c02t01_binary_search: [Errno 2] No such file or directory: '/home/z/my-project/benchmark/traces/openhands/c02_debugging/c02t01_binary_search/prompt1.txt'
Traceback (most recent call last):
  File "/home/z/my-project/benchmark/harness/run_stream.py", line 162, in main
    scores.append(run_task(cat, tid, tdir))
                  ^^^^^^^^^^^^^^^^^^^^^^^^
  File "/home/z/my-project/benchmark/harness/run_stream.py", line 74, in run_task
    with open(os.path.join(trace, "prompt1.txt"), "w") as f:
         ^^^^^^^^^^^^^^^^^^^^^^^^^^^^^^^^^^^^^^^^^^^^^
FileNotFoundError: [Errno 2] No such file or directory: '/home/z/my-project/benchmark/traces/openhands/c02_debugging/c02t01_binary_search/prompt1.txt'

[2026-10-04T10:32:13] FATAL c02t02_mutable_defaults: [Errno 2] No such file or directory: '/home/z/my-project/benchmark/traces/openhands/c02_debugging/c02t02_mutable_defaults/prompt1.txt'
Traceback (most recent call last):
  File "/home/z/my-project/benchmark/harness/run_stream.py", line 162, in main
    scores.append(run_task(cat, tid, tdir))
                  ^^^^^^^^^^^^^^^^^^^^^^^^
  File "/home/z/my-project/benchmark/harness/run_stream.py", line 74, in run_task
    with open(os.path.join(trace, "prompt1.txt"), "w") as f:
         ^^^^^^^^^^^^^^^^^^^^^^^^^^^^^^^^^^^^^^^^^^^^^
FileNotFoundError: [Errno 2] No such file or directory: '/home/z/my-project/benchmark/traces/openhands/c02_debugging/c02t02_mutable_defaults/prompt1.txt'

[2026-10-04T10:32:13] FATAL c02t03_money_floats: [Errno 2] No such file or directory: '/home/z/my-project/benchmark/traces/openhands/c02_debugging/c02t03_money_floats/prompt1.txt'
Traceback (most recent call last):
  File "/home/z/my-project/benchmark/harness/run_stream.py", line 162, in main
    scores.append(run_task(cat, tid, tdir))
                  ^^^^^^^^^^^^^^^^^^^^^^^^
  File "/home/z/my-project/benchmark/harness/run_stream.py", line 74, in run_task
    with open(os.path.join(trace, "prompt1.txt"), "w") as f:
         ^^^^^^^^^^^^^^^^^^^^^^^^^^^^^^^^^^^^^^^^^^^^^
FileNotFoundError: [Errno 2] No such file or directory: '/home/z/my-project/benchmark/traces/openhands/c02_debugging/c02t03_money_floats/prompt1.txt'

[2026-10-04T10:32:13] FATAL c02t04_email_regex: [Errno 2] No such file or directory: '/home/z/my-project/benchmark/traces/openhands/c02_debugging/c02t04_email_regex/prompt1.txt'
Traceback (most recent call last):
  File "/home/z/my-project/benchmark/harness/run_stream.py", line 162, in main
    scores.append(run_task(cat, tid, tdir))
                  ^^^^^^^^^^^^^^^^^^^^^^^^
  File "/home/z/my-project/benchmark/harness/run_stream.py", line 74, in run_task
    with open(os.path.join(trace, "prompt1.txt"), "w") as f:
         ^^^^^^^^^^^^^^^^^^^^^^^^^^^^^^^^^^^^^^^^^^^^^
FileNotFoundError: [Errno 2] No such file or directory: '/home/z/my-project/benchmark/traces/openhands/c02_debugging/c02t04_email_regex/prompt1.txt'

[2026-10-04T10:32:13] FATAL c02t05_timezone_mix: [Errno 2] No such file or directory: '/home/z/my-project/benchmark/traces/openhands/c02_debugging/c02t05_timezone_mix/prompt1.txt'
Traceback (most recent call last):
  File "/home/z/my-project/benchmark/harness/run_stream.py", line 162, in main
    scores.append(run_task(cat, tid, tdir))
                  ^^^^^^^^^^^^^^^^^^^^^^^^
  File "/home/z/my-project/benchmark/harness/run_stream.py", line 74, in run_task
    with open(os.path.join(trace, "prompt1.txt"), "w") as f:
         ^^^^^^^^^^^^^^^^^^^^^^^^^^^^^^^^^^^^^^^^^^^^^
FileNotFoundError: [Errno 2] No such file or directory: '/home/z/my-project/benchmark/traces/openhands/c02_debugging/c02t05_timezone_mix/prompt1.txt'

[2026-10-04T10:32:13] FATAL c03t01_search: [Errno 2] No such file or directory: '/home/z/my-project/benchmark/traces/openhands/c03_feature/c03t01_search/prompt1.txt'
Traceback (most recent call last):
  File "/home/z/my-project/benchmark/harness/run_stream.py", line 162, in main
    scores.append(run_task(cat, tid, tdir))
                  ^^^^^^^^^^^^^^^^^^^^^^^^
  File "/home/z/my-project/benchmark/harness/run_stream.py", line 74, in run_task
    with open(os.path.join(trace, "prompt1.txt"), "w") as f:
         ^^^^^^^^^^^^^^^^^^^^^^^^^^^^^^^^^^^^^^^^^^^^^
FileNotFoundError: [Errno 2] No such file or directory: '/home/z/my-project/benchmark/traces/openhands/c03_feature/c03t01_search/prompt1.txt'

[2026-10-04T10:32:13] FATAL c03t02_remove_stock: [Errno 2] No such file or directory: '/home/z/my-project/benchmark/traces/openhands/c03_feature/c03t02_remove_stock/prompt1.txt'
Traceback (most recent call last):
  File "/home/z/my-project/benchmark/harness/run_stream.py", line 162, in main
    scores.append(run_task(cat, tid, tdir))
                  ^^^^^^^^^^^^^^^^^^^^^^^^
  File "/home/z/my-project/benchmark/harness/run_stream.py", line 74, in run_task
    with open(os.path.join(trace, "prompt1.txt"), "w") as f:
         ^^^^^^^^^^^^^^^^^^^^^^^^^^^^^^^^^^^^^^^^^^^^^
FileNotFoundError: [Errno 2] No such file or directory: '/home/z/my-project/benchmark/traces/openhands/c03_feature/c03t02_remove_stock/prompt1.txt'

[2026-10-04T10:32:13] FATAL c03t03_export_csv: [Errno 2] No such file or directory: '/home/z/my-project/benchmark/traces/openhands/c03_feature/c03t03_export_csv/prompt1.txt'
Traceback (most recent call last):
  File "/home/z/my-project/benchmark/harness/run_stream.py", line 162, in main
    scores.append(run_task(cat, tid, tdir))
                  ^^^^^^^^^^^^^^^^^^^^^^^^
  File "/home/z/my-project/benchmark/harness/run_stream.py", line 74, in run_task
    with open(os.path.join(trace, "prompt1.txt"), "w") as f:
         ^^^^^^^^^^^^^^^^^^^^^^^^^^^^^^^^^^^^^^^^^^^^^
FileNotFoundError: [Errno 2] No such file or directory: '/home/z/my-project/benchmark/traces/openhands/c03_feature/c03t03_export_csv/prompt1.txt'

[2026-10-04T10:32:13] FATAL c03t04_event_log: [Errno 2] No such file or directory: '/home/z/my-project/benchmark/traces/openhands/c03_feature/c03t04_event_log/prompt1.txt'
Traceback (most recent call last):
  File "/home/z/my-project/benchmark/harness/run_stream.py", line 162, in main
    scores.append(run_task(cat, tid, tdir))
                  ^^^^^^^^^^^^^^^^^^^^^^^^
  File "/home/z/my-project/benchmark/harness/run_stream.py", line 74, in run_task
    with open(os.path.join(trace, "prompt1.txt"), "w") as f:
         ^^^^^^^^^^^^^^^^^^^^^^^^^^^^^^^^^^^^^^^^^^^^^
FileNotFoundError: [Errno 2] No such file or directory: '/home/z/my-project/benchmark/traces/openhands/c03_feature/c03t04_event_log/prompt1.txt'

[2026-10-04T10:32:13] FATAL c03t05_discount: [Errno 2] No such file or directory: '/home/z/my-project/benchmark/traces/openhands/c03_feature/c03t05_discount/prompt1.txt'
Traceback (most recent call last):
  File "/home/z/my-project/benchmark/harness/run_stream.py", line 162, in main
    scores.append(run_task(cat, tid, tdir))
                  ^^^^^^^^^^^^^^^^^^^^^^^^
  File "/home/z/my-project/benchmark/harness/run_stream.py", line 74, in run_task
    with open(os.path.join(trace, "prompt1.txt"), "w") as f:
         ^^^^^^^^^^^^^^^^^^^^^^^^^^^^^^^^^^^^^^^^^^^^^
FileNotFoundError: [Errno 2] No such file or directory: '/home/z/my-project/benchmark/traces/openhands/c03_feature/c03t05_discount/prompt1.txt'

[2026-10-04T10:32:13] FATAL c04t01_stringutils_qa: [Errno 2] No such file or directory: '/home/z/my-project/benchmark/traces/openhands/c04_testing_qa/c04t01_stringutils_qa/prompt1.txt'
Traceback (most recent call last):
  File "/home/z/my-project/benchmark/harness/run_stream.py", line 162, in main
    scores.append(run_task(cat, tid, tdir))
                  ^^^^^^^^^^^^^^^^^^^^^^^^
  File "/home/z/my-project/benchmark/harness/run_stream.py", line 74, in run_task
    with open(os.path.join(trace, "prompt1.txt"), "w") as f:
         ^^^^^^^^^^^^^^^^^^^^^^^^^^^^^^^^^^^^^^^^^^^^^
FileNotFoundError: [Errno 2] No such file or directory: '/home/z/my-project/benchmark/traces/openhands/c04_testing_qa/c04t01_stringutils_qa/prompt1.txt'

[2026-10-04T10:32:13] FATAL c04t02_stats_qa: [Errno 2] No such file or directory: '/home/z/my-project/benchmark/traces/openhands/c04_testing_qa/c04t02_stats_qa/prompt1.txt'
Traceback (most recent call last):
  File "/home/z/my-project/benchmark/harness/run_stream.py", line 162, in main
    scores.append(run_task(cat, tid, tdir))
                  ^^^^^^^^^^^^^^^^^^^^^^^^
  File "/home/z/my-project/benchmark/harness/run_stream.py", line 74, in run_task
    with open(os.path.join(trace, "prompt1.txt"), "w") as f:
         ^^^^^^^^^^^^^^^^^^^^^^^^^^^^^^^^^^^^^^^^^^^^^
FileNotFoundError: [Errno 2] No such file or directory: '/home/z/my-project/benchmark/traces/openhands/c04_testing_qa/c04t02_stats_qa/prompt1.txt'

[2026-10-04T10:32:13] FATAL c04t03_argparse_qa: [Errno 2] No such file or directory: '/home/z/my-project/benchmark/traces/openhands/c04_testing_qa/c04t03_argparse_qa/prompt1.txt'
Traceback (most recent call last):
  File "/home/z/my-project/benchmark/harness/run_stream.py", line 162, in main
    scores.append(run_task(cat, tid, tdir))
                  ^^^^^^^^^^^^^^^^^^^^^^^^
  File "/home/z/my-project/benchmark/harness/run_stream.py", line 74, in run_task
    with open(os.path.join(trace, "prompt1.txt"), "w") as f:
         ^^^^^^^^^^^^^^^^^^^^^^^^^^^^^^^^^^^^^^^^^^^^^
FileNotFoundError: [Errno 2] No such file or directory: '/home/z/my-project/benchmark/traces/openhands/c04_testing_qa/c04t03_argparse_qa/prompt1.txt'

[2026-10-04T10:32:13] FATAL c04t04_jsonutils_qa: [Errno 2] No such file or directory: '/home/z/my-project/benchmark/traces/openhands/c04_testing_qa/c04t04_jsonutils_qa/prompt1.txt'
Traceback (most recent call last):
  File "/home/z/my-project/benchmark/harness/run_stream.py", line 162, in main
    scores.append(run_task(cat, tid, tdir))
                  ^^^^^^^^^^^^^^^^^^^^^^^^
  File "/home/z/my-project/benchmark/harness/run_stream.py", line 74, in run_task
    with open(os.path.join(trace, "prompt1.txt"), "w") as f:
         ^^^^^^^^^^^^^^^^^^^^^^^^^^^^^^^^^^^^^^^^^^^^^
FileNotFoundError: [Errno 2] No such file or directory: '/home/z/my-project/benchmark/traces/openhands/c04_testing_qa/c04t04_jsonutils_qa/prompt1.txt'

[2026-10-04T10:32:13] FATAL c04t05_regression_daterange: [Errno 2] No such file or directory: '/home/z/my-project/benchmark/traces/openhands/c04_testing_qa/c04t05_regression_daterange/prompt1.txt'
Traceback (most recent call last):
  File "/home/z/my-project/benchmark/harness/run_stream.py", line 162, in main
    scores.append(run_task(cat, tid, tdir))
                  ^^^^^^^^^^^^^^^^^^^^^^^^
  File "/home/z/my-project/benchmark/harness/run_stream.py", line 74, in run_task
    with open(os.path.join(trace, "prompt1.txt"), "w") as f:
         ^^^^^^^^^^^^^^^^^^^^^^^^^^^^^^^^^^^^^^^^^^^^^
FileNotFoundError: [Errno 2] No such file or directory: '/home/z/my-project/benchmark/traces/openhands/c04_testing_qa/c04t05_regression_daterange/prompt1.txt'

[2026-10-04T10:32:13] FATAL c05t01_dedupe: [Errno 2] No such file or directory: '/home/z/my-project/benchmark/traces/openhands/c05_refactoring/c05t01_dedupe/prompt1.txt'
Traceback (most recent call last):
  File "/home/z/my-project/benchmark/harness/run_stream.py", line 162, in main
    scores.append(run_task(cat, tid, tdir))
                  ^^^^^^^^^^^^^^^^^^^^^^^^
  File "/home/z/my-project/benchmark/harness/run_stream.py", line 74, in run_task
    with open(os.path.join(trace, "prompt1.txt"), "w") as f:
         ^^^^^^^^^^^^^^^^^^^^^^^^^^^^^^^^^^^^^^^^^^^^^
FileNotFoundError: [Errno 2] No such file or directory: '/home/z/my-project/benchmark/traces/openhands/c05_refactoring/c05t01_dedupe/prompt1.txt'

[2026-10-04T10:32:13] FATAL c05t02_globals_to_class: [Errno 2] No such file or directory: '/home/z/my-project/benchmark/traces/openhands/c05_refactoring/c05t02_globals_to_class/prompt1.txt'
Traceback (most recent call last):
  File "/home/z/my-project/benchmark/harness/run_stream.py", line 162, in main
    scores.append(run_task(cat, tid, tdir))
                  ^^^^^^^^^^^^^^^^^^^^^^^^
  File "/home/z/my-project/benchmark/harness/run_stream.py", line 74, in run_task
    with open(os.path.join(trace, "prompt1.txt"), "w") as f:
         ^^^^^^^^^^^^^^^^^^^^^^^^^^^^^^^^^^^^^^^^^^^^^
FileNotFoundError: [Errno 2] No such file or directory: '/home/z/my-project/benchmark/traces/openhands/c05_refactoring/c05t02_globals_to_class/prompt1.txt'

[2026-10-04T10:32:13] FATAL c05t03_god_function: [Errno 2] No such file or directory: '/home/z/my-project/benchmark/traces/openhands/c05_refactoring/c05t03_god_function/prompt1.txt'
Traceback (most recent call last):
  File "/home/z/my-project/benchmark/harness/run_stream.py", line 162, in main
    scores.append(run_task(cat, tid, tdir))
                  ^^^^^^^^^^^^^^^^^^^^^^^^
  File "/home/z/my-project/benchmark/harness/run_stream.py", line 74, in run_task
    with open(os.path.join(trace, "prompt1.txt"), "w") as f:
         ^^^^^^^^^^^^^^^^^^^^^^^^^^^^^^^^^^^^^^^^^^^^^
FileNotFoundError: [Errno 2] No such file or directory: '/home/z/my-project/benchmark/traces/openhands/c05_refactoring/c05t03_god_function/prompt1.txt'

[2026-10-04T10:32:13] FATAL c05t04_naming_docs: [Errno 2] No such file or directory: '/home/z/my-project/benchmark/traces/openhands/c05_refactoring/c05t04_naming_docs/prompt1.txt'
Traceback (most recent call last):
  File "/home/z/my-project/benchmark/harness/run_stream.py", line 162, in main
    scores.append(run_task(cat, tid, tdir))
                  ^^^^^^^^^^^^^^^^^^^^^^^^
  File "/home/z/my-project/benchmark/harness/run_stream.py", line 74, in run_task
    with open(os.path.join(trace, "prompt1.txt"), "w") as f:
         ^^^^^^^^^^^^^^^^^^^^^^^^^^^^^^^^^^^^^^^^^^^^^
FileNotFoundError: [Errno 2] No such file or directory: '/home/z/my-project/benchmark/traces/openhands/c05_refactoring/c05t04_naming_docs/prompt1.txt'

[2026-10-04T10:32:13] FATAL c05t05_error_handling: [Errno 2] No such file or directory: '/home/z/my-project/benchmark/traces/openhands/c05_refactoring/c05t05_error_handling/prompt1.txt'
Traceback (most recent call last):
  File "/home/z/my-project/benchmark/harness/run_stream.py", line 162, in main
    scores.append(run_task(cat, tid, tdir))
                  ^^^^^^^^^^^^^^^^^^^^^^^^
  File "/home/z/my-project/benchmark/harness/run_stream.py", line 74, in run_task
    with open(os.path.join(trace, "prompt1.txt"), "w") as f:
         ^^^^^^^^^^^^^^^^^^^^^^^^^^^^^^^^^^^^^^^^^^^^^
FileNotFoundError: [Errno 2] No such file or directory: '/home/z/my-project/benchmark/traces/openhands/c05_refactoring/c05t05_error_handling/prompt1.txt'

[2026-10-04T10:32:13] FATAL c06t01_init_commits: [Errno 2] No such file or directory: '/home/z/my-project/benchmark/traces/openhands/c06_git_engineering/c06t01_init_commits/prompt1.txt'
Traceback (most recent call last):
  File "/home/z/my-project/benchmark/harness/run_stream.py", line 162, in main
    scores.append(run_task(cat, tid, tdir))
                  ^^^^^^^^^^^^^^^^^^^^^^^^
  File "/home/z/my-project/benchmark/harness/run_stream.py", line 74, in run_task
    with open(os.path.join(trace, "prompt1.txt"), "w") as f:
         ^^^^^^^^^^^^^^^^^^^^^^^^^^^^^^^^^^^^^^^^^^^^^
FileNotFoundError: [Errno 2] No such file or directory: '/home/z/my-project/benchmark/traces/openhands/c06_git_engineering/c06t01_init_commits/prompt1.txt'

[2026-10-04T10:32:13] FATAL c06t02_branch_fix_merge: [Errno 2] No such file or directory: '/home/z/my-project/benchmark/traces/openhands/c06_git_engineering/c06t02_branch_fix_merge/prompt1.txt'
Traceback (most recent call last):
  File "/home/z/my-project/benchmark/harness/run_stream.py", line 162, in main
    scores.append(run_task(cat, tid, tdir))
                  ^^^^^^^^^^^^^^^^^^^^^^^^
  File "/home/z/my-project/benchmark/harness/run_stream.py", line 74, in run_task
    with open(os.path.join(trace, "prompt1.txt"), "w") as f:
         ^^^^^^^^^^^^^^^^^^^^^^^^^^^^^^^^^^^^^^^^^^^^^
FileNotFoundError: [Errno 2] No such file or directory: '/home/z/my-project/benchmark/traces/openhands/c06_git_engineering/c06t02_branch_fix_merge/prompt1.txt'

[2026-10-04T10:32:13] FATAL c06t03_changelog: [Errno 2] No such file or directory: '/home/z/my-project/benchmark/traces/openhands/c06_git_engineering/c06t03_changelog/prompt1.txt'
Traceback (most recent call last):
  File "/home/z/my-project/benchmark/harness/run_stream.py", line 162, in main
    scores.append(run_task(cat, tid, tdir))
                  ^^^^^^^^^^^^^^^^^^^^^^^^
  File "/home/z/my-project/benchmark/harness/run_stream.py", line 74, in run_task
    with open(os.path.join(trace, "prompt1.txt"), "w") as f:
         ^^^^^^^^^^^^^^^^^^^^^^^^^^^^^^^^^^^^^^^^^^^^^
FileNotFoundError: [Errno 2] No such file or directory: '/home/z/my-project/benchmark/traces/openhands/c06_git_engineering/c06t03_changelog/prompt1.txt'

[2026-10-04T10:32:13] FATAL c06t04_conflict: [Errno 2] No such file or directory: '/home/z/my-project/benchmark/traces/openhands/c06_git_engineering/c06t04_conflict/prompt1.txt'
Traceback (most recent call last):
  File "/home/z/my-project/benchmark/harness/run_stream.py", line 162, in main
    scores.append(run_task(cat, tid, tdir))
                  ^^^^^^^^^^^^^^^^^^^^^^^^
  File "/home/z/my-project/benchmark/harness/run_stream.py", line 74, in run_task
    with open(os.path.join(trace, "prompt1.txt"), "w") as f:
         ^^^^^^^^^^^^^^^^^^^^^^^^^^^^^^^^^^^^^^^^^^^^^
FileNotFoundError: [Errno 2] No such file or directory: '/home/z/my-project/benchmark/traces/openhands/c06_git_engineering/c06t04_conflict/prompt1.txt'

[2026-10-04T10:32:13] FATAL c06t05_rebase: [Errno 2] No such file or directory: '/home/z/my-project/benchmark/traces/openhands/c06_git_engineering/c06t05_rebase/prompt1.txt'
Traceback (most recent call last):
  File "/home/z/my-project/benchmark/harness/run_stream.py", line 162, in main
    scores.append(run_task(cat, tid, tdir))
                  ^^^^^^^^^^^^^^^^^^^^^^^^
  File "/home/z/my-project/benchmark/harness/run_stream.py", line 74, in run_task
    with open(os.path.join(trace, "prompt1.txt"), "w") as f:
         ^^^^^^^^^^^^^^^^^^^^^^^^^^^^^^^^^^^^^^^^^^^^^
FileNotFoundError: [Errno 2] No such file or directory: '/home/z/my-project/benchmark/traces/openhands/c06_git_engineering/c06t05_rebase/prompt1.txt'

[2026-10-04T10:32:13] FATAL c07t01_todo_cli: [Errno 2] No such file or directory: '/home/z/my-project/benchmark/traces/openhands/c07_long_horizon/c07t01_todo_cli/prompt1.txt'
Traceback (most recent call last):
  File "/home/z/my-project/benchmark/harness/run_stream.py", line 162, in main
    scores.append(run_task(cat, tid, tdir))
                  ^^^^^^^^^^^^^^^^^^^^^^^^
  File "/home/z/my-project/benchmark/harness/run_stream.py", line 74, in run_task
    with open(os.path.join(trace, "prompt1.txt"), "w") as f:
         ^^^^^^^^^^^^^^^^^^^^^^^^^^^^^^^^^^^^^^^^^^^^^
FileNotFoundError: [Errno 2] No such file or directory: '/home/z/my-project/benchmark/traces/openhands/c07_long_horizon/c07t01_todo_cli/prompt1.txt'

[2026-10-04T10:32:13] FATAL c07t02_site_generator: [Errno 2] No such file or directory: '/home/z/my-project/benchmark/traces/openhands/c07_long_horizon/c07t02_site_generator/prompt1.txt'
Traceback (most recent call last):
  File "/home/z/my-project/benchmark/harness/run_stream.py", line 162, in main
    scores.append(run_task(cat, tid, tdir))
                  ^^^^^^^^^^^^^^^^^^^^^^^^
  File "/home/z/my-project/benchmark/harness/run_stream.py", line 74, in run_task
    with open(os.path.join(trace, "prompt1.txt"), "w") as f:
         ^^^^^^^^^^^^^^^^^^^^^^^^^^^^^^^^^^^^^^^^^^^^^
FileNotFoundError: [Errno 2] No such file or directory: '/home/z/my-project/benchmark/traces/openhands/c07_long_horizon/c07t02_site_generator/prompt1.txt'

[2026-10-04T10:32:13] FATAL c07t03_http_client: [Errno 2] No such file or directory: '/home/z/my-project/benchmark/traces/openhands/c07_long_horizon/c07t03_http_client/prompt1.txt'
Traceback (most recent call last):
  File "/home/z/my-project/benchmark/harness/run_stream.py", line 162, in main
    scores.append(run_task(cat, tid, tdir))
                  ^^^^^^^^^^^^^^^^^^^^^^^^
  File "/home/z/my-project/benchmark/harness/run_stream.py", line 74, in run_task
    with open(os.path.join(trace, "prompt1.txt"), "w") as f:
         ^^^^^^^^^^^^^^^^^^^^^^^^^^^^^^^^^^^^^^^^^^^^^
FileNotFoundError: [Errno 2] No such file or directory: '/home/z/my-project/benchmark/traces/openhands/c07_long_horizon/c07t03_http_client/prompt1.txt'

[2026-10-04T10:32:13] FATAL c07t04_repo_maintenance: [Errno 2] No such file or directory: '/home/z/my-project/benchmark/traces/openhands/c07_long_horizon/c07t04_repo_maintenance/prompt1.txt'
Traceback (most recent call last):
  File "/home/z/my-project/benchmark/harness/run_stream.py", line 162, in main
    scores.append(run_task(cat, tid, tdir))
                  ^^^^^^^^^^^^^^^^^^^^^^^^
  File "/home/z/my-project/benchmark/harness/run_stream.py", line 74, in run_task
    with open(os.path.join(trace, "prompt1.txt"), "w") as f:
         ^^^^^^^^^^^^^^^^^^^^^^^^^^^^^^^^^^^^^^^^^^^^^
FileNotFoundError: [Errno 2] No such file or directory: '/home/z/my-project/benchmark/traces/openhands/c07_long_horizon/c07t04_repo_maintenance/prompt1.txt'

[2026-10-04T10:32:13] FATAL c07t05_data_pipeline: [Errno 2] No such file or directory: '/home/z/my-project/benchmark/traces/openhands/c07_long_horizon/c07t05_data_pipeline/prompt1.txt'
Traceback (most recent call last):
  File "/home/z/my-project/benchmark/harness/run_stream.py", line 162, in main
    scores.append(run_task(cat, tid, tdir))
                  ^^^^^^^^^^^^^^^^^^^^^^^^
  File "/home/z/my-project/benchmark/harness/run_stream.py", line 74, in run_task
    with open(os.path.join(trace, "prompt1.txt"), "w") as f:
         ^^^^^^^^^^^^^^^^^^^^^^^^^^^^^^^^^^^^^^^^^^^^^
FileNotFoundError: [Errno 2] No such file or directory: '/home/z/my-project/benchmark/traces/openhands/c07_long_horizon/c07t05_data_pipeline/prompt1.txt'

[2026-10-04T10:32:13] FATAL c08t01_config_facts: [Errno 2] No such file or directory: '/home/z/my-project/benchmark/traces/openhands/c08_memory/c08t01_config_facts/prompt1.txt'
Traceback (most recent call last):
  File "/home/z/my-project/benchmark/harness/run_stream.py", line 162, in main
    scores.append(run_task(cat, tid, tdir))
                  ^^^^^^^^^^^^^^^^^^^^^^^^
  File "/home/z/my-project/benchmark/harness/run_stream.py", line 74, in run_task
    with open(os.path.join(trace, "prompt1.txt"), "w") as f:
         ^^^^^^^^^^^^^^^^^^^^^^^^^^^^^^^^^^^^^^^^^^^^^
FileNotFoundError: [Errno 2] No such file or directory: '/home/z/my-project/benchmark/traces/openhands/c08_memory/c08t01_config_facts/prompt1.txt'

[2026-10-04T10:32:13] FATAL c08t02_long_spec: [Errno 2] No such file or directory: '/home/z/my-project/benchmark/traces/openhands/c08_memory/c08t02_long_spec/prompt1.txt'
Traceback (most recent call last):
  File "/home/z/my-project/benchmark/harness/run_stream.py", line 162, in main
    scores.append(run_task(cat, tid, tdir))
                  ^^^^^^^^^^^^^^^^^^^^^^^^
  File "/home/z/my-project/benchmark/harness/run_stream.py", line 74, in run_task
    with open(os.path.join(trace, "prompt1.txt"), "w") as f:
         ^^^^^^^^^^^^^^^^^^^^^^^^^^^^^^^^^^^^^^^^^^^^^
FileNotFoundError: [Errno 2] No such file or directory: '/home/z/my-project/benchmark/traces/openhands/c08_memory/c08t02_long_spec/prompt1.txt'

[2026-10-04T10:32:13] FATAL c08t03_resume_reuse: [Errno 2] No such file or directory: '/home/z/my-project/benchmark/traces/openhands/c08_memory/c08t03_resume_reuse/prompt1.txt'
Traceback (most recent call last):
  File "/home/z/my-project/benchmark/harness/run_stream.py", line 162, in main
    scores.append(run_task(cat, tid, tdir))
                  ^^^^^^^^^^^^^^^^^^^^^^^^
  File "/home/z/my-project/benchmark/harness/run_stream.py", line 74, in run_task
    with open(os.path.join(trace, "prompt1.txt"), "w") as f:
         ^^^^^^^^^^^^^^^^^^^^^^^^^^^^^^^^^^^^^^^^^^^^^
FileNotFoundError: [Errno 2] No such file or directory: '/home/z/my-project/benchmark/traces/openhands/c08_memory/c08t03_resume_reuse/prompt1.txt'

[2026-10-04T10:32:13] FATAL c08t04_memory_file: [Errno 2] No such file or directory: '/home/z/my-project/benchmark/traces/openhands/c08_memory/c08t04_memory_file/prompt1.txt'
Traceback (most recent call last):
  File "/home/z/my-project/benchmark/harness/run_stream.py", line 162, in main
    scores.append(run_task(cat, tid, tdir))
                  ^^^^^^^^^^^^^^^^^^^^^^^^
  File "/home/z/my-project/benchmark/harness/run_stream.py", line 74, in run_task
    with open(os.path.join(trace, "prompt1.txt"), "w") as f:
         ^^^^^^^^^^^^^^^^^^^^^^^^^^^^^^^^^^^^^^^^^^^^^
FileNotFoundError: [Errno 2] No such file or directory: '/home/z/my-project/benchmark/traces/openhands/c08_memory/c08t04_memory_file/prompt1.txt'

[2026-10-04T10:32:13] FATAL c08t05_arch_decision: [Errno 2] No such file or directory: '/home/z/my-project/benchmark/traces/openhands/c08_memory/c08t05_arch_decision/prompt1.txt'
Traceback (most recent call last):
  File "/home/z/my-project/benchmark/harness/run_stream.py", line 162, in main
    scores.append(run_task(cat, tid, tdir))
                  ^^^^^^^^^^^^^^^^^^^^^^^^
  File "/home/z/my-project/benchmark/harness/run_stream.py", line 74, in run_task
    with open(os.path.join(trace, "prompt1.txt"), "w") as f:
         ^^^^^^^^^^^^^^^^^^^^^^^^^^^^^^^^^^^^^^^^^^^^^
FileNotFoundError: [Errno 2] No such file or directory: '/home/z/my-project/benchmark/traces/openhands/c08_memory/c08t05_arch_decision/prompt1.txt'

[2026-10-04T10:32:13] FATAL c09t01_three_modules: [Errno 2] No such file or directory: '/home/z/my-project/benchmark/traces/openhands/c09_multi_agent/c09t01_three_modules/prompt1.txt'
Traceback (most recent call last):
  File "/home/z/my-project/benchmark/harness/run_stream.py", line 162, in main
    scores.append(run_task(cat, tid, tdir))
                  ^^^^^^^^^^^^^^^^^^^^^^^^
  File "/home/z/my-project/benchmark/harness/run_stream.py", line 74, in run_task
    with open(os.path.join(trace, "prompt1.txt"), "w") as f:
         ^^^^^^^^^^^^^^^^^^^^^^^^^^^^^^^^^^^^^^^^^^^^^
FileNotFoundError: [Errno 2] No such file or directory: '/home/z/my-project/benchmark/traces/openhands/c09_multi_agent/c09t01_three_modules/prompt1.txt'

[2026-10-04T10:32:13] FATAL c09t02_service_contract: [Errno 2] No such file or directory: '/home/z/my-project/benchmark/traces/openhands/c09_multi_agent/c09t02_service_contract/prompt1.txt'
Traceback (most recent call last):
  File "/home/z/my-project/benchmark/harness/run_stream.py", line 162, in main
    scores.append(run_task(cat, tid, tdir))
                  ^^^^^^^^^^^^^^^^^^^^^^^^
  File "/home/z/my-project/benchmark/harness/run_stream.py", line 74, in run_task
    with open(os.path.join(trace, "prompt1.txt"), "w") as f:
         ^^^^^^^^^^^^^^^^^^^^^^^^^^^^^^^^^^^^^^^^^^^^^
FileNotFoundError: [Errno 2] No such file or directory: '/home/z/my-project/benchmark/traces/openhands/c09_multi_agent/c09t02_service_contract/prompt1.txt'

[2026-10-04T10:32:13] FATAL c09t03_code_docs_match: [Errno 2] No such file or directory: '/home/z/my-project/benchmark/traces/openhands/c09_multi_agent/c09t03_code_docs_match/prompt1.txt'
Traceback (most recent call last):
  File "/home/z/my-project/benchmark/harness/run_stream.py", line 162, in main
    scores.append(run_task(cat, tid, tdir))
                  ^^^^^^^^^^^^^^^^^^^^^^^^
  File "/home/z/my-project/benchmark/harness/run_stream.py", line 74, in run_task
    with open(os.path.join(trace, "prompt1.txt"), "w") as f:
         ^^^^^^^^^^^^^^^^^^^^^^^^^^^^^^^^^^^^^^^^^^^^^
FileNotFoundError: [Errno 2] No such file or directory: '/home/z/my-project/benchmark/traces/openhands/c09_multi_agent/c09t03_code_docs_match/prompt1.txt'

[2026-10-04T10:32:13] FATAL c09t04_transforms: [Errno 2] No such file or directory: '/home/z/my-project/benchmark/traces/openhands/c09_multi_agent/c09t04_transforms/prompt1.txt'
Traceback (most recent call last):
  File "/home/z/my-project/benchmark/harness/run_stream.py", line 162, in main
    scores.append(run_task(cat, tid, tdir))
                  ^^^^^^^^^^^^^^^^^^^^^^^^
  File "/home/z/my-project/benchmark/harness/run_stream.py", line 74, in run_task
    with open(os.path.join(trace, "prompt1.txt"), "w") as f:
         ^^^^^^^^^^^^^^^^^^^^^^^^^^^^^^^^^^^^^^^^^^^^^
FileNotFoundError: [Errno 2] No such file or directory: '/home/z/my-project/benchmark/traces/openhands/c09_multi_agent/c09t04_transforms/prompt1.txt'

[2026-10-04T10:32:13] FATAL c09t05_tdd: [Errno 2] No such file or directory: '/home/z/my-project/benchmark/traces/openhands/c09_multi_agent/c09t05_tdd/prompt1.txt'
Traceback (most recent call last):
  File "/home/z/my-project/benchmark/harness/run_stream.py", line 162, in main
    scores.append(run_task(cat, tid, tdir))
                  ^^^^^^^^^^^^^^^^^^^^^^^^
  File "/home/z/my-project/benchmark/harness/run_stream.py", line 74, in run_task
    with open(os.path.join(trace, "prompt1.txt"), "w") as f:
         ^^^^^^^^^^^^^^^^^^^^^^^^^^^^^^^^^^^^^^^^^^^^^
FileNotFoundError: [Errno 2] No such file or directory: '/home/z/my-project/benchmark/traces/openhands/c09_multi_agent/c09t05_tdd/prompt1.txt'

[2026-10-04T10:32:13] FATAL c10t01_url_shortener: [Errno 2] No such file or directory: '/home/z/my-project/benchmark/traces/openhands/c10_e2e/c10t01_url_shortener/prompt1.txt'
Traceback (most recent call last):
  File "/home/z/my-project/benchmark/harness/run_stream.py", line 162, in main
    scores.append(run_task(cat, tid, tdir))
                  ^^^^^^^^^^^^^^^^^^^^^^^^
  File "/home/z/my-project/benchmark/harness/run_stream.py", line 74, in run_task
    with open(os.path.join(trace, "prompt1.txt"), "w") as f:
         ^^^^^^^^^^^^^^^^^^^^^^^^^^^^^^^^^^^^^^^^^^^^^
FileNotFoundError: [Errno 2] No such file or directory: '/home/z/my-project/benchmark/traces/openhands/c10_e2e/c10t01_url_shortener/prompt1.txt'

[2026-10-04T10:32:13] FATAL c10t02_md_tasks: [Errno 2] No such file or directory: '/home/z/my-project/benchmark/traces/openhands/c10_e2e/c10t02_md_tasks/prompt1.txt'
Traceback (most recent call last):
  File "/home/z/my-project/benchmark/harness/run_stream.py", line 162, in main
    scores.append(run_task(cat, tid, tdir))
                  ^^^^^^^^^^^^^^^^^^^^^^^^
  File "/home/z/my-project/benchmark/harness/run_stream.py", line 74, in run_task
    with open(os.path.join(trace, "prompt1.txt"), "w") as f:
         ^^^^^^^^^^^^^^^^^^^^^^^^^^^^^^^^^^^^^^^^^^^^^
FileNotFoundError: [Errno 2] No such file or directory: '/home/z/my-project/benchmark/traces/openhands/c10_e2e/c10t02_md_tasks/prompt1.txt'

[2026-10-04T10:32:13] FATAL c10t03_json_api: [Errno 2] No such file or directory: '/home/z/my-project/benchmark/traces/openhands/c10_e2e/c10t03_json_api/prompt1.txt'
Traceback (most recent call last):
  File "/home/z/my-project/benchmark/harness/run_stream.py", line 162, in main
    scores.append(run_task(cat, tid, tdir))
                  ^^^^^^^^^^^^^^^^^^^^^^^^
  File "/home/z/my-project/benchmark/harness/run_stream.py", line 74, in run_task
    with open(os.path.join(trace, "prompt1.txt"), "w") as f:
         ^^^^^^^^^^^^^^^^^^^^^^^^^^^^^^^^^^^^^^^^^^^^^
FileNotFoundError: [Errno 2] No such file or directory: '/home/z/my-project/benchmark/traces/openhands/c10_e2e/c10t03_json_api/prompt1.txt'

[2026-10-04T10:32:13] FATAL c10t04_report_gen: [Errno 2] No such file or directory: '/home/z/my-project/benchmark/traces/openhands/c10_e2e/c10t04_report_gen/prompt1.txt'
Traceback (most recent call last):
  File "/home/z/my-project/benchmark/harness/run_stream.py", line 162, in main
    scores.append(run_task(cat, tid, tdir))
                  ^^^^^^^^^^^^^^^^^^^^^^^^
  File "/home/z/my-project/benchmark/harness/run_stream.py", line 74, in run_task
    with open(os.path.join(trace, "prompt1.txt"), "w") as f:
         ^^^^^^^^^^^^^^^^^^^^^^^^^^^^^^^^^^^^^^^^^^^^^
FileNotFoundError: [Errno 2] No such file or directory: '/home/z/my-project/benchmark/traces/openhands/c10_e2e/c10t04_report_gen/prompt1.txt'

[2026-10-04T10:32:13] FATAL c10t05_plugin_calc: [Errno 2] No such file or directory: '/home/z/my-project/benchmark/traces/openhands/c10_e2e/c10t05_plugin_calc/prompt1.txt'
Traceback (most recent call last):
  File "/home/z/my-project/benchmark/harness/run_stream.py", line 162, in main
    scores.append(run_task(cat, tid, tdir))
                  ^^^^^^^^^^^^^^^^^^^^^^^^
  File "/home/z/my-project/benchmark/harness/run_stream.py", line 74, in run_task
    with open(os.path.join(trace, "prompt1.txt"), "w") as f:
         ^^^^^^^^^^^^^^^^^^^^^^^^^^^^^^^^^^^^^^^^^^^^^
FileNotFoundError: [Errno 2] No such file or directory: '/home/z/my-project/benchmark/traces/openhands/c10_e2e/c10t05_plugin_calc/prompt1.txt'

[2026-10-04T10:32:13] === stream end agent=openhands subtotal=0/0 ===
[2026-10-04T10:33:50] === stream start agent=openhands tasks=50 ===
[2026-10-04T10:33:50] RUN c01t01_bracket_validator agent=openhands steps=30 timeout=420s turns=1
[2026-10-04T10:34:25] DONE c01t01_bracket_validator score=20/20 passed=True dur=31.9s
[2026-10-04T10:34:25] RUN c01t02_flatten_dict agent=openhands steps=30 timeout=420s turns=1
[2026-10-04T10:39:43] RETRY c01t02_flatten_dict (provider/timeout issue, attempt 1)
[2026-10-04T10:40:52] DONE c01t02_flatten_dict score=20/20 passed=True dur=44.5s
[2026-10-04T10:40:52] RUN c01t03_lru_cache agent=openhands steps=30 timeout=420s turns=1
[2026-10-04T10:41:49] RETRY c01t03_lru_cache (provider/timeout issue, attempt 1)
[2026-10-04T10:43:06] DONE c01t03_lru_cache score=20/20 passed=True dur=53.5s
[2026-10-04T10:43:06] RUN c01t04_csv_parser agent=openhands steps=30 timeout=420s turns=1
[2026-10-04T10:45:01] RETRY c01t04_csv_parser (provider/timeout issue, attempt 1)
[2026-10-04T10:45:50] DONE c01t04_csv_parser score=20/20 passed=True dur=26.6s
[2026-10-04T10:45:50] RUN c01t05_matrix_ops agent=openhands steps=30 timeout=420s turns=1
[2026-10-04T10:47:05] RETRY c01t05_matrix_ops (provider/timeout issue, attempt 1)
[2026-10-04T10:48:43] DONE c01t05_matrix_ops score=20/20 passed=True dur=75.2s
[2026-10-04T10:48:43] RUN c02t01_binary_search agent=openhands steps=30 timeout=420s turns=1
[2026-10-04T10:49:36] RETRY c02t01_binary_search (provider/timeout issue, attempt 1)
[2026-10-04T10:53:56] DONE c02t01_binary_search score=20/20 passed=True dur=233.0s
[2026-10-04T10:53:56] RUN c02t02_mutable_defaults agent=openhands steps=30 timeout=420s turns=1
[2026-10-04T10:54:22] DONE c02t02_mutable_defaults score=20/20 passed=True dur=23.2s
[2026-10-04T10:54:22] RUN c02t03_money_floats agent=openhands steps=30 timeout=420s turns=1
[2026-10-04T10:56:46] RETRY c02t03_money_floats (provider/timeout issue, attempt 1)
[2026-10-04T10:58:04] DONE c02t03_money_floats score=20/20 passed=True dur=54.0s
[2026-10-04T10:58:04] RUN c02t04_email_regex agent=openhands steps=30 timeout=420s turns=1
[2026-10-04T10:59:09] DONE c02t04_email_regex score=20/20 passed=True dur=59.4s
[2026-10-04T10:59:09] RUN c02t05_timezone_mix agent=openhands steps=30 timeout=420s turns=1
[2026-10-04T11:00:56] RETRY c02t05_timezone_mix (provider/timeout issue, attempt 1)
[2026-10-04T11:05:00] DONE c02t05_timezone_mix score=20/20 passed=True dur=220.4s
[2026-10-04T11:05:00] RUN c03t01_search agent=openhands steps=30 timeout=420s turns=1
[2026-10-04T11:06:35] RETRY c03t01_search (provider/timeout issue, attempt 1)
[2026-10-04T11:09:17] DONE c03t01_search score=20/20 passed=True dur=137.6s
[2026-10-04T11:09:17] RUN c03t02_remove_stock agent=openhands steps=30 timeout=420s turns=1
[2026-10-04T11:11:51] RETRY c03t02_remove_stock (provider/timeout issue, attempt 1)
[2026-10-04T11:13:38] DONE c03t02_remove_stock score=20/20 passed=True dur=83.4s
[2026-10-04T11:13:38] RUN c03t03_export_csv agent=openhands steps=30 timeout=420s turns=1
[2026-10-04T11:17:22] RETRY c03t03_export_csv (provider/timeout issue, attempt 1)
[2026-10-04T11:19:52] DONE c03t03_export_csv score=20/20 passed=True dur=125.9s
[2026-10-04T11:19:52] RUN c03t04_event_log agent=openhands steps=30 timeout=420s turns=1
[2026-10-04T11:22:42] RETRY c03t04_event_log (provider/timeout issue, attempt 1)
[2026-10-04T11:23:47] DONE c03t04_event_log score=20/20 passed=True dur=39.4s
[2026-10-04T11:23:47] RUN c03t05_discount agent=openhands steps=30 timeout=420s turns=1
[2026-10-04T11:26:48] DONE c03t05_discount score=20/20 passed=True dur=178.5s
[2026-10-04T11:26:48] RUN c04t01_stringutils_qa agent=openhands steps=30 timeout=420s turns=1
[2026-10-04T11:32:56] RETRY c04t01_stringutils_qa (provider/timeout issue, attempt 1)
[2026-10-04T11:40:22] DONE c04t01_stringutils_qa score=14/20 passed=False dur=420s
[2026-10-04T11:40:22] RUN c04t02_stats_qa agent=openhands steps=30 timeout=420s turns=1
[2026-10-04T11:43:43] RETRY c04t02_stats_qa (provider/timeout issue, attempt 1)
[2026-10-04T11:51:08] DONE c04t02_stats_qa score=14/20 passed=False dur=420s
[2026-10-04T11:51:08] RUN c04t03_argparse_qa agent=openhands steps=30 timeout=420s turns=1
[2026-10-04T11:55:43] RETRY c04t03_argparse_qa (provider/timeout issue, attempt 1)
[2026-10-04T11:58:40] DONE c04t03_argparse_qa score=20/20 passed=True dur=152.1s
[2026-10-04T11:58:40] RUN c04t04_jsonutils_qa agent=openhands steps=30 timeout=420s turns=1
[2026-10-04T12:05:20] RETRY c04t04_jsonutils_qa (provider/timeout issue, attempt 1)
[2026-10-04T12:12:45] DONE c04t04_jsonutils_qa score=14/20 passed=False dur=420s
[2026-10-04T12:12:45] RUN c04t05_regression_daterange agent=openhands steps=30 timeout=420s turns=1
[2026-10-04T12:14:44] RETRY c04t05_regression_daterange (provider/timeout issue, attempt 1)
[2026-10-04T12:17:59] DONE c04t05_regression_daterange score=20/20 passed=True dur=168.6s
[2026-10-04T12:17:59] RUN c05t01_dedupe agent=openhands steps=30 timeout=420s turns=1
[2026-10-04T12:19:33] RETRY c05t01_dedupe (provider/timeout issue, attempt 1)
[2026-10-04T12:21:29] DONE c05t01_dedupe score=20/20 passed=True dur=93.0s
[2026-10-04T12:21:29] RUN c05t02_globals_to_class agent=openhands steps=30 timeout=420s turns=1
[2026-10-04T12:24:08] RETRY c05t02_globals_to_class (provider/timeout issue, attempt 1)
[2026-10-04T12:26:36] DONE c05t02_globals_to_class score=20/20 passed=True dur=123.1s
[2026-10-04T12:26:36] RUN c05t03_god_function agent=openhands steps=30 timeout=420s turns=1
[2026-10-04T12:28:53] RETRY c05t03_god_function (provider/timeout issue, attempt 1)
[2026-10-04T12:33:43] DONE c05t03_god_function score=20/20 passed=True dur=267.5s
[2026-10-04T12:33:43] RUN c05t04_naming_docs agent=openhands steps=30 timeout=420s turns=1
[2026-10-04T12:38:47] RETRY c05t04_naming_docs (provider/timeout issue, attempt 1)
[2026-10-04T12:41:41] DONE c05t04_naming_docs score=20/20 passed=True dur=150.7s
[2026-10-04T12:41:41] RUN c05t05_error_handling agent=openhands steps=30 timeout=420s turns=1
[2026-10-04T12:44:00] RETRY c05t05_error_handling (provider/timeout issue, attempt 1)
[2026-10-04T12:45:36] DONE c05t05_error_handling score=20/20 passed=True dur=72.7s
[2026-10-04T12:45:36] RUN c06t01_init_commits agent=openhands steps=30 timeout=420s turns=1
[2026-10-04T12:50:16] RETRY c06t01_init_commits (provider/timeout issue, attempt 1)
[2026-10-04T12:52:24] DONE c06t01_init_commits score=20/20 passed=True dur=106.5s
[2026-10-04T12:52:24] RUN c06t02_branch_fix_merge agent=openhands steps=30 timeout=420s turns=1
[2026-10-04T12:56:10] RETRY c06t02_branch_fix_merge (provider/timeout issue, attempt 1)
[2026-10-04T13:03:33] DONE c06t02_branch_fix_merge score=20/20 passed=True dur=420s
[2026-10-04T13:03:33] RUN c06t03_changelog agent=openhands steps=30 timeout=420s turns=1
[2026-10-04T13:09:57] RETRY c06t03_changelog (provider/timeout issue, attempt 1)
[2026-10-04T13:17:17] DONE c06t03_changelog score=20/20 passed=True dur=420s
[2026-10-04T13:17:17] RUN c06t04_conflict agent=openhands steps=30 timeout=420s turns=1
[2026-10-04T13:21:48] DONE c06t04_conflict score=20/20 passed=True dur=267.4s
[2026-10-04T13:21:48] RUN c06t05_rebase agent=openhands steps=30 timeout=420s turns=1
[2026-10-04T13:24:05] RETRY c06t05_rebase (provider/timeout issue, attempt 1)
[2026-10-04T13:26:03] DONE c06t05_rebase score=17/20 passed=False dur=96.6s
[2026-10-04T13:26:03] RUN c07t01_todo_cli agent=openhands steps=45 timeout=540s turns=1
[2026-10-04T13:30:41] DONE c07t01_todo_cli score=20/20 passed=True dur=276.9s
[2026-10-04T13:30:41] RUN c07t02_site_generator agent=openhands steps=45 timeout=540s turns=1
[2026-10-04T13:33:38] RETRY c07t02_site_generator (provider/timeout issue, attempt 1)
[2026-10-04T13:38:33] DONE c07t02_site_generator score=20/20 passed=True dur=274.0s
[2026-10-04T13:38:33] RUN c07t03_http_client agent=openhands steps=45 timeout=540s turns=1
[2026-10-04T13:47:33] RETRY c07t03_http_client (provider/timeout issue, attempt 1)
[2026-10-04T13:52:54] DONE c07t03_http_client score=20/20 passed=True dur=291.2s
[2026-10-04T13:52:54] RUN c07t04_repo_maintenance agent=openhands steps=45 timeout=540s turns=1
[2026-10-04T13:57:16] DONE c07t04_repo_maintenance score=20/20 passed=True dur=257.8s
[2026-10-04T13:57:16] RUN c07t05_data_pipeline agent=openhands steps=45 timeout=540s turns=1
[2026-10-04T13:59:46] DONE c07t05_data_pipeline score=16/20 passed=False dur=149.6s
[2026-10-04T13:59:46] RUN c08t01_config_facts agent=openhands steps=25 timeout=330s turns=2
[2026-10-04T14:00:14] RETRY c08t01_config_facts (provider/timeout issue, attempt 1)
[2026-10-04T14:02:16] DONE c08t01_config_facts score=20/20 passed=True dur=101.5s
[2026-10-04T14:02:16] RUN c08t02_long_spec agent=openhands steps=25 timeout=330s turns=2
[2026-10-04T14:06:44] RETRY c08t02_long_spec (provider/timeout issue, attempt 1)
[2026-10-04T14:08:37] DONE c08t02_long_spec score=20/20 passed=True dur=89.0s
[2026-10-04T14:08:37] RUN c08t03_resume_reuse agent=openhands steps=25 timeout=330s turns=2
[2026-10-04T14:09:44] DONE c08t03_resume_reuse score=20/20 passed=True dur=63.5s
[2026-10-04T14:09:44] RUN c08t04_memory_file agent=openhands steps=25 timeout=330s turns=2
[2026-10-04T14:13:23] RETRY c08t04_memory_file (provider/timeout issue, attempt 1)
[2026-10-04T14:17:00] DONE c08t04_memory_file score=20/20 passed=True dur=196.0s
[2026-10-04T14:17:00] RUN c08t05_arch_decision agent=openhands steps=25 timeout=330s turns=2
[2026-10-04T14:17:33] DONE c08t05_arch_decision score=20/20 passed=True dur=30.0s
[2026-10-04T14:17:33] RUN c09t01_three_modules agent=openhands steps=30 timeout=420s turns=1
[2026-10-04T14:24:33] RETRY c09t01_three_modules (provider/timeout issue, attempt 1)
[2026-10-04T14:31:48] DONE c09t01_three_modules score=6/20 passed=False dur=411.5s
[2026-10-04T14:31:48] RUN c09t02_service_contract agent=openhands steps=30 timeout=420s turns=1
[2026-10-04T14:33:36] DONE c09t02_service_contract score=20/20 passed=True dur=104.0s
[2026-10-04T14:33:36] RUN c09t03_code_docs_match agent=openhands steps=30 timeout=420s turns=1
[2026-10-04T14:34:54] DONE c09t03_code_docs_match score=16/20 passed=False dur=75.1s
[2026-10-04T14:34:54] RUN c09t04_transforms agent=openhands steps=30 timeout=420s turns=1
[2026-10-04T14:36:01] RETRY c09t04_transforms (provider/timeout issue, attempt 1)
[2026-10-04T14:37:51] DONE c09t04_transforms score=20/20 passed=True dur=86.0s
[2026-10-04T14:37:51] RUN c09t05_tdd agent=openhands steps=30 timeout=420s turns=1
[2026-10-04T14:42:05] RETRY c09t05_tdd (provider/timeout issue, attempt 1)
[2026-10-04T14:45:13] DONE c09t05_tdd score=20/20 passed=True dur=162.2s
[2026-10-04T14:45:13] RUN c10t01_url_shortener agent=openhands steps=45 timeout=540s turns=1
[2026-10-04T14:48:03] RETRY c10t01_url_shortener (provider/timeout issue, attempt 1)
[2026-10-04T14:50:27] DONE c10t01_url_shortener score=20/20 passed=True dur=120.7s
[2026-10-04T14:50:27] RUN c10t02_md_tasks agent=openhands steps=45 timeout=540s turns=1
[2026-10-04T14:53:06] RETRY c10t02_md_tasks (provider/timeout issue, attempt 1)
[2026-10-04T14:55:57] DONE c10t02_md_tasks score=20/20 passed=True dur=149.4s
[2026-10-04T14:55:57] RUN c10t03_json_api agent=openhands steps=45 timeout=540s turns=1
[2026-10-04T15:04:57] RETRY c10t03_json_api (provider/timeout issue, attempt 1)
[2026-10-04T15:06:20] DONE c10t03_json_api score=20/20 passed=True dur=60.2s
[2026-10-04T15:06:20] RUN c10t04_report_gen agent=openhands steps=45 timeout=540s turns=1
[2026-10-04T15:07:59] DONE c10t04_report_gen score=20/20 passed=True dur=97.6s
[2026-10-04T15:07:59] RUN c10t05_plugin_calc agent=openhands steps=45 timeout=540s turns=1
[2026-10-04T15:13:28] RETRY c10t05_plugin_calc (provider/timeout issue, attempt 1)
[2026-10-04T15:15:34] DONE c10t05_plugin_calc score=20/20 passed=True dur=102.5s
[2026-10-04T15:15:34] === stream end agent=openhands subtotal=957/1000 ===
