[2026-10-04T10:32:13] === stream start agent=shs-code tasks=50 ===
[2026-10-04T10:32:13] FATAL c01t01_bracket_validator: [Errno 2] No such file or directory: '/home/z/my-project/benchmark/traces/shs-code/c01_code_generation/c01t01_bracket_validator/prompt1.txt'
Traceback (most recent call last):
  File "/home/z/my-project/benchmark/harness/run_stream.py", line 162, in main
    scores.append(run_task(cat, tid, tdir))
                  ^^^^^^^^^^^^^^^^^^^^^^^^
  File "/home/z/my-project/benchmark/harness/run_stream.py", line 74, in run_task
    with open(os.path.join(trace, "prompt1.txt"), "w") as f:
         ^^^^^^^^^^^^^^^^^^^^^^^^^^^^^^^^^^^^^^^^^^^^^
FileNotFoundError: [Errno 2] No such file or directory: '/home/z/my-project/benchmark/traces/shs-code/c01_code_generation/c01t01_bracket_validator/prompt1.txt'

[2026-10-04T10:32:13] FATAL c01t02_flatten_dict: [Errno 2] No such file or directory: '/home/z/my-project/benchmark/traces/shs-code/c01_code_generation/c01t02_flatten_dict/prompt1.txt'
Traceback (most recent call last):
  File "/home/z/my-project/benchmark/harness/run_stream.py", line 162, in main
    scores.append(run_task(cat, tid, tdir))
                  ^^^^^^^^^^^^^^^^^^^^^^^^
  File "/home/z/my-project/benchmark/harness/run_stream.py", line 74, in run_task
    with open(os.path.join(trace, "prompt1.txt"), "w") as f:
         ^^^^^^^^^^^^^^^^^^^^^^^^^^^^^^^^^^^^^^^^^^^^^
FileNotFoundError: [Errno 2] No such file or directory: '/home/z/my-project/benchmark/traces/shs-code/c01_code_generation/c01t02_flatten_dict/prompt1.txt'

[2026-10-04T10:32:13] FATAL c01t03_lru_cache: [Errno 2] No such file or directory: '/home/z/my-project/benchmark/traces/shs-code/c01_code_generation/c01t03_lru_cache/prompt1.txt'
Traceback (most recent call last):
  File "/home/z/my-project/benchmark/harness/run_stream.py", line 162, in main
    scores.append(run_task(cat, tid, tdir))
                  ^^^^^^^^^^^^^^^^^^^^^^^^
  File "/home/z/my-project/benchmark/harness/run_stream.py", line 74, in run_task
    with open(os.path.join(trace, "prompt1.txt"), "w") as f:
         ^^^^^^^^^^^^^^^^^^^^^^^^^^^^^^^^^^^^^^^^^^^^^
FileNotFoundError: [Errno 2] No such file or directory: '/home/z/my-project/benchmark/traces/shs-code/c01_code_generation/c01t03_lru_cache/prompt1.txt'

[2026-10-04T10:32:13] FATAL c01t04_csv_parser: [Errno 2] No such file or directory: '/home/z/my-project/benchmark/traces/shs-code/c01_code_generation/c01t04_csv_parser/prompt1.txt'
Traceback (most recent call last):
  File "/home/z/my-project/benchmark/harness/run_stream.py", line 162, in main
    scores.append(run_task(cat, tid, tdir))
                  ^^^^^^^^^^^^^^^^^^^^^^^^
  File "/home/z/my-project/benchmark/harness/run_stream.py", line 74, in run_task
    with open(os.path.join(trace, "prompt1.txt"), "w") as f:
         ^^^^^^^^^^^^^^^^^^^^^^^^^^^^^^^^^^^^^^^^^^^^^
FileNotFoundError: [Errno 2] No such file or directory: '/home/z/my-project/benchmark/traces/shs-code/c01_code_generation/c01t04_csv_parser/prompt1.txt'

[2026-10-04T10:32:13] FATAL c01t05_matrix_ops: [Errno 2] No such file or directory: '/home/z/my-project/benchmark/traces/shs-code/c01_code_generation/c01t05_matrix_ops/prompt1.txt'
Traceback (most recent call last):
  File "/home/z/my-project/benchmark/harness/run_stream.py", line 162, in main
    scores.append(run_task(cat, tid, tdir))
                  ^^^^^^^^^^^^^^^^^^^^^^^^
  File "/home/z/my-project/benchmark/harness/run_stream.py", line 74, in run_task
    with open(os.path.join(trace, "prompt1.txt"), "w") as f:
         ^^^^^^^^^^^^^^^^^^^^^^^^^^^^^^^^^^^^^^^^^^^^^
FileNotFoundError: [Errno 2] No such file or directory: '/home/z/my-project/benchmark/traces/shs-code/c01_code_generation/c01t05_matrix_ops/prompt1.txt'

[2026-10-04T10:32:13] FATAL c02t01_binary_search: [Errno 2] No such file or directory: '/home/z/my-project/benchmark/traces/shs-code/c02_debugging/c02t01_binary_search/prompt1.txt'
Traceback (most recent call last):
  File "/home/z/my-project/benchmark/harness/run_stream.py", line 162, in main
    scores.append(run_task(cat, tid, tdir))
                  ^^^^^^^^^^^^^^^^^^^^^^^^
  File "/home/z/my-project/benchmark/harness/run_stream.py", line 74, in run_task
    with open(os.path.join(trace, "prompt1.txt"), "w") as f:
         ^^^^^^^^^^^^^^^^^^^^^^^^^^^^^^^^^^^^^^^^^^^^^
FileNotFoundError: [Errno 2] No such file or directory: '/home/z/my-project/benchmark/traces/shs-code/c02_debugging/c02t01_binary_search/prompt1.txt'

[2026-10-04T10:32:13] FATAL c02t02_mutable_defaults: [Errno 2] No such file or directory: '/home/z/my-project/benchmark/traces/shs-code/c02_debugging/c02t02_mutable_defaults/prompt1.txt'
Traceback (most recent call last):
  File "/home/z/my-project/benchmark/harness/run_stream.py", line 162, in main
    scores.append(run_task(cat, tid, tdir))
                  ^^^^^^^^^^^^^^^^^^^^^^^^
  File "/home/z/my-project/benchmark/harness/run_stream.py", line 74, in run_task
    with open(os.path.join(trace, "prompt1.txt"), "w") as f:
         ^^^^^^^^^^^^^^^^^^^^^^^^^^^^^^^^^^^^^^^^^^^^^
FileNotFoundError: [Errno 2] No such file or directory: '/home/z/my-project/benchmark/traces/shs-code/c02_debugging/c02t02_mutable_defaults/prompt1.txt'

[2026-10-04T10:32:13] FATAL c02t03_money_floats: [Errno 2] No such file or directory: '/home/z/my-project/benchmark/traces/shs-code/c02_debugging/c02t03_money_floats/prompt1.txt'
Traceback (most recent call last):
  File "/home/z/my-project/benchmark/harness/run_stream.py", line 162, in main
    scores.append(run_task(cat, tid, tdir))
                  ^^^^^^^^^^^^^^^^^^^^^^^^
  File "/home/z/my-project/benchmark/harness/run_stream.py", line 74, in run_task
    with open(os.path.join(trace, "prompt1.txt"), "w") as f:
         ^^^^^^^^^^^^^^^^^^^^^^^^^^^^^^^^^^^^^^^^^^^^^
FileNotFoundError: [Errno 2] No such file or directory: '/home/z/my-project/benchmark/traces/shs-code/c02_debugging/c02t03_money_floats/prompt1.txt'

[2026-10-04T10:32:13] FATAL c02t04_email_regex: [Errno 2] No such file or directory: '/home/z/my-project/benchmark/traces/shs-code/c02_debugging/c02t04_email_regex/prompt1.txt'
Traceback (most recent call last):
  File "/home/z/my-project/benchmark/harness/run_stream.py", line 162, in main
    scores.append(run_task(cat, tid, tdir))
                  ^^^^^^^^^^^^^^^^^^^^^^^^
  File "/home/z/my-project/benchmark/harness/run_stream.py", line 74, in run_task
    with open(os.path.join(trace, "prompt1.txt"), "w") as f:
         ^^^^^^^^^^^^^^^^^^^^^^^^^^^^^^^^^^^^^^^^^^^^^
FileNotFoundError: [Errno 2] No such file or directory: '/home/z/my-project/benchmark/traces/shs-code/c02_debugging/c02t04_email_regex/prompt1.txt'

[2026-10-04T10:32:13] FATAL c02t05_timezone_mix: [Errno 2] No such file or directory: '/home/z/my-project/benchmark/traces/shs-code/c02_debugging/c02t05_timezone_mix/prompt1.txt'
Traceback (most recent call last):
  File "/home/z/my-project/benchmark/harness/run_stream.py", line 162, in main
    scores.append(run_task(cat, tid, tdir))
                  ^^^^^^^^^^^^^^^^^^^^^^^^
  File "/home/z/my-project/benchmark/harness/run_stream.py", line 74, in run_task
    with open(os.path.join(trace, "prompt1.txt"), "w") as f:
         ^^^^^^^^^^^^^^^^^^^^^^^^^^^^^^^^^^^^^^^^^^^^^
FileNotFoundError: [Errno 2] No such file or directory: '/home/z/my-project/benchmark/traces/shs-code/c02_debugging/c02t05_timezone_mix/prompt1.txt'

[2026-10-04T10:32:13] FATAL c03t01_search: [Errno 2] No such file or directory: '/home/z/my-project/benchmark/traces/shs-code/c03_feature/c03t01_search/prompt1.txt'
Traceback (most recent call last):
  File "/home/z/my-project/benchmark/harness/run_stream.py", line 162, in main
    scores.append(run_task(cat, tid, tdir))
                  ^^^^^^^^^^^^^^^^^^^^^^^^
  File "/home/z/my-project/benchmark/harness/run_stream.py", line 74, in run_task
    with open(os.path.join(trace, "prompt1.txt"), "w") as f:
         ^^^^^^^^^^^^^^^^^^^^^^^^^^^^^^^^^^^^^^^^^^^^^
FileNotFoundError: [Errno 2] No such file or directory: '/home/z/my-project/benchmark/traces/shs-code/c03_feature/c03t01_search/prompt1.txt'

[2026-10-04T10:32:13] FATAL c03t02_remove_stock: [Errno 2] No such file or directory: '/home/z/my-project/benchmark/traces/shs-code/c03_feature/c03t02_remove_stock/prompt1.txt'
Traceback (most recent call last):
  File "/home/z/my-project/benchmark/harness/run_stream.py", line 162, in main
    scores.append(run_task(cat, tid, tdir))
                  ^^^^^^^^^^^^^^^^^^^^^^^^
  File "/home/z/my-project/benchmark/harness/run_stream.py", line 74, in run_task
    with open(os.path.join(trace, "prompt1.txt"), "w") as f:
         ^^^^^^^^^^^^^^^^^^^^^^^^^^^^^^^^^^^^^^^^^^^^^
FileNotFoundError: [Errno 2] No such file or directory: '/home/z/my-project/benchmark/traces/shs-code/c03_feature/c03t02_remove_stock/prompt1.txt'

[2026-10-04T10:32:13] FATAL c03t03_export_csv: [Errno 2] No such file or directory: '/home/z/my-project/benchmark/traces/shs-code/c03_feature/c03t03_export_csv/prompt1.txt'
Traceback (most recent call last):
  File "/home/z/my-project/benchmark/harness/run_stream.py", line 162, in main
    scores.append(run_task(cat, tid, tdir))
                  ^^^^^^^^^^^^^^^^^^^^^^^^
  File "/home/z/my-project/benchmark/harness/run_stream.py", line 74, in run_task
    with open(os.path.join(trace, "prompt1.txt"), "w") as f:
         ^^^^^^^^^^^^^^^^^^^^^^^^^^^^^^^^^^^^^^^^^^^^^
FileNotFoundError: [Errno 2] No such file or directory: '/home/z/my-project/benchmark/traces/shs-code/c03_feature/c03t03_export_csv/prompt1.txt'

[2026-10-04T10:32:13] FATAL c03t04_event_log: [Errno 2] No such file or directory: '/home/z/my-project/benchmark/traces/shs-code/c03_feature/c03t04_event_log/prompt1.txt'
Traceback (most recent call last):
  File "/home/z/my-project/benchmark/harness/run_stream.py", line 162, in main
    scores.append(run_task(cat, tid, tdir))
                  ^^^^^^^^^^^^^^^^^^^^^^^^
  File "/home/z/my-project/benchmark/harness/run_stream.py", line 74, in run_task
    with open(os.path.join(trace, "prompt1.txt"), "w") as f:
         ^^^^^^^^^^^^^^^^^^^^^^^^^^^^^^^^^^^^^^^^^^^^^
FileNotFoundError: [Errno 2] No such file or directory: '/home/z/my-project/benchmark/traces/shs-code/c03_feature/c03t04_event_log/prompt1.txt'

[2026-10-04T10:32:13] FATAL c03t05_discount: [Errno 2] No such file or directory: '/home/z/my-project/benchmark/traces/shs-code/c03_feature/c03t05_discount/prompt1.txt'
Traceback (most recent call last):
  File "/home/z/my-project/benchmark/harness/run_stream.py", line 162, in main
    scores.append(run_task(cat, tid, tdir))
                  ^^^^^^^^^^^^^^^^^^^^^^^^
  File "/home/z/my-project/benchmark/harness/run_stream.py", line 74, in run_task
    with open(os.path.join(trace, "prompt1.txt"), "w") as f:
         ^^^^^^^^^^^^^^^^^^^^^^^^^^^^^^^^^^^^^^^^^^^^^
FileNotFoundError: [Errno 2] No such file or directory: '/home/z/my-project/benchmark/traces/shs-code/c03_feature/c03t05_discount/prompt1.txt'

[2026-10-04T10:32:13] FATAL c04t01_stringutils_qa: [Errno 2] No such file or directory: '/home/z/my-project/benchmark/traces/shs-code/c04_testing_qa/c04t01_stringutils_qa/prompt1.txt'
Traceback (most recent call last):
  File "/home/z/my-project/benchmark/harness/run_stream.py", line 162, in main
    scores.append(run_task(cat, tid, tdir))
                  ^^^^^^^^^^^^^^^^^^^^^^^^
  File "/home/z/my-project/benchmark/harness/run_stream.py", line 74, in run_task
    with open(os.path.join(trace, "prompt1.txt"), "w") as f:
         ^^^^^^^^^^^^^^^^^^^^^^^^^^^^^^^^^^^^^^^^^^^^^
FileNotFoundError: [Errno 2] No such file or directory: '/home/z/my-project/benchmark/traces/shs-code/c04_testing_qa/c04t01_stringutils_qa/prompt1.txt'

[2026-10-04T10:32:13] FATAL c04t02_stats_qa: [Errno 2] No such file or directory: '/home/z/my-project/benchmark/traces/shs-code/c04_testing_qa/c04t02_stats_qa/prompt1.txt'
Traceback (most recent call last):
  File "/home/z/my-project/benchmark/harness/run_stream.py", line 162, in main
    scores.append(run_task(cat, tid, tdir))
                  ^^^^^^^^^^^^^^^^^^^^^^^^
  File "/home/z/my-project/benchmark/harness/run_stream.py", line 74, in run_task
    with open(os.path.join(trace, "prompt1.txt"), "w") as f:
         ^^^^^^^^^^^^^^^^^^^^^^^^^^^^^^^^^^^^^^^^^^^^^
FileNotFoundError: [Errno 2] No such file or directory: '/home/z/my-project/benchmark/traces/shs-code/c04_testing_qa/c04t02_stats_qa/prompt1.txt'

[2026-10-04T10:32:13] FATAL c04t03_argparse_qa: [Errno 2] No such file or directory: '/home/z/my-project/benchmark/traces/shs-code/c04_testing_qa/c04t03_argparse_qa/prompt1.txt'
Traceback (most recent call last):
  File "/home/z/my-project/benchmark/harness/run_stream.py", line 162, in main
    scores.append(run_task(cat, tid, tdir))
                  ^^^^^^^^^^^^^^^^^^^^^^^^
  File "/home/z/my-project/benchmark/harness/run_stream.py", line 74, in run_task
    with open(os.path.join(trace, "prompt1.txt"), "w") as f:
         ^^^^^^^^^^^^^^^^^^^^^^^^^^^^^^^^^^^^^^^^^^^^^
FileNotFoundError: [Errno 2] No such file or directory: '/home/z/my-project/benchmark/traces/shs-code/c04_testing_qa/c04t03_argparse_qa/prompt1.txt'

[2026-10-04T10:32:13] FATAL c04t04_jsonutils_qa: [Errno 2] No such file or directory: '/home/z/my-project/benchmark/traces/shs-code/c04_testing_qa/c04t04_jsonutils_qa/prompt1.txt'
Traceback (most recent call last):
  File "/home/z/my-project/benchmark/harness/run_stream.py", line 162, in main
    scores.append(run_task(cat, tid, tdir))
                  ^^^^^^^^^^^^^^^^^^^^^^^^
  File "/home/z/my-project/benchmark/harness/run_stream.py", line 74, in run_task
    with open(os.path.join(trace, "prompt1.txt"), "w") as f:
         ^^^^^^^^^^^^^^^^^^^^^^^^^^^^^^^^^^^^^^^^^^^^^
FileNotFoundError: [Errno 2] No such file or directory: '/home/z/my-project/benchmark/traces/shs-code/c04_testing_qa/c04t04_jsonutils_qa/prompt1.txt'

[2026-10-04T10:32:13] FATAL c04t05_regression_daterange: [Errno 2] No such file or directory: '/home/z/my-project/benchmark/traces/shs-code/c04_testing_qa/c04t05_regression_daterange/prompt1.txt'
Traceback (most recent call last):
  File "/home/z/my-project/benchmark/harness/run_stream.py", line 162, in main
    scores.append(run_task(cat, tid, tdir))
                  ^^^^^^^^^^^^^^^^^^^^^^^^
  File "/home/z/my-project/benchmark/harness/run_stream.py", line 74, in run_task
    with open(os.path.join(trace, "prompt1.txt"), "w") as f:
         ^^^^^^^^^^^^^^^^^^^^^^^^^^^^^^^^^^^^^^^^^^^^^
FileNotFoundError: [Errno 2] No such file or directory: '/home/z/my-project/benchmark/traces/shs-code/c04_testing_qa/c04t05_regression_daterange/prompt1.txt'

[2026-10-04T10:32:13] FATAL c05t01_dedupe: [Errno 2] No such file or directory: '/home/z/my-project/benchmark/traces/shs-code/c05_refactoring/c05t01_dedupe/prompt1.txt'
Traceback (most recent call last):
  File "/home/z/my-project/benchmark/harness/run_stream.py", line 162, in main
    scores.append(run_task(cat, tid, tdir))
                  ^^^^^^^^^^^^^^^^^^^^^^^^
  File "/home/z/my-project/benchmark/harness/run_stream.py", line 74, in run_task
    with open(os.path.join(trace, "prompt1.txt"), "w") as f:
         ^^^^^^^^^^^^^^^^^^^^^^^^^^^^^^^^^^^^^^^^^^^^^
FileNotFoundError: [Errno 2] No such file or directory: '/home/z/my-project/benchmark/traces/shs-code/c05_refactoring/c05t01_dedupe/prompt1.txt'

[2026-10-04T10:32:13] FATAL c05t02_globals_to_class: [Errno 2] No such file or directory: '/home/z/my-project/benchmark/traces/shs-code/c05_refactoring/c05t02_globals_to_class/prompt1.txt'
Traceback (most recent call last):
  File "/home/z/my-project/benchmark/harness/run_stream.py", line 162, in main
    scores.append(run_task(cat, tid, tdir))
                  ^^^^^^^^^^^^^^^^^^^^^^^^
  File "/home/z/my-project/benchmark/harness/run_stream.py", line 74, in run_task
    with open(os.path.join(trace, "prompt1.txt"), "w") as f:
         ^^^^^^^^^^^^^^^^^^^^^^^^^^^^^^^^^^^^^^^^^^^^^
FileNotFoundError: [Errno 2] No such file or directory: '/home/z/my-project/benchmark/traces/shs-code/c05_refactoring/c05t02_globals_to_class/prompt1.txt'

[2026-10-04T10:32:13] FATAL c05t03_god_function: [Errno 2] No such file or directory: '/home/z/my-project/benchmark/traces/shs-code/c05_refactoring/c05t03_god_function/prompt1.txt'
Traceback (most recent call last):
  File "/home/z/my-project/benchmark/harness/run_stream.py", line 162, in main
    scores.append(run_task(cat, tid, tdir))
                  ^^^^^^^^^^^^^^^^^^^^^^^^
  File "/home/z/my-project/benchmark/harness/run_stream.py", line 74, in run_task
    with open(os.path.join(trace, "prompt1.txt"), "w") as f:
         ^^^^^^^^^^^^^^^^^^^^^^^^^^^^^^^^^^^^^^^^^^^^^
FileNotFoundError: [Errno 2] No such file or directory: '/home/z/my-project/benchmark/traces/shs-code/c05_refactoring/c05t03_god_function/prompt1.txt'

[2026-10-04T10:32:13] FATAL c05t04_naming_docs: [Errno 2] No such file or directory: '/home/z/my-project/benchmark/traces/shs-code/c05_refactoring/c05t04_naming_docs/prompt1.txt'
Traceback (most recent call last):
  File "/home/z/my-project/benchmark/harness/run_stream.py", line 162, in main
    scores.append(run_task(cat, tid, tdir))
                  ^^^^^^^^^^^^^^^^^^^^^^^^
  File "/home/z/my-project/benchmark/harness/run_stream.py", line 74, in run_task
    with open(os.path.join(trace, "prompt1.txt"), "w") as f:
         ^^^^^^^^^^^^^^^^^^^^^^^^^^^^^^^^^^^^^^^^^^^^^
FileNotFoundError: [Errno 2] No such file or directory: '/home/z/my-project/benchmark/traces/shs-code/c05_refactoring/c05t04_naming_docs/prompt1.txt'

[2026-10-04T10:32:13] FATAL c05t05_error_handling: [Errno 2] No such file or directory: '/home/z/my-project/benchmark/traces/shs-code/c05_refactoring/c05t05_error_handling/prompt1.txt'
Traceback (most recent call last):
  File "/home/z/my-project/benchmark/harness/run_stream.py", line 162, in main
    scores.append(run_task(cat, tid, tdir))
                  ^^^^^^^^^^^^^^^^^^^^^^^^
  File "/home/z/my-project/benchmark/harness/run_stream.py", line 74, in run_task
    with open(os.path.join(trace, "prompt1.txt"), "w") as f:
         ^^^^^^^^^^^^^^^^^^^^^^^^^^^^^^^^^^^^^^^^^^^^^
FileNotFoundError: [Errno 2] No such file or directory: '/home/z/my-project/benchmark/traces/shs-code/c05_refactoring/c05t05_error_handling/prompt1.txt'

[2026-10-04T10:32:13] FATAL c06t01_init_commits: [Errno 2] No such file or directory: '/home/z/my-project/benchmark/traces/shs-code/c06_git_engineering/c06t01_init_commits/prompt1.txt'
Traceback (most recent call last):
  File "/home/z/my-project/benchmark/harness/run_stream.py", line 162, in main
    scores.append(run_task(cat, tid, tdir))
                  ^^^^^^^^^^^^^^^^^^^^^^^^
  File "/home/z/my-project/benchmark/harness/run_stream.py", line 74, in run_task
    with open(os.path.join(trace, "prompt1.txt"), "w") as f:
         ^^^^^^^^^^^^^^^^^^^^^^^^^^^^^^^^^^^^^^^^^^^^^
FileNotFoundError: [Errno 2] No such file or directory: '/home/z/my-project/benchmark/traces/shs-code/c06_git_engineering/c06t01_init_commits/prompt1.txt'

[2026-10-04T10:32:13] FATAL c06t02_branch_fix_merge: [Errno 2] No such file or directory: '/home/z/my-project/benchmark/traces/shs-code/c06_git_engineering/c06t02_branch_fix_merge/prompt1.txt'
Traceback (most recent call last):
  File "/home/z/my-project/benchmark/harness/run_stream.py", line 162, in main
    scores.append(run_task(cat, tid, tdir))
                  ^^^^^^^^^^^^^^^^^^^^^^^^
  File "/home/z/my-project/benchmark/harness/run_stream.py", line 74, in run_task
    with open(os.path.join(trace, "prompt1.txt"), "w") as f:
         ^^^^^^^^^^^^^^^^^^^^^^^^^^^^^^^^^^^^^^^^^^^^^
FileNotFoundError: [Errno 2] No such file or directory: '/home/z/my-project/benchmark/traces/shs-code/c06_git_engineering/c06t02_branch_fix_merge/prompt1.txt'

[2026-10-04T10:32:13] FATAL c06t03_changelog: [Errno 2] No such file or directory: '/home/z/my-project/benchmark/traces/shs-code/c06_git_engineering/c06t03_changelog/prompt1.txt'
Traceback (most recent call last):
  File "/home/z/my-project/benchmark/harness/run_stream.py", line 162, in main
    scores.append(run_task(cat, tid, tdir))
                  ^^^^^^^^^^^^^^^^^^^^^^^^
  File "/home/z/my-project/benchmark/harness/run_stream.py", line 74, in run_task
    with open(os.path.join(trace, "prompt1.txt"), "w") as f:
         ^^^^^^^^^^^^^^^^^^^^^^^^^^^^^^^^^^^^^^^^^^^^^
FileNotFoundError: [Errno 2] No such file or directory: '/home/z/my-project/benchmark/traces/shs-code/c06_git_engineering/c06t03_changelog/prompt1.txt'

[2026-10-04T10:32:13] FATAL c06t04_conflict: [Errno 2] No such file or directory: '/home/z/my-project/benchmark/traces/shs-code/c06_git_engineering/c06t04_conflict/prompt1.txt'
Traceback (most recent call last):
  File "/home/z/my-project/benchmark/harness/run_stream.py", line 162, in main
    scores.append(run_task(cat, tid, tdir))
                  ^^^^^^^^^^^^^^^^^^^^^^^^
  File "/home/z/my-project/benchmark/harness/run_stream.py", line 74, in run_task
    with open(os.path.join(trace, "prompt1.txt"), "w") as f:
         ^^^^^^^^^^^^^^^^^^^^^^^^^^^^^^^^^^^^^^^^^^^^^
FileNotFoundError: [Errno 2] No such file or directory: '/home/z/my-project/benchmark/traces/shs-code/c06_git_engineering/c06t04_conflict/prompt1.txt'

[2026-10-04T10:32:13] FATAL c06t05_rebase: [Errno 2] No such file or directory: '/home/z/my-project/benchmark/traces/shs-code/c06_git_engineering/c06t05_rebase/prompt1.txt'
Traceback (most recent call last):
  File "/home/z/my-project/benchmark/harness/run_stream.py", line 162, in main
    scores.append(run_task(cat, tid, tdir))
                  ^^^^^^^^^^^^^^^^^^^^^^^^
  File "/home/z/my-project/benchmark/harness/run_stream.py", line 74, in run_task
    with open(os.path.join(trace, "prompt1.txt"), "w") as f:
         ^^^^^^^^^^^^^^^^^^^^^^^^^^^^^^^^^^^^^^^^^^^^^
FileNotFoundError: [Errno 2] No such file or directory: '/home/z/my-project/benchmark/traces/shs-code/c06_git_engineering/c06t05_rebase/prompt1.txt'

[2026-10-04T10:32:13] FATAL c07t01_todo_cli: [Errno 2] No such file or directory: '/home/z/my-project/benchmark/traces/shs-code/c07_long_horizon/c07t01_todo_cli/prompt1.txt'
Traceback (most recent call last):
  File "/home/z/my-project/benchmark/harness/run_stream.py", line 162, in main
    scores.append(run_task(cat, tid, tdir))
                  ^^^^^^^^^^^^^^^^^^^^^^^^
  File "/home/z/my-project/benchmark/harness/run_stream.py", line 74, in run_task
    with open(os.path.join(trace, "prompt1.txt"), "w") as f:
         ^^^^^^^^^^^^^^^^^^^^^^^^^^^^^^^^^^^^^^^^^^^^^
FileNotFoundError: [Errno 2] No such file or directory: '/home/z/my-project/benchmark/traces/shs-code/c07_long_horizon/c07t01_todo_cli/prompt1.txt'

[2026-10-04T10:32:13] FATAL c07t02_site_generator: [Errno 2] No such file or directory: '/home/z/my-project/benchmark/traces/shs-code/c07_long_horizon/c07t02_site_generator/prompt1.txt'
Traceback (most recent call last):
  File "/home/z/my-project/benchmark/harness/run_stream.py", line 162, in main
    scores.append(run_task(cat, tid, tdir))
                  ^^^^^^^^^^^^^^^^^^^^^^^^
  File "/home/z/my-project/benchmark/harness/run_stream.py", line 74, in run_task
    with open(os.path.join(trace, "prompt1.txt"), "w") as f:
         ^^^^^^^^^^^^^^^^^^^^^^^^^^^^^^^^^^^^^^^^^^^^^
FileNotFoundError: [Errno 2] No such file or directory: '/home/z/my-project/benchmark/traces/shs-code/c07_long_horizon/c07t02_site_generator/prompt1.txt'

[2026-10-04T10:32:13] FATAL c07t03_http_client: [Errno 2] No such file or directory: '/home/z/my-project/benchmark/traces/shs-code/c07_long_horizon/c07t03_http_client/prompt1.txt'
Traceback (most recent call last):
  File "/home/z/my-project/benchmark/harness/run_stream.py", line 162, in main
    scores.append(run_task(cat, tid, tdir))
                  ^^^^^^^^^^^^^^^^^^^^^^^^
  File "/home/z/my-project/benchmark/harness/run_stream.py", line 74, in run_task
    with open(os.path.join(trace, "prompt1.txt"), "w") as f:
         ^^^^^^^^^^^^^^^^^^^^^^^^^^^^^^^^^^^^^^^^^^^^^
FileNotFoundError: [Errno 2] No such file or directory: '/home/z/my-project/benchmark/traces/shs-code/c07_long_horizon/c07t03_http_client/prompt1.txt'

[2026-10-04T10:32:13] FATAL c07t04_repo_maintenance: [Errno 2] No such file or directory: '/home/z/my-project/benchmark/traces/shs-code/c07_long_horizon/c07t04_repo_maintenance/prompt1.txt'
Traceback (most recent call last):
  File "/home/z/my-project/benchmark/harness/run_stream.py", line 162, in main
    scores.append(run_task(cat, tid, tdir))
                  ^^^^^^^^^^^^^^^^^^^^^^^^
  File "/home/z/my-project/benchmark/harness/run_stream.py", line 74, in run_task
    with open(os.path.join(trace, "prompt1.txt"), "w") as f:
         ^^^^^^^^^^^^^^^^^^^^^^^^^^^^^^^^^^^^^^^^^^^^^
FileNotFoundError: [Errno 2] No such file or directory: '/home/z/my-project/benchmark/traces/shs-code/c07_long_horizon/c07t04_repo_maintenance/prompt1.txt'

[2026-10-04T10:32:13] FATAL c07t05_data_pipeline: [Errno 2] No such file or directory: '/home/z/my-project/benchmark/traces/shs-code/c07_long_horizon/c07t05_data_pipeline/prompt1.txt'
Traceback (most recent call last):
  File "/home/z/my-project/benchmark/harness/run_stream.py", line 162, in main
    scores.append(run_task(cat, tid, tdir))
                  ^^^^^^^^^^^^^^^^^^^^^^^^
  File "/home/z/my-project/benchmark/harness/run_stream.py", line 74, in run_task
    with open(os.path.join(trace, "prompt1.txt"), "w") as f:
         ^^^^^^^^^^^^^^^^^^^^^^^^^^^^^^^^^^^^^^^^^^^^^
FileNotFoundError: [Errno 2] No such file or directory: '/home/z/my-project/benchmark/traces/shs-code/c07_long_horizon/c07t05_data_pipeline/prompt1.txt'

[2026-10-04T10:32:13] FATAL c08t01_config_facts: [Errno 2] No such file or directory: '/home/z/my-project/benchmark/traces/shs-code/c08_memory/c08t01_config_facts/prompt1.txt'
Traceback (most recent call last):
  File "/home/z/my-project/benchmark/harness/run_stream.py", line 162, in main
    scores.append(run_task(cat, tid, tdir))
                  ^^^^^^^^^^^^^^^^^^^^^^^^
  File "/home/z/my-project/benchmark/harness/run_stream.py", line 74, in run_task
    with open(os.path.join(trace, "prompt1.txt"), "w") as f:
         ^^^^^^^^^^^^^^^^^^^^^^^^^^^^^^^^^^^^^^^^^^^^^
FileNotFoundError: [Errno 2] No such file or directory: '/home/z/my-project/benchmark/traces/shs-code/c08_memory/c08t01_config_facts/prompt1.txt'

[2026-10-04T10:32:13] FATAL c08t02_long_spec: [Errno 2] No such file or directory: '/home/z/my-project/benchmark/traces/shs-code/c08_memory/c08t02_long_spec/prompt1.txt'
Traceback (most recent call last):
  File "/home/z/my-project/benchmark/harness/run_stream.py", line 162, in main
    scores.append(run_task(cat, tid, tdir))
                  ^^^^^^^^^^^^^^^^^^^^^^^^
  File "/home/z/my-project/benchmark/harness/run_stream.py", line 74, in run_task
    with open(os.path.join(trace, "prompt1.txt"), "w") as f:
         ^^^^^^^^^^^^^^^^^^^^^^^^^^^^^^^^^^^^^^^^^^^^^
FileNotFoundError: [Errno 2] No such file or directory: '/home/z/my-project/benchmark/traces/shs-code/c08_memory/c08t02_long_spec/prompt1.txt'

[2026-10-04T10:32:13] FATAL c08t03_resume_reuse: [Errno 2] No such file or directory: '/home/z/my-project/benchmark/traces/shs-code/c08_memory/c08t03_resume_reuse/prompt1.txt'
Traceback (most recent call last):
  File "/home/z/my-project/benchmark/harness/run_stream.py", line 162, in main
    scores.append(run_task(cat, tid, tdir))
                  ^^^^^^^^^^^^^^^^^^^^^^^^
  File "/home/z/my-project/benchmark/harness/run_stream.py", line 74, in run_task
    with open(os.path.join(trace, "prompt1.txt"), "w") as f:
         ^^^^^^^^^^^^^^^^^^^^^^^^^^^^^^^^^^^^^^^^^^^^^
FileNotFoundError: [Errno 2] No such file or directory: '/home/z/my-project/benchmark/traces/shs-code/c08_memory/c08t03_resume_reuse/prompt1.txt'

[2026-10-04T10:32:13] FATAL c08t04_memory_file: [Errno 2] No such file or directory: '/home/z/my-project/benchmark/traces/shs-code/c08_memory/c08t04_memory_file/prompt1.txt'
Traceback (most recent call last):
  File "/home/z/my-project/benchmark/harness/run_stream.py", line 162, in main
    scores.append(run_task(cat, tid, tdir))
                  ^^^^^^^^^^^^^^^^^^^^^^^^
  File "/home/z/my-project/benchmark/harness/run_stream.py", line 74, in run_task
    with open(os.path.join(trace, "prompt1.txt"), "w") as f:
         ^^^^^^^^^^^^^^^^^^^^^^^^^^^^^^^^^^^^^^^^^^^^^
FileNotFoundError: [Errno 2] No such file or directory: '/home/z/my-project/benchmark/traces/shs-code/c08_memory/c08t04_memory_file/prompt1.txt'

[2026-10-04T10:32:13] FATAL c08t05_arch_decision: [Errno 2] No such file or directory: '/home/z/my-project/benchmark/traces/shs-code/c08_memory/c08t05_arch_decision/prompt1.txt'
Traceback (most recent call last):
  File "/home/z/my-project/benchmark/harness/run_stream.py", line 162, in main
    scores.append(run_task(cat, tid, tdir))
                  ^^^^^^^^^^^^^^^^^^^^^^^^
  File "/home/z/my-project/benchmark/harness/run_stream.py", line 74, in run_task
    with open(os.path.join(trace, "prompt1.txt"), "w") as f:
         ^^^^^^^^^^^^^^^^^^^^^^^^^^^^^^^^^^^^^^^^^^^^^
FileNotFoundError: [Errno 2] No such file or directory: '/home/z/my-project/benchmark/traces/shs-code/c08_memory/c08t05_arch_decision/prompt1.txt'

[2026-10-04T10:32:13] FATAL c09t01_three_modules: [Errno 2] No such file or directory: '/home/z/my-project/benchmark/traces/shs-code/c09_multi_agent/c09t01_three_modules/prompt1.txt'
Traceback (most recent call last):
  File "/home/z/my-project/benchmark/harness/run_stream.py", line 162, in main
    scores.append(run_task(cat, tid, tdir))
                  ^^^^^^^^^^^^^^^^^^^^^^^^
  File "/home/z/my-project/benchmark/harness/run_stream.py", line 74, in run_task
    with open(os.path.join(trace, "prompt1.txt"), "w") as f:
         ^^^^^^^^^^^^^^^^^^^^^^^^^^^^^^^^^^^^^^^^^^^^^
FileNotFoundError: [Errno 2] No such file or directory: '/home/z/my-project/benchmark/traces/shs-code/c09_multi_agent/c09t01_three_modules/prompt1.txt'

[2026-10-04T10:32:13] FATAL c09t02_service_contract: [Errno 2] No such file or directory: '/home/z/my-project/benchmark/traces/shs-code/c09_multi_agent/c09t02_service_contract/prompt1.txt'
Traceback (most recent call last):
  File "/home/z/my-project/benchmark/harness/run_stream.py", line 162, in main
    scores.append(run_task(cat, tid, tdir))
                  ^^^^^^^^^^^^^^^^^^^^^^^^
  File "/home/z/my-project/benchmark/harness/run_stream.py", line 74, in run_task
    with open(os.path.join(trace, "prompt1.txt"), "w") as f:
         ^^^^^^^^^^^^^^^^^^^^^^^^^^^^^^^^^^^^^^^^^^^^^
FileNotFoundError: [Errno 2] No such file or directory: '/home/z/my-project/benchmark/traces/shs-code/c09_multi_agent/c09t02_service_contract/prompt1.txt'

[2026-10-04T10:32:13] FATAL c09t03_code_docs_match: [Errno 2] No such file or directory: '/home/z/my-project/benchmark/traces/shs-code/c09_multi_agent/c09t03_code_docs_match/prompt1.txt'
Traceback (most recent call last):
  File "/home/z/my-project/benchmark/harness/run_stream.py", line 162, in main
    scores.append(run_task(cat, tid, tdir))
                  ^^^^^^^^^^^^^^^^^^^^^^^^
  File "/home/z/my-project/benchmark/harness/run_stream.py", line 74, in run_task
    with open(os.path.join(trace, "prompt1.txt"), "w") as f:
         ^^^^^^^^^^^^^^^^^^^^^^^^^^^^^^^^^^^^^^^^^^^^^
FileNotFoundError: [Errno 2] No such file or directory: '/home/z/my-project/benchmark/traces/shs-code/c09_multi_agent/c09t03_code_docs_match/prompt1.txt'

[2026-10-04T10:32:13] FATAL c09t04_transforms: [Errno 2] No such file or directory: '/home/z/my-project/benchmark/traces/shs-code/c09_multi_agent/c09t04_transforms/prompt1.txt'
Traceback (most recent call last):
  File "/home/z/my-project/benchmark/harness/run_stream.py", line 162, in main
    scores.append(run_task(cat, tid, tdir))
                  ^^^^^^^^^^^^^^^^^^^^^^^^
  File "/home/z/my-project/benchmark/harness/run_stream.py", line 74, in run_task
    with open(os.path.join(trace, "prompt1.txt"), "w") as f:
         ^^^^^^^^^^^^^^^^^^^^^^^^^^^^^^^^^^^^^^^^^^^^^
FileNotFoundError: [Errno 2] No such file or directory: '/home/z/my-project/benchmark/traces/shs-code/c09_multi_agent/c09t04_transforms/prompt1.txt'

[2026-10-04T10:32:13] FATAL c09t05_tdd: [Errno 2] No such file or directory: '/home/z/my-project/benchmark/traces/shs-code/c09_multi_agent/c09t05_tdd/prompt1.txt'
Traceback (most recent call last):
  File "/home/z/my-project/benchmark/harness/run_stream.py", line 162, in main
    scores.append(run_task(cat, tid, tdir))
                  ^^^^^^^^^^^^^^^^^^^^^^^^
  File "/home/z/my-project/benchmark/harness/run_stream.py", line 74, in run_task
    with open(os.path.join(trace, "prompt1.txt"), "w") as f:
         ^^^^^^^^^^^^^^^^^^^^^^^^^^^^^^^^^^^^^^^^^^^^^
FileNotFoundError: [Errno 2] No such file or directory: '/home/z/my-project/benchmark/traces/shs-code/c09_multi_agent/c09t05_tdd/prompt1.txt'

[2026-10-04T10:32:13] FATAL c10t01_url_shortener: [Errno 2] No such file or directory: '/home/z/my-project/benchmark/traces/shs-code/c10_e2e/c10t01_url_shortener/prompt1.txt'
Traceback (most recent call last):
  File "/home/z/my-project/benchmark/harness/run_stream.py", line 162, in main
    scores.append(run_task(cat, tid, tdir))
                  ^^^^^^^^^^^^^^^^^^^^^^^^
  File "/home/z/my-project/benchmark/harness/run_stream.py", line 74, in run_task
    with open(os.path.join(trace, "prompt1.txt"), "w") as f:
         ^^^^^^^^^^^^^^^^^^^^^^^^^^^^^^^^^^^^^^^^^^^^^
FileNotFoundError: [Errno 2] No such file or directory: '/home/z/my-project/benchmark/traces/shs-code/c10_e2e/c10t01_url_shortener/prompt1.txt'

[2026-10-04T10:32:13] FATAL c10t02_md_tasks: [Errno 2] No such file or directory: '/home/z/my-project/benchmark/traces/shs-code/c10_e2e/c10t02_md_tasks/prompt1.txt'
Traceback (most recent call last):
  File "/home/z/my-project/benchmark/harness/run_stream.py", line 162, in main
    scores.append(run_task(cat, tid, tdir))
                  ^^^^^^^^^^^^^^^^^^^^^^^^
  File "/home/z/my-project/benchmark/harness/run_stream.py", line 74, in run_task
    with open(os.path.join(trace, "prompt1.txt"), "w") as f:
         ^^^^^^^^^^^^^^^^^^^^^^^^^^^^^^^^^^^^^^^^^^^^^
FileNotFoundError: [Errno 2] No such file or directory: '/home/z/my-project/benchmark/traces/shs-code/c10_e2e/c10t02_md_tasks/prompt1.txt'

[2026-10-04T10:32:13] FATAL c10t03_json_api: [Errno 2] No such file or directory: '/home/z/my-project/benchmark/traces/shs-code/c10_e2e/c10t03_json_api/prompt1.txt'
Traceback (most recent call last):
  File "/home/z/my-project/benchmark/harness/run_stream.py", line 162, in main
    scores.append(run_task(cat, tid, tdir))
                  ^^^^^^^^^^^^^^^^^^^^^^^^
  File "/home/z/my-project/benchmark/harness/run_stream.py", line 74, in run_task
    with open(os.path.join(trace, "prompt1.txt"), "w") as f:
         ^^^^^^^^^^^^^^^^^^^^^^^^^^^^^^^^^^^^^^^^^^^^^
FileNotFoundError: [Errno 2] No such file or directory: '/home/z/my-project/benchmark/traces/shs-code/c10_e2e/c10t03_json_api/prompt1.txt'

[2026-10-04T10:32:13] FATAL c10t04_report_gen: [Errno 2] No such file or directory: '/home/z/my-project/benchmark/traces/shs-code/c10_e2e/c10t04_report_gen/prompt1.txt'
Traceback (most recent call last):
  File "/home/z/my-project/benchmark/harness/run_stream.py", line 162, in main
    scores.append(run_task(cat, tid, tdir))
                  ^^^^^^^^^^^^^^^^^^^^^^^^
  File "/home/z/my-project/benchmark/harness/run_stream.py", line 74, in run_task
    with open(os.path.join(trace, "prompt1.txt"), "w") as f:
         ^^^^^^^^^^^^^^^^^^^^^^^^^^^^^^^^^^^^^^^^^^^^^
FileNotFoundError: [Errno 2] No such file or directory: '/home/z/my-project/benchmark/traces/shs-code/c10_e2e/c10t04_report_gen/prompt1.txt'

[2026-10-04T10:32:13] FATAL c10t05_plugin_calc: [Errno 2] No such file or directory: '/home/z/my-project/benchmark/traces/shs-code/c10_e2e/c10t05_plugin_calc/prompt1.txt'
Traceback (most recent call last):
  File "/home/z/my-project/benchmark/harness/run_stream.py", line 162, in main
    scores.append(run_task(cat, tid, tdir))
                  ^^^^^^^^^^^^^^^^^^^^^^^^
  File "/home/z/my-project/benchmark/harness/run_stream.py", line 74, in run_task
    with open(os.path.join(trace, "prompt1.txt"), "w") as f:
         ^^^^^^^^^^^^^^^^^^^^^^^^^^^^^^^^^^^^^^^^^^^^^
FileNotFoundError: [Errno 2] No such file or directory: '/home/z/my-project/benchmark/traces/shs-code/c10_e2e/c10t05_plugin_calc/prompt1.txt'

[2026-10-04T10:32:13] === stream end agent=shs-code subtotal=0/0 ===
[2026-10-04T10:33:50] === stream start agent=shs-code tasks=50 ===
[2026-10-04T10:33:50] RUN c01t01_bracket_validator agent=shs-code steps=30 timeout=420s turns=1
[2026-10-04T10:36:34] RETRY c01t01_bracket_validator (provider/timeout issue, attempt 1)
[2026-10-04T10:40:49] DONE c01t01_bracket_validator score=20/20 passed=True dur=232.9s
[2026-10-04T10:40:49] RUN c01t02_flatten_dict agent=shs-code steps=30 timeout=420s turns=1
[2026-10-04T10:43:47] RETRY c01t02_flatten_dict (provider/timeout issue, attempt 1)
[2026-10-04T10:46:21] DONE c01t02_flatten_dict score=20/20 passed=True dur=131.7s
[2026-10-04T10:46:21] RUN c01t03_lru_cache agent=shs-code steps=30 timeout=420s turns=1
[2026-10-04T10:50:07] RETRY c01t03_lru_cache (provider/timeout issue, attempt 1)
[2026-10-04T10:53:53] DONE c01t03_lru_cache score=20/20 passed=True dur=203.7s
[2026-10-04T10:53:53] RUN c01t04_csv_parser agent=shs-code steps=30 timeout=420s turns=1
[2026-10-04T10:59:12] RETRY c01t04_csv_parser (provider/timeout issue, attempt 1)
[2026-10-04T11:06:19] DONE c01t04_csv_parser score=20/20 passed=True dur=405.0s
[2026-10-04T11:06:19] RUN c01t05_matrix_ops agent=shs-code steps=30 timeout=420s turns=1
[2026-10-04T11:13:19] RETRY c01t05_matrix_ops (provider/timeout issue, attempt 1)
[2026-10-04T11:17:10] DONE c01t05_matrix_ops score=20/20 passed=True dur=208.9s
[2026-10-04T11:17:10] RUN c02t01_binary_search agent=shs-code steps=30 timeout=420s turns=1
[2026-10-04T11:20:01] RETRY c02t01_binary_search (provider/timeout issue, attempt 1)
[2026-10-04T11:23:47] DONE c02t01_binary_search score=20/20 passed=True dur=200.4s
[2026-10-04T11:23:47] RUN c02t02_mutable_defaults agent=shs-code steps=30 timeout=420s turns=1
[2026-10-04T11:26:19] RETRY c02t02_mutable_defaults (provider/timeout issue, attempt 1)
[2026-10-04T11:29:49] DONE c02t02_mutable_defaults score=20/20 passed=True dur=187.6s
[2026-10-04T11:29:49] RUN c02t03_money_floats agent=shs-code steps=30 timeout=420s turns=1
[2026-10-04T11:35:29] RETRY c02t03_money_floats (provider/timeout issue, attempt 1)
[2026-10-04T11:40:19] DONE c02t03_money_floats score=20/20 passed=True dur=266.9s
[2026-10-04T11:40:19] RUN c02t04_email_regex agent=shs-code steps=30 timeout=420s turns=1
[2026-10-04T11:47:19] RETRY c02t04_email_regex (provider/timeout issue, attempt 1)
[2026-10-04T11:50:45] DONE c02t04_email_regex score=20/20 passed=True dur=181.7s
[2026-10-04T11:50:45] RUN c02t05_timezone_mix agent=shs-code steps=30 timeout=420s turns=1
[2026-10-04T11:54:19] RETRY c02t05_timezone_mix (provider/timeout issue, attempt 1)
[2026-10-04T11:58:18] DONE c02t05_timezone_mix score=20/20 passed=True dur=215.8s
[2026-10-04T11:58:18] RUN c03t01_search agent=shs-code steps=30 timeout=420s turns=1
[2026-10-04T12:02:39] RETRY c03t01_search (provider/timeout issue, attempt 1)
[2026-10-04T12:04:52] DONE c03t01_search score=20/20 passed=True dur=111.4s
[2026-10-04T12:04:52] RUN c03t02_remove_stock agent=shs-code steps=30 timeout=420s turns=1
[2026-10-04T12:10:10] RETRY c03t02_remove_stock (provider/timeout issue, attempt 1)
[2026-10-04T12:13:12] DONE c03t02_remove_stock score=20/20 passed=True dur=159.4s
[2026-10-04T12:13:12] RUN c03t03_export_csv agent=shs-code steps=30 timeout=420s turns=1
[2026-10-04T12:17:20] RETRY c03t03_export_csv (provider/timeout issue, attempt 1)
[2026-10-04T12:22:51] DONE c03t03_export_csv score=20/20 passed=True dur=308.3s
[2026-10-04T12:22:51] RUN c03t04_event_log agent=shs-code steps=30 timeout=420s turns=1
[2026-10-04T12:27:44] RETRY c03t04_event_log (provider/timeout issue, attempt 1)
[2026-10-04T12:30:00] DONE c03t04_event_log score=20/20 passed=True dur=114.0s
[2026-10-04T12:30:00] RUN c03t05_discount agent=shs-code steps=30 timeout=420s turns=1
[2026-10-04T12:35:04] RETRY c03t05_discount (provider/timeout issue, attempt 1)
[2026-10-04T12:38:52] DONE c03t05_discount score=20/20 passed=True dur=206.2s
[2026-10-04T12:38:52] RUN c04t01_stringutils_qa agent=shs-code steps=30 timeout=420s turns=1
[2026-10-04T12:45:52] RETRY c04t01_stringutils_qa (provider/timeout issue, attempt 1)
[2026-10-04T12:53:17] DONE c04t01_stringutils_qa score=14/20 passed=False dur=420s
[2026-10-04T12:53:17] RUN c04t02_stats_qa agent=shs-code steps=30 timeout=420s turns=1
[2026-10-04T13:00:17] RETRY c04t02_stats_qa (provider/timeout issue, attempt 1)
[2026-10-04T13:05:49] DONE c04t02_stats_qa score=20/20 passed=True dur=306.1s
[2026-10-04T13:05:49] RUN c04t03_argparse_qa agent=shs-code steps=30 timeout=420s turns=1
[2026-10-04T13:11:55] RETRY c04t03_argparse_qa (provider/timeout issue, attempt 1)
[2026-10-04T13:15:59] DONE c04t03_argparse_qa score=20/20 passed=True dur=219.6s
[2026-10-04T13:15:59] RUN c04t04_jsonutils_qa agent=shs-code steps=30 timeout=420s turns=1
[2026-10-04T13:22:59] RETRY c04t04_jsonutils_qa (provider/timeout issue, attempt 1)
[2026-10-04T13:30:24] DONE c04t04_jsonutils_qa score=20/20 passed=True dur=420s
[2026-10-04T13:30:24] RUN c04t05_regression_daterange agent=shs-code steps=30 timeout=420s turns=1
[2026-10-04T13:35:05] RETRY c04t05_regression_daterange (provider/timeout issue, attempt 1)
[2026-10-04T13:39:50] DONE c04t05_regression_daterange score=20/20 passed=True dur=261.0s
[2026-10-04T13:39:50] RUN c05t01_dedupe agent=shs-code steps=30 timeout=420s turns=1
[2026-10-04T13:45:23] RETRY c05t01_dedupe (provider/timeout issue, attempt 1)
[2026-10-04T13:52:45] DONE c05t01_dedupe score=20/20 passed=True dur=420s
[2026-10-04T13:52:45] RUN c05t02_globals_to_class agent=shs-code steps=30 timeout=420s turns=1
[2026-10-04T13:58:16] RETRY c05t02_globals_to_class (provider/timeout issue, attempt 1)
