[2026-10-04T10:32:13] === stream start agent=openhands tasks=50 ===
[2026-10-04T10:32:13] FATAL c01t01_bracket_validator: [Errno 2] No such file or directory: '/home/z/my-project/benchmark/traces/openhands/c01_code_generation/c01t01_bracket_validator/prompt1.txt'
Traceback (most recent call last):
  File "/home/z/my-project/benchmark/harness/run_stream.py", line 162, in main
    scores.append(run_task(cat, tid, tdir))
                  ^^^^^^^^^^^^^^^^^^^^^^^^
  File "/home/z/my-project/benchmark/harness/run_stream.py", line 74, in run_task
    with open(os.path.join(trace, "prompt1.txt"), "w") as f:
         ^^^^^^^^^^^^^^^^^^^^^^^^^^^^^^^^^^^^^^^^^^^^^
FileNotFoundError: [Errno 2] No such file or directory: '/home/z/my-project/benchmark/traces/openhands/c01_code_generation/c01t01_bracket_validator/prompt1.txt'

[2026-10-04T10:32:13] FATAL c01t02_flatten_dict: [Errno 2] No such file or directory: '/home/z/my-project/benchmark/traces/openhands/c01_code_generation/c01t02_flatten_dict/prompt1.txt'
Traceback (most recent call last):
  File "/home/z/my-project/benchmark/harness/run_stream.py", line 162, in main
    scores.append(run_task(cat, tid, tdir))
                  ^^^^^^^^^^^^^^^^^^^^^^^^
  File "/home/z/my-project/benchmark/harness/run_stream.py", line 74, in run_task
    with open(os.path.join(trace, "prompt1.txt"), "w") as f:
         ^^^^^^^^^^^^^^^^^^^^^^^^^^^^^^^^^^^^^^^^^^^^^
FileNotFoundError: [Errno 2] No such file or directory: '/home/z/my-project/benchmark/traces/openhands/c01_code_generation/c01t02_flatten_dict/prompt1.txt'

[2026-10-04T10:32:13] FATAL c01t03_lru_cache: [Errno 2] No such file or directory: '/home/z/my-project/benchmark/traces/openhands/c01_code_generation/c01t03_lru_cache/prompt1.txt'
Traceback (most recent call last):
  File "/home/z/my-project/benchmark/harness/run_stream.py", line 162, in main
    scores.append(run_task(cat, tid, tdir))
                  ^^^^^^^^^^^^^^^^^^^^^^^^
  File "/home/z/my-project/benchmark/harness/run_stream.py", line 74, in run_task
    with open(os.path.join(trace, "prompt1.txt"), "w") as f:
         ^^^^^^^^^^^^^^^^^^^^^^^^^^^^^^^^^^^^^^^^^^^^^
FileNotFoundError: [Errno 2] No such file or directory: '/home/z/my-project/benchmark/traces/openhands/c01_code_generation/c01t03_lru_cache/prompt1.txt'

[2026-10-04T10:32:13] FATAL c01t04_csv_parser: [Errno 2] No such file or directory: '/home/z/my-project/benchmark/traces/openhands/c01_code_generation/c01t04_csv_parser/prompt1.txt'
Traceback (most recent call last):
  File "/home/z/my-project/benchmark/harness/run_stream.py", line 162, in main
    scores.append(run_task(cat, tid, tdir))
                  ^^^^^^^^^^^^^^^^^^^^^^^^
  File "/home/z/my-project/benchmark/harness/run_stream.py", line 74, in run_task
    with open(os.path.join(trace, "prompt1.txt"), "w") as f:
         ^^^^^^^^^^^^^^^^^^^^^^^^^^^^^^^^^^^^^^^^^^^^^
FileNotFoundError: [Errno 2] No such file or directory: '/home/z/my-project/benchmark/traces/openhands/c01_code_generation/c01t04_csv_parser/prompt1.txt'

[2026-10-04T10:32:13] FATAL c01t05_matrix_ops: [Errno 2] No such file or directory: '/home/z/my-project/benchmark/traces/openhands/c01_code_generation/c01t05_matrix_ops/prompt1.txt'
Traceback (most recent call last):
  File "/home/z/my-project/benchmark/harness/run_stream.py", line 162, in main
    scores.append(run_task(cat, tid, tdir))
                  ^^^^^^^^^^^^^^^^^^^^^^^^
  File "/home/z/my-project/benchmark/harness/run_stream.py", line 74, in run_task
    with open(os.path.join(trace, "prompt1.txt"), "w") as f:
         ^^^^^^^^^^^^^^^^^^^^^^^^^^^^^^^^^^^^^^^^^^^^^
FileNotFoundError: [Errno 2] No such file or directory: '/home/z/my-project/benchmark/traces/openhands/c01_code_generation/c01t05_matrix_ops/prompt1.txt'

[2026-10-04T10:32:13] FATAL c02t01_binary_search: [Errno 2] No such file or directory: '/home/z/my-project/benchmark/traces/openhands/c02_debugging/c02t01_binary_search/prompt1.txt'
Traceback (most recent call last):
  File "/home/z/my-project/benchmark/harness/run_stream.py", line 162, in main
    scores.append(run_task(cat, tid, tdir))
                  ^^^^^^^^^^^^^^^^^^^^^^^^
  File "/home/z/my-project/benchmark/harness/run_stream.py", line 74, in run_task
    with open(os.path.join(trace, "prompt1.txt"), "w") as f:
         ^^^^^^^^^^^^^^^^^^^^^^^^^^^^^^^^^^^^^^^^^^^^^
FileNotFoundError: [Errno 2] No such file or directory: '/home/z/my-project/benchmark/traces/openhands/c02_debugging/c02t01_binary_search/prompt1.txt'

[2026-10-04T10:32:13] FATAL c02t02_mutable_defaults: [Errno 2] No such file or directory: '/home/z/my-project/benchmark/traces/openhands/c02_debugging/c02t02_mutable_defaults/prompt1.txt'
Traceback (most recent call last):
  File "/home/z/my-project/benchmark/harness/run_stream.py", line 162, in main
    scores.append(run_task(cat, tid, tdir))
                  ^^^^^^^^^^^^^^^^^^^^^^^^
  File "/home/z/my-project/benchmark/harness/run_stream.py", line 74, in run_task
    with open(os.path.join(trace, "prompt1.txt"), "w") as f:
         ^^^^^^^^^^^^^^^^^^^^^^^^^^^^^^^^^^^^^^^^^^^^^
FileNotFoundError: [Errno 2] No such file or directory: '/home/z/my-project/benchmark/traces/openhands/c02_debugging/c02t02_mutable_defaults/prompt1.txt'

[2026-10-04T10:32:13] FATAL c02t03_money_floats: [Errno 2] No such file or directory: '/home/z/my-project/benchmark/traces/openhands/c02_debugging/c02t03_money_floats/prompt1.txt'
Traceback (most recent call last):
  File "/home/z/my-project/benchmark/harness/run_stream.py", line 162, in main
    scores.append(run_task(cat, tid, tdir))
                  ^^^^^^^^^^^^^^^^^^^^^^^^
  File "/home/z/my-project/benchmark/harness/run_stream.py", line 74, in run_task
    with open(os.path.join(trace, "prompt1.txt"), "w") as f:
         ^^^^^^^^^^^^^^^^^^^^^^^^^^^^^^^^^^^^^^^^^^^^^
FileNotFoundError: [Errno 2] No such file or directory: '/home/z/my-project/benchmark/traces/openhands/c02_debugging/c02t03_money_floats/prompt1.txt'

[2026-10-04T10:32:13] FATAL c02t04_email_regex: [Errno 2] No such file or directory: '/home/z/my-project/benchmark/traces/openhands/c02_debugging/c02t04_email_regex/prompt1.txt'
Traceback (most recent call last):
  File "/home/z/my-project/benchmark/harness/run_stream.py", line 162, in main
    scores.append(run_task(cat, tid, tdir))
                  ^^^^^^^^^^^^^^^^^^^^^^^^
  File "/home/z/my-project/benchmark/harness/run_stream.py", line 74, in run_task
    with open(os.path.join(trace, "prompt1.txt"), "w") as f:
         ^^^^^^^^^^^^^^^^^^^^^^^^^^^^^^^^^^^^^^^^^^^^^
FileNotFoundError: [Errno 2] No such file or directory: '/home/z/my-project/benchmark/traces/openhands/c02_debugging/c02t04_email_regex/prompt1.txt'

[2026-10-04T10:32:13] FATAL c02t05_timezone_mix: [Errno 2] No such file or directory: '/home/z/my-project/benchmark/traces/openhands/c02_debugging/c02t05_timezone_mix/prompt1.txt'
Traceback (most recent call last):
  File "/home/z/my-project/benchmark/harness/run_stream.py", line 162, in main
    scores.append(run_task(cat, tid, tdir))
                  ^^^^^^^^^^^^^^^^^^^^^^^^
  File "/home/z/my-project/benchmark/harness/run_stream.py", line 74, in run_task
    with open(os.path.join(trace, "prompt1.txt"), "w") as f:
         ^^^^^^^^^^^^^^^^^^^^^^^^^^^^^^^^^^^^^^^^^^^^^
FileNotFoundError: [Errno 2] No such file or directory: '/home/z/my-project/benchmark/traces/openhands/c02_debugging/c02t05_timezone_mix/prompt1.txt'

[2026-10-04T10:32:13] FATAL c03t01_search: [Errno 2] No such file or directory: '/home/z/my-project/benchmark/traces/openhands/c03_feature/c03t01_search/prompt1.txt'
Traceback (most recent call last):
  File "/home/z/my-project/benchmark/harness/run_stream.py", line 162, in main
    scores.append(run_task(cat, tid, tdir))
                  ^^^^^^^^^^^^^^^^^^^^^^^^
  File "/home/z/my-project/benchmark/harness/run_stream.py", line 74, in run_task
    with open(os.path.join(trace, "prompt1.txt"), "w") as f:
         ^^^^^^^^^^^^^^^^^^^^^^^^^^^^^^^^^^^^^^^^^^^^^
FileNotFoundError: [Errno 2] No such file or directory: '/home/z/my-project/benchmark/traces/openhands/c03_feature/c03t01_search/prompt1.txt'

[2026-10-04T10:32:13] FATAL c03t02_remove_stock: [Errno 2] No such file or directory: '/home/z/my-project/benchmark/traces/openhands/c03_feature/c03t02_remove_stock/prompt1.txt'
Traceback (most recent call last):
  File "/home/z/my-project/benchmark/harness/run_stream.py", line 162, in main
    scores.append(run_task(cat, tid, tdir))
                  ^^^^^^^^^^^^^^^^^^^^^^^^
  File "/home/z/my-project/benchmark/harness/run_stream.py", line 74, in run_task
    with open(os.path.join(trace, "prompt1.txt"), "w") as f:
         ^^^^^^^^^^^^^^^^^^^^^^^^^^^^^^^^^^^^^^^^^^^^^
FileNotFoundError: [Errno 2] No such file or directory: '/home/z/my-project/benchmark/traces/openhands/c03_feature/c03t02_remove_stock/prompt1.txt'

[2026-10-04T10:32:13] FATAL c03t03_export_csv: [Errno 2] No such file or directory: '/home/z/my-project/benchmark/traces/openhands/c03_feature/c03t03_export_csv/prompt1.txt'
Traceback (most recent call last):
  File "/home/z/my-project/benchmark/harness/run_stream.py", line 162, in main
    scores.append(run_task(cat, tid, tdir))
                  ^^^^^^^^^^^^^^^^^^^^^^^^
  File "/home/z/my-project/benchmark/harness/run_stream.py", line 74, in run_task
    with open(os.path.join(trace, "prompt1.txt"), "w") as f:
         ^^^^^^^^^^^^^^^^^^^^^^^^^^^^^^^^^^^^^^^^^^^^^
FileNotFoundError: [Errno 2] No such file or directory: '/home/z/my-project/benchmark/traces/openhands/c03_feature/c03t03_export_csv/prompt1.txt'

[2026-10-04T10:32:13] FATAL c03t04_event_log: [Errno 2] No such file or directory: '/home/z/my-project/benchmark/traces/openhands/c03_feature/c03t04_event_log/prompt1.txt'
Traceback (most recent call last):
  File "/home/z/my-project/benchmark/harness/run_stream.py", line 162, in main
    scores.append(run_task(cat, tid, tdir))
                  ^^^^^^^^^^^^^^^^^^^^^^^^
  File "/home/z/my-project/benchmark/harness/run_stream.py", line 74, in run_task
    with open(os.path.join(trace, "prompt1.txt"), "w") as f:
         ^^^^^^^^^^^^^^^^^^^^^^^^^^^^^^^^^^^^^^^^^^^^^
FileNotFoundError: [Errno 2] No such file or directory: '/home/z/my-project/benchmark/traces/openhands/c03_feature/c03t04_event_log/prompt1.txt'

[2026-10-04T10:32:13] FATAL c03t05_discount: [Errno 2] No such file or directory: '/home/z/my-project/benchmark/traces/openhands/c03_feature/c03t05_discount/prompt1.txt'
Traceback (most recent call last):
  File "/home/z/my-project/benchmark/harness/run_stream.py", line 162, in main
    scores.append(run_task(cat, tid, tdir))
                  ^^^^^^^^^^^^^^^^^^^^^^^^
  File "/home/z/my-project/benchmark/harness/run_stream.py", line 74, in run_task
    with open(os.path.join(trace, "prompt1.txt"), "w") as f:
         ^^^^^^^^^^^^^^^^^^^^^^^^^^^^^^^^^^^^^^^^^^^^^
FileNotFoundError: [Errno 2] No such file or directory: '/home/z/my-project/benchmark/traces/openhands/c03_feature/c03t05_discount/prompt1.txt'

[2026-10-04T10:32:13] FATAL c04t01_stringutils_qa: [Errno 2] No such file or directory: '/home/z/my-project/benchmark/traces/openhands/c04_testing_qa/c04t01_stringutils_qa/prompt1.txt'
Traceback (most recent call last):
  File "/home/z/my-project/benchmark/harness/run_stream.py", line 162, in main
    scores.append(run_task(cat, tid, tdir))
                  ^^^^^^^^^^^^^^^^^^^^^^^^
  File "/home/z/my-project/benchmark/harness/run_stream.py", line 74, in run_task
    with open(os.path.join(trace, "prompt1.txt"), "w") as f:
         ^^^^^^^^^^^^^^^^^^^^^^^^^^^^^^^^^^^^^^^^^^^^^
FileNotFoundError: [Errno 2] No such file or directory: '/home/z/my-project/benchmark/traces/openhands/c04_testing_qa/c04t01_stringutils_qa/prompt1.txt'

[2026-10-04T10:32:13] FATAL c04t02_stats_qa: [Errno 2] No such file or directory: '/home/z/my-project/benchmark/traces/openhands/c04_testing_qa/c04t02_stats_qa/prompt1.txt'
Traceback (most recent call last):
  File "/home/z/my-project/benchmark/harness/run_stream.py", line 162, in main
    scores.append(run_task(cat, tid, tdir))
                  ^^^^^^^^^^^^^^^^^^^^^^^^
  File "/home/z/my-project/benchmark/harness/run_stream.py", line 74, in run_task
    with open(os.path.join(trace, "prompt1.txt"), "w") as f:
         ^^^^^^^^^^^^^^^^^^^^^^^^^^^^^^^^^^^^^^^^^^^^^
FileNotFoundError: [Errno 2] No such file or directory: '/home/z/my-project/benchmark/traces/openhands/c04_testing_qa/c04t02_stats_qa/prompt1.txt'

[2026-10-04T10:32:13] FATAL c04t03_argparse_qa: [Errno 2] No such file or directory: '/home/z/my-project/benchmark/traces/openhands/c04_testing_qa/c04t03_argparse_qa/prompt1.txt'
Traceback (most recent call last):
  File "/home/z/my-project/benchmark/harness/run_stream.py", line 162, in main
    scores.append(run_task(cat, tid, tdir))
                  ^^^^^^^^^^^^^^^^^^^^^^^^
  File "/home/z/my-project/benchmark/harness/run_stream.py", line 74, in run_task
    with open(os.path.join(trace, "prompt1.txt"), "w") as f:
         ^^^^^^^^^^^^^^^^^^^^^^^^^^^^^^^^^^^^^^^^^^^^^
FileNotFoundError: [Errno 2] No such file or directory: '/home/z/my-project/benchmark/traces/openhands/c04_testing_qa/c04t03_argparse_qa/prompt1.txt'

[2026-10-04T10:32:13] FATAL c04t04_jsonutils_qa: [Errno 2] No such file or directory: '/home/z/my-project/benchmark/traces/openhands/c04_testing_qa/c04t04_jsonutils_qa/prompt1.txt'
Traceback (most recent call last):
  File "/home/z/my-project/benchmark/harness/run_stream.py", line 162, in main
    scores.append(run_task(cat, tid, tdir))
                  ^^^^^^^^^^^^^^^^^^^^^^^^
  File "/home/z/my-project/benchmark/harness/run_stream.py", line 74, in run_task
    with open(os.path.join(trace, "prompt1.txt"), "w") as f:
         ^^^^^^^^^^^^^^^^^^^^^^^^^^^^^^^^^^^^^^^^^^^^^
FileNotFoundError: [Errno 2] No such file or directory: '/home/z/my-project/benchmark/traces/openhands/c04_testing_qa/c04t04_jsonutils_qa/prompt1.txt'

[2026-10-04T10:32:13] FATAL c04t05_regression_daterange: [Errno 2] No such file or directory: '/home/z/my-project/benchmark/traces/openhands/c04_testing_qa/c04t05_regression_daterange/prompt1.txt'
Traceback (most recent call last):
  File "/home/z/my-project/benchmark/harness/run_stream.py", line 162, in main
    scores.append(run_task(cat, tid, tdir))
                  ^^^^^^^^^^^^^^^^^^^^^^^^
  File "/home/z/my-project/benchmark/harness/run_stream.py", line 74, in run_task
    with open(os.path.join(trace, "prompt1.txt"), "w") as f:
         ^^^^^^^^^^^^^^^^^^^^^^^^^^^^^^^^^^^^^^^^^^^^^
FileNotFoundError: [Errno 2] No such file or directory: '/home/z/my-project/benchmark/traces/openhands/c04_testing_qa/c04t05_regression_daterange/prompt1.txt'

[2026-10-04T10:32:13] FATAL c05t01_dedupe: [Errno 2] No such file or directory: '/home/z/my-project/benchmark/traces/openhands/c05_refactoring/c05t01_dedupe/prompt1.txt'
Traceback (most recent call last):
  File "/home/z/my-project/benchmark/harness/run_stream.py", line 162, in main
    scores.append(run_task(cat, tid, tdir))
                  ^^^^^^^^^^^^^^^^^^^^^^^^
  File "/home/z/my-project/benchmark/harness/run_stream.py", line 74, in run_task
    with open(os.path.join(trace, "prompt1.txt"), "w") as f:
         ^^^^^^^^^^^^^^^^^^^^^^^^^^^^^^^^^^^^^^^^^^^^^
FileNotFoundError: [Errno 2] No such file or directory: '/home/z/my-project/benchmark/traces/openhands/c05_refactoring/c05t01_dedupe/prompt1.txt'

[2026-10-04T10:32:13] FATAL c05t02_globals_to_class: [Errno 2] No such file or directory: '/home/z/my-project/benchmark/traces/openhands/c05_refactoring/c05t02_globals_to_class/prompt1.txt'
Traceback (most recent call last):
  File "/home/z/my-project/benchmark/harness/run_stream.py", line 162, in main
    scores.append(run_task(cat, tid, tdir))
                  ^^^^^^^^^^^^^^^^^^^^^^^^
  File "/home/z/my-project/benchmark/harness/run_stream.py", line 74, in run_task
    with open(os.path.join(trace, "prompt1.txt"), "w") as f:
         ^^^^^^^^^^^^^^^^^^^^^^^^^^^^^^^^^^^^^^^^^^^^^
FileNotFoundError: [Errno 2] No such file or directory: '/home/z/my-project/benchmark/traces/openhands/c05_refactoring/c05t02_globals_to_class/prompt1.txt'

[2026-10-04T10:32:13] FATAL c05t03_god_function: [Errno 2] No such file or directory: '/home/z/my-project/benchmark/traces/openhands/c05_refactoring/c05t03_god_function/prompt1.txt'
Traceback (most recent call last):
  File "/home/z/my-project/benchmark/harness/run_stream.py", line 162, in main
    scores.append(run_task(cat, tid, tdir))
                  ^^^^^^^^^^^^^^^^^^^^^^^^
  File "/home/z/my-project/benchmark/harness/run_stream.py", line 74, in run_task
    with open(os.path.join(trace, "prompt1.txt"), "w") as f:
         ^^^^^^^^^^^^^^^^^^^^^^^^^^^^^^^^^^^^^^^^^^^^^
FileNotFoundError: [Errno 2] No such file or directory: '/home/z/my-project/benchmark/traces/openhands/c05_refactoring/c05t03_god_function/prompt1.txt'

[2026-10-04T10:32:13] FATAL c05t04_naming_docs: [Errno 2] No such file or directory: '/home/z/my-project/benchmark/traces/openhands/c05_refactoring/c05t04_naming_docs/prompt1.txt'
Traceback (most recent call last):
  File "/home/z/my-project/benchmark/harness/run_stream.py", line 162, in main
    scores.append(run_task(cat, tid, tdir))
                  ^^^^^^^^^^^^^^^^^^^^^^^^
  File "/home/z/my-project/benchmark/harness/run_stream.py", line 74, in run_task
    with open(os.path.join(trace, "prompt1.txt"), "w") as f:
         ^^^^^^^^^^^^^^^^^^^^^^^^^^^^^^^^^^^^^^^^^^^^^
FileNotFoundError: [Errno 2] No such file or directory: '/home/z/my-project/benchmark/traces/openhands/c05_refactoring/c05t04_naming_docs/prompt1.txt'

[2026-10-04T10:32:13] FATAL c05t05_error_handling: [Errno 2] No such file or directory: '/home/z/my-project/benchmark/traces/openhands/c05_refactoring/c05t05_error_handling/prompt1.txt'
Traceback (most recent call last):
  File "/home/z/my-project/benchmark/harness/run_stream.py", line 162, in main
    scores.append(run_task(cat, tid, tdir))
                  ^^^^^^^^^^^^^^^^^^^^^^^^
  File "/home/z/my-project/benchmark/harness/run_stream.py", line 74, in run_task
    with open(os.path.join(trace, "prompt1.txt"), "w") as f:
         ^^^^^^^^^^^^^^^^^^^^^^^^^^^^^^^^^^^^^^^^^^^^^
FileNotFoundError: [Errno 2] No such file or directory: '/home/z/my-project/benchmark/traces/openhands/c05_refactoring/c05t05_error_handling/prompt1.txt'

[2026-10-04T10:32:13] FATAL c06t01_init_commits: [Errno 2] No such file or directory: '/home/z/my-project/benchmark/traces/openhands/c06_git_engineering/c06t01_init_commits/prompt1.txt'
Traceback (most recent call last):
  File "/home/z/my-project/benchmark/harness/run_stream.py", line 162, in main
    scores.append(run_task(cat, tid, tdir))
                  ^^^^^^^^^^^^^^^^^^^^^^^^
  File "/home/z/my-project/benchmark/harness/run_stream.py", line 74, in run_task
    with open(os.path.join(trace, "prompt1.txt"), "w") as f:
         ^^^^^^^^^^^^^^^^^^^^^^^^^^^^^^^^^^^^^^^^^^^^^
FileNotFoundError: [Errno 2] No such file or directory: '/home/z/my-project/benchmark/traces/openhands/c06_git_engineering/c06t01_init_commits/prompt1.txt'

[2026-10-04T10:32:13] FATAL c06t02_branch_fix_merge: [Errno 2] No such file or directory: '/home/z/my-project/benchmark/traces/openhands/c06_git_engineering/c06t02_branch_fix_merge/prompt1.txt'
Traceback (most recent call last):
  File "/home/z/my-project/benchmark/harness/run_stream.py", line 162, in main
    scores.append(run_task(cat, tid, tdir))
                  ^^^^^^^^^^^^^^^^^^^^^^^^
  File "/home/z/my-project/benchmark/harness/run_stream.py", line 74, in run_task
    with open(os.path.join(trace, "prompt1.txt"), "w") as f:
         ^^^^^^^^^^^^^^^^^^^^^^^^^^^^^^^^^^^^^^^^^^^^^
FileNotFoundError: [Errno 2] No such file or directory: '/home/z/my-project/benchmark/traces/openhands/c06_git_engineering/c06t02_branch_fix_merge/prompt1.txt'

[2026-10-04T10:32:13] FATAL c06t03_changelog: [Errno 2] No such file or directory: '/home/z/my-project/benchmark/traces/openhands/c06_git_engineering/c06t03_changelog/prompt1.txt'
Traceback (most recent call last):
  File "/home/z/my-project/benchmark/harness/run_stream.py", line 162, in main
    scores.append(run_task(cat, tid, tdir))
                  ^^^^^^^^^^^^^^^^^^^^^^^^
  File "/home/z/my-project/benchmark/harness/run_stream.py", line 74, in run_task
    with open(os.path.join(trace, "prompt1.txt"), "w") as f:
         ^^^^^^^^^^^^^^^^^^^^^^^^^^^^^^^^^^^^^^^^^^^^^
FileNotFoundError: [Errno 2] No such file or directory: '/home/z/my-project/benchmark/traces/openhands/c06_git_engineering/c06t03_changelog/prompt1.txt'

[2026-10-04T10:32:13] FATAL c06t04_conflict: [Errno 2] No such file or directory: '/home/z/my-project/benchmark/traces/openhands/c06_git_engineering/c06t04_conflict/prompt1.txt'
Traceback (most recent call last):
  File "/home/z/my-project/benchmark/harness/run_stream.py", line 162, in main
    scores.append(run_task(cat, tid, tdir))
                  ^^^^^^^^^^^^^^^^^^^^^^^^
  File "/home/z/my-project/benchmark/harness/run_stream.py", line 74, in run_task
    with open(os.path.join(trace, "prompt1.txt"), "w") as f:
         ^^^^^^^^^^^^^^^^^^^^^^^^^^^^^^^^^^^^^^^^^^^^^
FileNotFoundError: [Errno 2] No such file or directory: '/home/z/my-project/benchmark/traces/openhands/c06_git_engineering/c06t04_conflict/prompt1.txt'

[2026-10-04T10:32:13] FATAL c06t05_rebase: [Errno 2] No such file or directory: '/home/z/my-project/benchmark/traces/openhands/c06_git_engineering/c06t05_rebase/prompt1.txt'
Traceback (most recent call last):
  File "/home/z/my-project/benchmark/harness/run_stream.py", line 162, in main
    scores.append(run_task(cat, tid, tdir))
                  ^^^^^^^^^^^^^^^^^^^^^^^^
  File "/home/z/my-project/benchmark/harness/run_stream.py", line 74, in run_task
    with open(os.path.join(trace, "prompt1.txt"), "w") as f:
         ^^^^^^^^^^^^^^^^^^^^^^^^^^^^^^^^^^^^^^^^^^^^^
FileNotFoundError: [Errno 2] No such file or directory: '/home/z/my-project/benchmark/traces/openhands/c06_git_engineering/c06t05_rebase/prompt1.txt'

[2026-10-04T10:32:13] FATAL c07t01_todo_cli: [Errno 2] No such file or directory: '/home/z/my-project/benchmark/traces/openhands/c07_long_horizon/c07t01_todo_cli/prompt1.txt'
Traceback (most recent call last):
  File "/home/z/my-project/benchmark/harness/run_stream.py", line 162, in main
    scores.append(run_task(cat, tid, tdir))
                  ^^^^^^^^^^^^^^^^^^^^^^^^
  File "/home/z/my-project/benchmark/harness/run_stream.py", line 74, in run_task
    with open(os.path.join(trace, "prompt1.txt"), "w") as f:
         ^^^^^^^^^^^^^^^^^^^^^^^^^^^^^^^^^^^^^^^^^^^^^
FileNotFoundError: [Errno 2] No such file or directory: '/home/z/my-project/benchmark/traces/openhands/c07_long_horizon/c07t01_todo_cli/prompt1.txt'

[2026-10-04T10:32:13] FATAL c07t02_site_generator: [Errno 2] No such file or directory: '/home/z/my-project/benchmark/traces/openhands/c07_long_horizon/c07t02_site_generator/prompt1.txt'
Traceback (most recent call last):
  File "/home/z/my-project/benchmark/harness/run_stream.py", line 162, in main
    scores.append(run_task(cat, tid, tdir))
                  ^^^^^^^^^^^^^^^^^^^^^^^^
  File "/home/z/my-project/benchmark/harness/run_stream.py", line 74, in run_task
    with open(os.path.join(trace, "prompt1.txt"), "w") as f:
         ^^^^^^^^^^^^^^^^^^^^^^^^^^^^^^^^^^^^^^^^^^^^^
FileNotFoundError: [Errno 2] No such file or directory: '/home/z/my-project/benchmark/traces/openhands/c07_long_horizon/c07t02_site_generator/prompt1.txt'

[2026-10-04T10:32:13] FATAL c07t03_http_client: [Errno 2] No such file or directory: '/home/z/my-project/benchmark/traces/openhands/c07_long_horizon/c07t03_http_client/prompt1.txt'
Traceback (most recent call last):
  File "/home/z/my-project/benchmark/harness/run_stream.py", line 162, in main
    scores.append(run_task(cat, tid, tdir))
                  ^^^^^^^^^^^^^^^^^^^^^^^^
  File "/home/z/my-project/benchmark/harness/run_stream.py", line 74, in run_task
    with open(os.path.join(trace, "prompt1.txt"), "w") as f:
         ^^^^^^^^^^^^^^^^^^^^^^^^^^^^^^^^^^^^^^^^^^^^^
FileNotFoundError: [Errno 2] No such file or directory: '/home/z/my-project/benchmark/traces/openhands/c07_long_horizon/c07t03_http_client/prompt1.txt'

[2026-10-04T10:32:13] FATAL c07t04_repo_maintenance: [Errno 2] No such file or directory: '/home/z/my-project/benchmark/traces/openhands/c07_long_horizon/c07t04_repo_maintenance/prompt1.txt'
Traceback (most recent call last):
  File "/home/z/my-project/benchmark/harness/run_stream.py", line 162, in main
    scores.append(run_task(cat, tid, tdir))
                  ^^^^^^^^^^^^^^^^^^^^^^^^
  File "/home/z/my-project/benchmark/harness/run_stream.py", line 74, in run_task
    with open(os.path.join(trace, "prompt1.txt"), "w") as f:
         ^^^^^^^^^^^^^^^^^^^^^^^^^^^^^^^^^^^^^^^^^^^^^
FileNotFoundError: [Errno 2] No such file or directory: '/home/z/my-project/benchmark/traces/openhands/c07_long_horizon/c07t04_repo_maintenance/prompt1.txt'

[2026-10-04T10:32:13] FATAL c07t05_data_pipeline: [Errno 2] No such file or directory: '/home/z/my-project/benchmark/traces/openhands/c07_long_horizon/c07t05_data_pipeline/prompt1.txt'
Traceback (most recent call last):
  File "/home/z/my-project/benchmark/harness/run_stream.py", line 162, in main
    scores.append(run_task(cat, tid, tdir))
                  ^^^^^^^^^^^^^^^^^^^^^^^^
  File "/home/z/my-project/benchmark/harness/run_stream.py", line 74, in run_task
    with open(os.path.join(trace, "prompt1.txt"), "w") as f:
         ^^^^^^^^^^^^^^^^^^^^^^^^^^^^^^^^^^^^^^^^^^^^^
FileNotFoundError: [Errno 2] No such file or directory: '/home/z/my-project/benchmark/traces/openhands/c07_long_horizon/c07t05_data_pipeline/prompt1.txt'

[2026-10-04T10:32:13] FATAL c08t01_config_facts: [Errno 2] No such file or directory: '/home/z/my-project/benchmark/traces/openhands/c08_memory/c08t01_config_facts/prompt1.txt'
Traceback (most recent call last):
  File "/home/z/my-project/benchmark/harness/run_stream.py", line 162, in main
    scores.append(run_task(cat, tid, tdir))
                  ^^^^^^^^^^^^^^^^^^^^^^^^
  File "/home/z/my-project/benchmark/harness/run_stream.py", line 74, in run_task
    with open(os.path.join(trace, "prompt1.txt"), "w") as f:
         ^^^^^^^^^^^^^^^^^^^^^^^^^^^^^^^^^^^^^^^^^^^^^
FileNotFoundError: [Errno 2] No such file or directory: '/home/z/my-project/benchmark/traces/openhands/c08_memory/c08t01_config_facts/prompt1.txt'

[2026-10-04T10:32:13] FATAL c08t02_long_spec: [Errno 2] No such file or directory: '/home/z/my-project/benchmark/traces/openhands/c08_memory/c08t02_long_spec/prompt1.txt'
Traceback (most recent call last):
  File "/home/z/my-project/benchmark/harness/run_stream.py", line 162, in main
    scores.append(run_task(cat, tid, tdir))
                  ^^^^^^^^^^^^^^^^^^^^^^^^
  File "/home/z/my-project/benchmark/harness/run_stream.py", line 74, in run_task
    with open(os.path.join(trace, "prompt1.txt"), "w") as f:
         ^^^^^^^^^^^^^^^^^^^^^^^^^^^^^^^^^^^^^^^^^^^^^
FileNotFoundError: [Errno 2] No such file or directory: '/home/z/my-project/benchmark/traces/openhands/c08_memory/c08t02_long_spec/prompt1.txt'

[2026-10-04T10:32:13] FATAL c08t03_resume_reuse: [Errno 2] No such file or directory: '/home/z/my-project/benchmark/traces/openhands/c08_memory/c08t03_resume_reuse/prompt1.txt'
Traceback (most recent call last):
  File "/home/z/my-project/benchmark/harness/run_stream.py", line 162, in main
    scores.append(run_task(cat, tid, tdir))
                  ^^^^^^^^^^^^^^^^^^^^^^^^
  File "/home/z/my-project/benchmark/harness/run_stream.py", line 74, in run_task
    with open(os.path.join(trace, "prompt1.txt"), "w") as f:
         ^^^^^^^^^^^^^^^^^^^^^^^^^^^^^^^^^^^^^^^^^^^^^
FileNotFoundError: [Errno 2] No such file or directory: '/home/z/my-project/benchmark/traces/openhands/c08_memory/c08t03_resume_reuse/prompt1.txt'

[2026-10-04T10:32:13] FATAL c08t04_memory_file: [Errno 2] No such file or directory: '/home/z/my-project/benchmark/traces/openhands/c08_memory/c08t04_memory_file/prompt1.txt'
Traceback (most recent call last):
  File "/home/z/my-project/benchmark/harness/run_stream.py", line 162, in main
    scores.append(run_task(cat, tid, tdir))
                  ^^^^^^^^^^^^^^^^^^^^^^^^
  File "/home/z/my-project/benchmark/harness/run_stream.py", line 74, in run_task
    with open(os.path.join(trace, "prompt1.txt"), "w") as f:
         ^^^^^^^^^^^^^^^^^^^^^^^^^^^^^^^^^^^^^^^^^^^^^
FileNotFoundError: [Errno 2] No such file or directory: '/home/z/my-project/benchmark/traces/openhands/c08_memory/c08t04_memory_file/prompt1.txt'

[2026-10-04T10:32:13] FATAL c08t05_arch_decision: [Errno 2] No such file or directory: '/home/z/my-project/benchmark/traces/openhands/c08_memory/c08t05_arch_decision/prompt1.txt'
Traceback (most recent call last):
  File "/home/z/my-project/benchmark/harness/run_stream.py", line 162, in main
    scores.append(run_task(cat, tid, tdir))
                  ^^^^^^^^^^^^^^^^^^^^^^^^
  File "/home/z/my-project/benchmark/harness/run_stream.py", line 74, in run_task
    with open(os.path.join(trace, "prompt1.txt"), "w") as f:
         ^^^^^^^^^^^^^^^^^^^^^^^^^^^^^^^^^^^^^^^^^^^^^
FileNotFoundError: [Errno 2] No such file or directory: '/home/z/my-project/benchmark/traces/openhands/c08_memory/c08t05_arch_decision/prompt1.txt'

[2026-10-04T10:32:13] FATAL c09t01_three_modules: [Errno 2] No such file or directory: '/home/z/my-project/benchmark/traces/openhands/c09_multi_agent/c09t01_three_modules/prompt1.txt'
Traceback (most recent call last):
  File "/home/z/my-project/benchmark/harness/run_stream.py", line 162, in main
    scores.append(run_task(cat, tid, tdir))
                  ^^^^^^^^^^^^^^^^^^^^^^^^
  File "/home/z/my-project/benchmark/harness/run_stream.py", line 74, in run_task
    with open(os.path.join(trace, "prompt1.txt"), "w") as f:
         ^^^^^^^^^^^^^^^^^^^^^^^^^^^^^^^^^^^^^^^^^^^^^
FileNotFoundError: [Errno 2] No such file or directory: '/home/z/my-project/benchmark/traces/openhands/c09_multi_agent/c09t01_three_modules/prompt1.txt'

[2026-10-04T10:32:13] FATAL c09t02_service_contract: [Errno 2] No such file or directory: '/home/z/my-project/benchmark/traces/openhands/c09_multi_agent/c09t02_service_contract/prompt1.txt'
Traceback (most recent call last):
  File "/home/z/my-project/benchmark/harness/run_stream.py", line 162, in main
    scores.append(run_task(cat, tid, tdir))
                  ^^^^^^^^^^^^^^^^^^^^^^^^
  File "/home/z/my-project/benchmark/harness/run_stream.py", line 74, in run_task
    with open(os.path.join(trace, "prompt1.txt"), "w") as f:
         ^^^^^^^^^^^^^^^^^^^^^^^^^^^^^^^^^^^^^^^^^^^^^
FileNotFoundError: [Errno 2] No such file or directory: '/home/z/my-project/benchmark/traces/openhands/c09_multi_agent/c09t02_service_contract/prompt1.txt'

[2026-10-04T10:32:13] FATAL c09t03_code_docs_match: [Errno 2] No such file or directory: '/home/z/my-project/benchmark/traces/openhands/c09_multi_agent/c09t03_code_docs_match/prompt1.txt'
Traceback (most recent call last):
  File "/home/z/my-project/benchmark/harness/run_stream.py", line 162, in main
    scores.append(run_task(cat, tid, tdir))
                  ^^^^^^^^^^^^^^^^^^^^^^^^
  File "/home/z/my-project/benchmark/harness/run_stream.py", line 74, in run_task
    with open(os.path.join(trace, "prompt1.txt"), "w") as f:
         ^^^^^^^^^^^^^^^^^^^^^^^^^^^^^^^^^^^^^^^^^^^^^
FileNotFoundError: [Errno 2] No such file or directory: '/home/z/my-project/benchmark/traces/openhands/c09_multi_agent/c09t03_code_docs_match/prompt1.txt'

[2026-10-04T10:32:13] FATAL c09t04_transforms: [Errno 2] No such file or directory: '/home/z/my-project/benchmark/traces/openhands/c09_multi_agent/c09t04_transforms/prompt1.txt'
Traceback (most recent call last):
  File "/home/z/my-project/benchmark/harness/run_stream.py", line 162, in main
    scores.append(run_task(cat, tid, tdir))
                  ^^^^^^^^^^^^^^^^^^^^^^^^
  File "/home/z/my-project/benchmark/harness/run_stream.py", line 74, in run_task
    with open(os.path.join(trace, "prompt1.txt"), "w") as f:
         ^^^^^^^^^^^^^^^^^^^^^^^^^^^^^^^^^^^^^^^^^^^^^
FileNotFoundError: [Errno 2] No such file or directory: '/home/z/my-project/benchmark/traces/openhands/c09_multi_agent/c09t04_transforms/prompt1.txt'

[2026-10-04T10:32:13] FATAL c09t05_tdd: [Errno 2] No such file or directory: '/home/z/my-project/benchmark/traces/openhands/c09_multi_agent/c09t05_tdd/prompt1.txt'
Traceback (most recent call last):
  File "/home/z/my-project/benchmark/harness/run_stream.py", line 162, in main
    scores.append(run_task(cat, tid, tdir))
                  ^^^^^^^^^^^^^^^^^^^^^^^^
  File "/home/z/my-project/benchmark/harness/run_stream.py", line 74, in run_task
    with open(os.path.join(trace, "prompt1.txt"), "w") as f:
         ^^^^^^^^^^^^^^^^^^^^^^^^^^^^^^^^^^^^^^^^^^^^^
FileNotFoundError: [Errno 2] No such file or directory: '/home/z/my-project/benchmark/traces/openhands/c09_multi_agent/c09t05_tdd/prompt1.txt'

[2026-10-04T10:32:13] FATAL c10t01_url_shortener: [Errno 2] No such file or directory: '/home/z/my-project/benchmark/traces/openhands/c10_e2e/c10t01_url_shortener/prompt1.txt'
Traceback (most recent call last):
  File "/home/z/my-project/benchmark/harness/run_stream.py", line 162, in main
    scores.append(run_task(cat, tid, tdir))
                  ^^^^^^^^^^^^^^^^^^^^^^^^
  File "/home/z/my-project/benchmark/harness/run_stream.py", line 74, in run_task
    with open(os.path.join(trace, "prompt1.txt"), "w") as f:
         ^^^^^^^^^^^^^^^^^^^^^^^^^^^^^^^^^^^^^^^^^^^^^
FileNotFoundError: [Errno 2] No such file or directory: '/home/z/my-project/benchmark/traces/openhands/c10_e2e/c10t01_url_shortener/prompt1.txt'

[2026-10-04T10:32:13] FATAL c10t02_md_tasks: [Errno 2] No such file or directory: '/home/z/my-project/benchmark/traces/openhands/c10_e2e/c10t02_md_tasks/prompt1.txt'
Traceback (most recent call last):
  File "/home/z/my-project/benchmark/harness/run_stream.py", line 162, in main
    scores.append(run_task(cat, tid, tdir))
                  ^^^^^^^^^^^^^^^^^^^^^^^^
  File "/home/z/my-project/benchmark/harness/run_stream.py", line 74, in run_task
    with open(os.path.join(trace, "prompt1.txt"), "w") as f:
         ^^^^^^^^^^^^^^^^^^^^^^^^^^^^^^^^^^^^^^^^^^^^^
FileNotFoundError: [Errno 2] No such file or directory: '/home/z/my-project/benchmark/traces/openhands/c10_e2e/c10t02_md_tasks/prompt1.txt'

[2026-10-04T10:32:13] FATAL c10t03_json_api: [Errno 2] No such file or directory: '/home/z/my-project/benchmark/traces/openhands/c10_e2e/c10t03_json_api/prompt1.txt'
Traceback (most recent call last):
  File "/home/z/my-project/benchmark/harness/run_stream.py", line 162, in main
    scores.append(run_task(cat, tid, tdir))
                  ^^^^^^^^^^^^^^^^^^^^^^^^
  File "/home/z/my-project/benchmark/harness/run_stream.py", line 74, in run_task
    with open(os.path.join(trace, "prompt1.txt"), "w") as f:
         ^^^^^^^^^^^^^^^^^^^^^^^^^^^^^^^^^^^^^^^^^^^^^
FileNotFoundError: [Errno 2] No such file or directory: '/home/z/my-project/benchmark/traces/openhands/c10_e2e/c10t03_json_api/prompt1.txt'

[2026-10-04T10:32:13] FATAL c10t04_report_gen: [Errno 2] No such file or directory: '/home/z/my-project/benchmark/traces/openhands/c10_e2e/c10t04_report_gen/prompt1.txt'
Traceback (most recent call last):
  File "/home/z/my-project/benchmark/harness/run_stream.py", line 162, in main
    scores.append(run_task(cat, tid, tdir))
                  ^^^^^^^^^^^^^^^^^^^^^^^^
  File "/home/z/my-project/benchmark/harness/run_stream.py", line 74, in run_task
    with open(os.path.join(trace, "prompt1.txt"), "w") as f:
         ^^^^^^^^^^^^^^^^^^^^^^^^^^^^^^^^^^^^^^^^^^^^^
FileNotFoundError: [Errno 2] No such file or directory: '/home/z/my-project/benchmark/traces/openhands/c10_e2e/c10t04_report_gen/prompt1.txt'

[2026-10-04T10:32:13] FATAL c10t05_plugin_calc: [Errno 2] No such file or directory: '/home/z/my-project/benchmark/traces/openhands/c10_e2e/c10t05_plugin_calc/prompt1.txt'
Traceback (most recent call last):
  File "/home/z/my-project/benchmark/harness/run_stream.py", line 162, in main
    scores.append(run_task(cat, tid, tdir))
                  ^^^^^^^^^^^^^^^^^^^^^^^^
  File "/home/z/my-project/benchmark/harness/run_stream.py", line 74, in run_task
    with open(os.path.join(trace, "prompt1.txt"), "w") as f:
         ^^^^^^^^^^^^^^^^^^^^^^^^^^^^^^^^^^^^^^^^^^^^^
FileNotFoundError: [Errno 2] No such file or directory: '/home/z/my-project/benchmark/traces/openhands/c10_e2e/c10t05_plugin_calc/prompt1.txt'

[2026-10-04T10:32:13] === stream end agent=openhands subtotal=0/0 ===
[2026-10-04T10:33:50] === stream start agent=openhands tasks=50 ===
[2026-10-04T10:33:50] RUN c01t01_bracket_validator agent=openhands steps=30 timeout=420s turns=1
[2026-10-04T10:34:25] DONE c01t01_bracket_validator score=20/20 passed=True dur=31.9s
[2026-10-04T10:34:25] RUN c01t02_flatten_dict agent=openhands steps=30 timeout=420s turns=1
[2026-10-04T10:39:43] RETRY c01t02_flatten_dict (provider/timeout issue, attempt 1)
[2026-10-04T10:40:52] DONE c01t02_flatten_dict score=20/20 passed=True dur=44.5s
[2026-10-04T10:40:52] RUN c01t03_lru_cache agent=openhands steps=30 timeout=420s turns=1
[2026-10-04T10:41:49] RETRY c01t03_lru_cache (provider/timeout issue, attempt 1)
[2026-10-04T10:43:06] DONE c01t03_lru_cache score=20/20 passed=True dur=53.5s
[2026-10-04T10:43:06] RUN c01t04_csv_parser agent=openhands steps=30 timeout=420s turns=1
[2026-10-04T10:45:01] RETRY c01t04_csv_parser (provider/timeout issue, attempt 1)
[2026-10-04T10:45:50] DONE c01t04_csv_parser score=20/20 passed=True dur=26.6s
[2026-10-04T10:45:50] RUN c01t05_matrix_ops agent=openhands steps=30 timeout=420s turns=1
[2026-10-04T10:47:05] RETRY c01t05_matrix_ops (provider/timeout issue, attempt 1)
[2026-10-04T10:48:43] DONE c01t05_matrix_ops score=20/20 passed=True dur=75.2s
[2026-10-04T10:48:43] RUN c02t01_binary_search agent=openhands steps=30 timeout=420s turns=1
[2026-10-04T10:49:36] RETRY c02t01_binary_search (provider/timeout issue, attempt 1)
[2026-10-04T10:53:56] DONE c02t01_binary_search score=20/20 passed=True dur=233.0s
[2026-10-04T10:53:56] RUN c02t02_mutable_defaults agent=openhands steps=30 timeout=420s turns=1
[2026-10-04T10:54:22] DONE c02t02_mutable_defaults score=20/20 passed=True dur=23.2s
[2026-10-04T10:54:22] RUN c02t03_money_floats agent=openhands steps=30 timeout=420s turns=1
[2026-10-04T10:56:46] RETRY c02t03_money_floats (provider/timeout issue, attempt 1)
[2026-10-04T10:58:04] DONE c02t03_money_floats score=20/20 passed=True dur=54.0s
[2026-10-04T10:58:04] RUN c02t04_email_regex agent=openhands steps=30 timeout=420s turns=1
[2026-10-04T10:59:09] DONE c02t04_email_regex score=20/20 passed=True dur=59.4s
[2026-10-04T10:59:09] RUN c02t05_timezone_mix agent=openhands steps=30 timeout=420s turns=1
[2026-10-04T11:00:56] RETRY c02t05_timezone_mix (provider/timeout issue, attempt 1)
[2026-10-04T11:05:00] DONE c02t05_timezone_mix score=20/20 passed=True dur=220.4s
[2026-10-04T11:05:00] RUN c03t01_search agent=openhands steps=30 timeout=420s turns=1
[2026-10-04T11:06:35] RETRY c03t01_search (provider/timeout issue, attempt 1)
