[2026-10-04T14:00:45] === stream start agent=hermes tasks=50 ===
[2026-10-04T14:00:45] RUN c01t01_bracket_validator agent=hermes steps=30 timeout=420s turns=1
[2026-10-04T14:01:28] RETRY c01t01_bracket_validator (provider/timeout issue, attempt 1)
[2026-10-04T14:02:36] RETRY c01t01_bracket_validator (provider/timeout issue, attempt 2)
[2026-10-04T14:04:28] DONE c01t01_bracket_validator score=20/20 passed=True dur=49.6s
[2026-10-04T14:04:28] RUN c01t02_flatten_dict agent=hermes steps=30 timeout=420s turns=1
[2026-10-04T14:05:30] DONE c01t02_flatten_dict score=20/20 passed=True dur=60.0s
[2026-10-04T14:05:30] RUN c01t03_lru_cache agent=hermes steps=30 timeout=420s turns=1
[2026-10-04T14:05:46] RETRY c01t03_lru_cache (provider/timeout issue, attempt 1)
[2026-10-04T14:07:35] RETRY c01t03_lru_cache (provider/timeout issue, attempt 2)
[2026-10-04T14:08:53] DONE c01t03_lru_cache score=0/2 passed=False dur=18.1s
[2026-10-04T14:08:53] RUN c01t04_csv_parser agent=hermes steps=30 timeout=420s turns=1
[2026-10-04T14:11:21] RETRY c01t04_csv_parser (provider/timeout issue, attempt 1)
[2026-10-04T14:14:38] RETRY c01t04_csv_parser (provider/timeout issue, attempt 2)
[2026-10-04T14:22:40] DONE c01t04_csv_parser score=20/20 passed=True dur=420.1s
[2026-10-04T14:22:40] RUN c01t05_matrix_ops agent=hermes steps=30 timeout=420s turns=1
[2026-10-04T14:23:04] RETRY c01t05_matrix_ops (provider/timeout issue, attempt 1)
[2026-10-04T14:24:25] RETRY c01t05_matrix_ops (provider/timeout issue, attempt 2)
[2026-10-04T14:25:44] DONE c01t05_matrix_ops score=20/20 passed=True dur=17.1s
[2026-10-04T14:25:44] RUN c02t01_binary_search agent=hermes steps=30 timeout=420s turns=1
[2026-10-04T14:26:00] RETRY c02t01_binary_search (provider/timeout issue, attempt 1)
[2026-10-04T14:26:51] RETRY c02t01_binary_search (provider/timeout issue, attempt 2)
[2026-10-04T14:28:12] DONE c02t01_binary_search score=2/20 passed=False dur=16.8s
[2026-10-04T14:28:12] RUN c02t02_mutable_defaults agent=hermes steps=30 timeout=420s turns=1
[2026-10-04T14:28:29] RETRY c02t02_mutable_defaults (provider/timeout issue, attempt 1)
[2026-10-04T14:29:22] RETRY c02t02_mutable_defaults (provider/timeout issue, attempt 2)
[2026-10-04T14:30:49] DONE c02t02_mutable_defaults score=2/20 passed=False dur=24.7s
[2026-10-04T14:30:49] RUN c02t03_money_floats agent=hermes steps=30 timeout=420s turns=1
[2026-10-04T14:31:05] RETRY c02t03_money_floats (provider/timeout issue, attempt 1)
[2026-10-04T14:32:11] RETRY c02t03_money_floats (provider/timeout issue, attempt 2)
[2026-10-04T14:33:40] DONE c02t03_money_floats score=20/20 passed=True dur=26.3s
[2026-10-04T14:33:40] RUN c02t04_email_regex agent=hermes steps=30 timeout=420s turns=1
[2026-10-04T14:33:57] RETRY c02t04_email_regex (provider/timeout issue, attempt 1)
[2026-10-04T14:35:21] RETRY c02t04_email_regex (provider/timeout issue, attempt 2)
[2026-10-04T14:37:34] DONE c02t04_email_regex score=20/20 passed=True dur=68.6s
[2026-10-04T14:37:34] RUN c02t05_timezone_mix agent=hermes steps=30 timeout=420s turns=1
[2026-10-04T14:38:16] RETRY c02t05_timezone_mix (provider/timeout issue, attempt 1)
[2026-10-04T14:39:36] RETRY c02t05_timezone_mix (provider/timeout issue, attempt 2)
[2026-10-04T14:41:08] DONE c02t05_timezone_mix score=20/20 passed=True dur=29.3s
[2026-10-04T14:41:08] RUN c03t01_search agent=hermes steps=30 timeout=420s turns=1
[2026-10-04T14:41:25] RETRY c03t01_search (provider/timeout issue, attempt 1)
[2026-10-04T14:42:26] RETRY c03t01_search (provider/timeout issue, attempt 2)
[2026-10-04T14:44:01] DONE c03t01_search score=20/20 passed=True dur=32.6s
[2026-10-04T14:44:01] RUN c03t02_remove_stock agent=hermes steps=30 timeout=420s turns=1
[2026-10-04T14:44:17] RETRY c03t02_remove_stock (provider/timeout issue, attempt 1)
[2026-10-04T14:45:55] RETRY c03t02_remove_stock (provider/timeout issue, attempt 2)
[2026-10-04T14:47:16] DONE c03t02_remove_stock score=20/20 passed=True dur=18.5s
[2026-10-04T14:47:16] RUN c03t03_export_csv agent=hermes steps=30 timeout=420s turns=1
[2026-10-04T14:48:44] RETRY c03t03_export_csv (provider/timeout issue, attempt 1)
[2026-10-04T14:49:54] RETRY c03t03_export_csv (provider/timeout issue, attempt 2)
[2026-10-04T14:51:21] DONE c03t03_export_csv score=20/20 passed=True dur=24.8s
[2026-10-04T14:51:21] RUN c03t04_event_log agent=hermes steps=30 timeout=420s turns=1
[2026-10-04T14:52:40] RETRY c03t04_event_log (provider/timeout issue, attempt 1)
[2026-10-04T14:53:39] RETRY c03t04_event_log (provider/timeout issue, attempt 2)
[2026-10-04T14:54:58] DONE c03t04_event_log score=20/20 passed=True dur=17.4s
[2026-10-04T14:54:58] RUN c03t05_discount agent=hermes steps=30 timeout=420s turns=1
[2026-10-04T14:55:58] DONE c03t05_discount score=20/20 passed=True dur=56.5s
[2026-10-04T14:55:58] RUN c04t01_stringutils_qa agent=hermes steps=30 timeout=420s turns=1
[2026-10-04T14:56:16] RETRY c04t01_stringutils_qa (provider/timeout issue, attempt 1)
[2026-10-04T14:58:29] RETRY c04t01_stringutils_qa (provider/timeout issue, attempt 2)
[2026-10-04T14:59:49] DONE c04t01_stringutils_qa score=0/4 passed=False dur=20.8s
[2026-10-04T14:59:49] RUN c04t02_stats_qa agent=hermes steps=30 timeout=420s turns=1
[2026-10-04T15:01:06] RETRY c04t02_stats_qa (provider/timeout issue, attempt 1)
[2026-10-04T15:02:30] RETRY c04t02_stats_qa (provider/timeout issue, attempt 2)
[2026-10-04T15:04:00] DONE c04t02_stats_qa score=20/20 passed=True dur=25.3s
[2026-10-04T15:04:00] RUN c04t03_argparse_qa agent=hermes steps=30 timeout=420s turns=1
[2026-10-04T15:04:22] RETRY c04t03_argparse_qa (provider/timeout issue, attempt 1)
[2026-10-04T15:05:40] DONE c04t03_argparse_qa score=0/4 passed=False dur=48.4s
[2026-10-04T15:05:40] RUN c04t04_jsonutils_qa agent=hermes steps=30 timeout=420s turns=1
[2026-10-04T15:05:56] RETRY c04t04_jsonutils_qa (provider/timeout issue, attempt 1)
[2026-10-04T15:08:20] RETRY c04t04_jsonutils_qa (provider/timeout issue, attempt 2)
[2026-10-04T15:09:36] DONE c04t04_jsonutils_qa score=0/4 passed=False dur=15.5s
[2026-10-04T15:09:36] RUN c04t05_regression_daterange agent=hermes steps=30 timeout=420s turns=1
[2026-10-04T15:10:42] RETRY c04t05_regression_daterange (provider/timeout issue, attempt 1)
[2026-10-04T15:12:18] RETRY c04t05_regression_daterange (provider/timeout issue, attempt 2)
[2026-10-04T15:14:44] DONE c04t05_regression_daterange score=20/20 passed=True dur=81.3s
[2026-10-04T15:14:44] RUN c05t01_dedupe agent=hermes steps=30 timeout=420s turns=1
[2026-10-04T15:15:04] RETRY c05t01_dedupe (provider/timeout issue, attempt 1)
[2026-10-04T15:17:07] RETRY c05t01_dedupe (provider/timeout issue, attempt 2)
[2026-10-04T15:20:24] DONE c05t01_dedupe score=20/20 passed=True dur=134.9s
[2026-10-04T15:20:24] RUN c05t02_globals_to_class agent=hermes steps=30 timeout=420s turns=1
[2026-10-04T15:20:41] RETRY c05t02_globals_to_class (provider/timeout issue, attempt 1)
[2026-10-04T15:21:45] RETRY c05t02_globals_to_class (provider/timeout issue, attempt 2)
[2026-10-04T15:23:11] DONE c05t02_globals_to_class score=20/20 passed=True dur=23.7s
[2026-10-04T15:23:11] RUN c05t03_god_function agent=hermes steps=30 timeout=420s turns=1
[2026-10-04T15:23:28] RETRY c05t03_god_function (provider/timeout issue, attempt 1)
[2026-10-04T15:25:55] RETRY c05t03_god_function (provider/timeout issue, attempt 2)
[2026-10-04T15:28:56] DONE c05t03_god_function score=20/20 passed=True dur=119.4s
[2026-10-04T15:28:56] RUN c05t04_naming_docs agent=hermes steps=30 timeout=420s turns=1
[2026-10-04T15:29:13] RETRY c05t04_naming_docs (provider/timeout issue, attempt 1)
[2026-10-04T15:30:42] RETRY c05t04_naming_docs (provider/timeout issue, attempt 2)
[2026-10-04T15:34:19] DONE c05t04_naming_docs score=5/20 passed=False dur=155.6s
[2026-10-04T15:34:19] RUN c05t05_error_handling agent=hermes steps=30 timeout=420s turns=1
[2026-10-04T15:36:16] RETRY c05t05_error_handling (provider/timeout issue, attempt 1)
[2026-10-04T15:37:49] RETRY c05t05_error_handling (provider/timeout issue, attempt 2)
[2026-10-04T15:39:17] DONE c05t05_error_handling score=20/20 passed=True dur=26.2s
[2026-10-04T15:39:17] RUN c06t01_init_commits agent=hermes steps=30 timeout=420s turns=1
[2026-10-04T15:41:29] DONE c06t01_init_commits score=20/20 passed=True dur=131.7s
[2026-10-04T15:41:29] RUN c06t02_branch_fix_merge agent=hermes steps=30 timeout=420s turns=1
[2026-10-04T15:42:45] RETRY c06t02_branch_fix_merge (provider/timeout issue, attempt 1)
[2026-10-04T15:43:56] RETRY c06t02_branch_fix_merge (provider/timeout issue, attempt 2)
[2026-10-04T15:45:38] DONE c06t02_branch_fix_merge score=8/20 passed=False dur=40.4s
[2026-10-04T15:45:38] RUN c06t03_changelog agent=hermes steps=30 timeout=420s turns=1
[2026-10-04T15:45:54] RETRY c06t03_changelog (provider/timeout issue, attempt 1)
[2026-10-04T15:47:51] RETRY c06t03_changelog (provider/timeout issue, attempt 2)
[2026-10-04T15:54:19] DONE c06t03_changelog score=2/13 passed=False dur=328.1s
[2026-10-04T15:54:19] RUN c06t04_conflict agent=hermes steps=30 timeout=420s turns=1
[2026-10-04T15:54:36] RETRY c06t04_conflict (provider/timeout issue, attempt 1)
[2026-10-04T15:55:24] RETRY c06t04_conflict (provider/timeout issue, attempt 2)
[2026-10-04T15:56:45] DONE c06t04_conflict score=8/20 passed=False dur=19.0s
[2026-10-04T15:56:45] RUN c06t05_rebase agent=hermes steps=30 timeout=420s turns=1
[2026-10-04T15:57:02] RETRY c06t05_rebase (provider/timeout issue, attempt 1)
[2026-10-04T15:58:35] RETRY c06t05_rebase (provider/timeout issue, attempt 2)
[2026-10-04T16:00:31] DONE c06t05_rebase score=17/20 passed=False dur=55.4s
[2026-10-04T16:00:31] RUN c07t01_todo_cli agent=hermes steps=45 timeout=540s turns=1
[2026-10-04T16:00:47] RETRY c07t01_todo_cli (provider/timeout issue, attempt 1)
[2026-10-04T16:02:37] RETRY c07t01_todo_cli (provider/timeout issue, attempt 2)
[2026-10-04T16:08:39] DONE c07t01_todo_cli score=20/20 passed=True dur=301.9s
[2026-10-04T16:08:39] RUN c07t02_site_generator agent=hermes steps=45 timeout=540s turns=1
[2026-10-04T16:09:52] RETRY c07t02_site_generator (provider/timeout issue, attempt 1)
[2026-10-04T16:11:03] RETRY c07t02_site_generator (provider/timeout issue, attempt 2)
[2026-10-04T16:12:42] DONE c07t02_site_generator score=20/20 passed=True dur=38.7s
[2026-10-04T16:12:42] RUN c07t03_http_client agent=hermes steps=45 timeout=540s turns=1
[2026-10-04T16:13:18] RETRY c07t03_http_client (provider/timeout issue, attempt 1)
[2026-10-04T16:17:49] DONE c07t03_http_client score=18/20 passed=False dur=236.2s
[2026-10-04T16:17:49] RUN c07t04_repo_maintenance agent=hermes steps=45 timeout=540s turns=1
[2026-10-04T16:18:05] RETRY c07t04_repo_maintenance (provider/timeout issue, attempt 1)
[2026-10-04T16:20:43] RETRY c07t04_repo_maintenance (provider/timeout issue, attempt 2)
[2026-10-04T16:23:30] DONE c07t04_repo_maintenance score=20/20 passed=True dur=104.2s
[2026-10-04T16:23:30] RUN c07t05_data_pipeline agent=hermes steps=45 timeout=540s turns=1
[2026-10-04T16:23:47] RETRY c07t05_data_pipeline (provider/timeout issue, attempt 1)
[2026-10-04T16:25:59] DONE c07t05_data_pipeline score=16/20 passed=False dur=102.0s
[2026-10-04T16:25:59] RUN c08t01_config_facts agent=hermes steps=25 timeout=330s turns=2
[2026-10-04T16:26:42] DONE c08t01_config_facts score=20/20 passed=True dur=43.2s
[2026-10-04T16:26:42] RUN c08t02_long_spec agent=hermes steps=25 timeout=330s turns=2
[2026-10-04T16:30:10] RETRY c08t02_long_spec (provider/timeout issue, attempt 1)
[2026-10-04T16:32:42] DONE c08t02_long_spec score=20/20 passed=True dur=120.3s
[2026-10-04T16:32:42] RUN c08t03_resume_reuse agent=hermes steps=25 timeout=330s turns=2
[2026-10-04T16:34:38] RETRY c08t03_resume_reuse (provider/timeout issue, attempt 1)
[2026-10-04T16:35:56] RETRY c08t03_resume_reuse (provider/timeout issue, attempt 2)
[2026-10-04T16:37:56] DONE c08t03_resume_reuse score=20/20 passed=True dur=57.1s
[2026-10-04T16:37:56] RUN c08t04_memory_file agent=hermes steps=25 timeout=330s turns=2
[2026-10-04T16:39:15] RETRY c08t04_memory_file (provider/timeout issue, attempt 1)
[2026-10-04T16:40:31] RETRY c08t04_memory_file (provider/timeout issue, attempt 2)
[2026-10-04T16:42:07] DONE c08t04_memory_file score=9/13 passed=False dur=35.6s
[2026-10-04T16:42:07] RUN c08t05_arch_decision agent=hermes steps=25 timeout=330s turns=2
[2026-10-04T16:43:49] RETRY c08t05_arch_decision (provider/timeout issue, attempt 1)
[2026-10-04T16:47:01] RETRY c08t05_arch_decision (provider/timeout issue, attempt 2)
[2026-10-04T16:49:04] DONE c08t05_arch_decision score=20/20 passed=True dur=60.2s
[2026-10-04T16:49:04] RUN c09t01_three_modules agent=hermes steps=30 timeout=420s turns=1
[2026-10-04T16:49:53] DONE c09t01_three_modules score=0/6 passed=False dur=49.3s
[2026-10-04T16:49:53] RUN c09t02_service_contract agent=hermes steps=30 timeout=420s turns=1
[2026-10-04T16:52:59] DONE c09t02_service_contract score=20/20 passed=True dur=183.2s
[2026-10-04T16:52:59] RUN c09t03_code_docs_match agent=hermes steps=30 timeout=420s turns=1
[2026-10-04T16:55:50] RETRY c09t03_code_docs_match (provider/timeout issue, attempt 1)
[2026-10-04T16:57:56] RETRY c09t03_code_docs_match (provider/timeout issue, attempt 2)
[2026-10-04T16:59:16] DONE c09t03_code_docs_match score=16/20 passed=False dur=17.2s
[2026-10-04T16:59:16] RUN c09t04_transforms agent=hermes steps=30 timeout=420s turns=1
[2026-10-04T17:00:46] DONE c09t04_transforms score=20/20 passed=True dur=87.7s
[2026-10-04T17:00:46] RUN c09t05_tdd agent=hermes steps=30 timeout=420s turns=1
[2026-10-04T17:03:36] RETRY c09t05_tdd (provider/timeout issue, attempt 1)
[2026-10-04T17:08:09] RETRY c09t05_tdd (provider/timeout issue, attempt 2)
[2026-10-04T17:09:30] DONE c09t05_tdd score=20/20 passed=True dur=16.3s
[2026-10-04T17:09:30] RUN c10t01_url_shortener agent=hermes steps=45 timeout=540s turns=1
[2026-10-04T17:10:38] RETRY c10t01_url_shortener (provider/timeout issue, attempt 1)
[2026-10-04T17:15:01] RETRY c10t01_url_shortener (provider/timeout issue, attempt 2)
[2026-10-04T17:16:20] DONE c10t01_url_shortener score=20/20 passed=True dur=16.2s
[2026-10-04T17:16:20] RUN c10t02_md_tasks agent=hermes steps=45 timeout=540s turns=1
[2026-10-04T17:21:59] DONE c10t02_md_tasks score=20/20 passed=True dur=338.6s
[2026-10-04T17:21:59] RUN c10t03_json_api agent=hermes steps=45 timeout=540s turns=1
[2026-10-04T17:26:43] DONE c10t03_json_api score=20/20 passed=True dur=282.7s
[2026-10-04T17:26:43] RUN c10t04_report_gen agent=hermes steps=45 timeout=540s turns=1
[2026-10-04T17:27:42] DONE c10t04_report_gen score=20/20 passed=True dur=58.3s
[2026-10-04T17:27:42] RUN c10t05_plugin_calc agent=hermes steps=45 timeout=540s turns=1
[2026-10-04T17:29:31] DONE c10t05_plugin_calc score=20/20 passed=True dur=107.0s
[2026-10-04T17:29:31] === stream end agent=hermes subtotal=783/1000 ===
[2026-10-04T18:51:32] === stream start agent=hermes tasks=50 ===
[2026-10-04T18:51:32] SKIP c01t01_bracket_validator (already has result.json — immutability)
[2026-10-04T18:51:32] SKIP c01t02_flatten_dict (already has result.json — immutability)
[2026-10-04T18:51:32] RUN c01t03_lru_cache agent=hermes steps=30 timeout=420s turns=1
[2026-10-04T18:52:19] DONE c01t03_lru_cache score=20/20 passed=True dur=45.3s
[2026-10-04T18:52:19] SKIP c01t04_csv_parser (already has result.json — immutability)
[2026-10-04T18:52:19] SKIP c01t05_matrix_ops (already has result.json — immutability)
[2026-10-04T18:52:19] RUN c02t01_binary_search agent=hermes steps=30 timeout=420s turns=1
[2026-10-04T18:53:00] DONE c02t01_binary_search score=20/20 passed=True dur=36.2s
[2026-10-04T18:53:00] RUN c02t02_mutable_defaults agent=hermes steps=30 timeout=420s turns=1
[2026-10-04T18:53:33] DONE c02t02_mutable_defaults score=20/20 passed=True dur=31.1s
[2026-10-04T18:53:33] SKIP c02t03_money_floats (already has result.json — immutability)
[2026-10-04T18:53:33] SKIP c02t04_email_regex (already has result.json — immutability)
[2026-10-04T18:53:33] SKIP c02t05_timezone_mix (already has result.json — immutability)
[2026-10-04T18:53:33] SKIP c03t01_search (already has result.json — immutability)
[2026-10-04T18:53:33] SKIP c03t02_remove_stock (already has result.json — immutability)
[2026-10-04T18:53:33] SKIP c03t03_export_csv (already has result.json — immutability)
[2026-10-04T18:53:33] SKIP c03t04_event_log (already has result.json — immutability)
[2026-10-04T18:53:33] SKIP c03t05_discount (already has result.json — immutability)
[2026-10-04T18:53:33] RUN c04t01_stringutils_qa agent=hermes steps=30 timeout=420s turns=1
[2026-10-04T18:58:17] RETRY c04t01_stringutils_qa (provider/timeout issue, attempt 1)
[2026-10-04T19:01:16] DONE c04t01_stringutils_qa score=14/20 passed=False dur=144.2s
[2026-10-04T19:01:16] SKIP c04t02_stats_qa (already has result.json — immutability)
[2026-10-04T19:01:16] SKIP c04t03_argparse_qa (already has result.json — immutability)
[2026-10-04T19:01:16] RUN c04t04_jsonutils_qa agent=hermes steps=30 timeout=420s turns=1
[2026-10-04T19:08:16] RETRY c04t04_jsonutils_qa (provider/timeout issue, attempt 1)
[2026-10-04T19:15:46] RETRY c04t04_jsonutils_qa (provider/timeout issue, attempt 2)
[2026-10-04T19:23:52] DONE c04t04_jsonutils_qa score=20/20 passed=True dur=420.1s
[2026-10-04T19:23:52] SKIP c04t05_regression_daterange (already has result.json — immutability)
[2026-10-04T19:23:52] SKIP c05t01_dedupe (already has result.json — immutability)
[2026-10-04T19:23:52] SKIP c05t02_globals_to_class (already has result.json — immutability)
[2026-10-04T19:23:52] SKIP c05t03_god_function (already has result.json — immutability)
[2026-10-04T19:23:52] RUN c05t04_naming_docs agent=hermes steps=30 timeout=420s turns=1
[2026-10-04T19:25:34] DONE c05t04_naming_docs score=10/20 passed=False dur=100.1s
[2026-10-04T19:25:34] SKIP c05t05_error_handling (already has result.json — immutability)
[2026-10-04T19:25:34] SKIP c06t01_init_commits (already has result.json — immutability)
[2026-10-04T19:25:34] RUN c06t02_branch_fix_merge agent=hermes steps=30 timeout=420s turns=1
[2026-10-04T19:25:58] RETRY c06t02_branch_fix_merge (provider/timeout issue, attempt 1)
[2026-10-04T19:27:24] RETRY c06t02_branch_fix_merge (provider/timeout issue, attempt 2)
[2026-10-04T19:29:05] DONE c06t02_branch_fix_merge score=20/20 passed=True dur=38.8s
[2026-10-04T19:29:05] RUN c06t03_changelog agent=hermes steps=30 timeout=420s turns=1
[2026-10-04T19:29:23] RETRY c06t03_changelog (provider/timeout issue, attempt 1)
[2026-10-04T19:33:02] DONE c06t03_changelog score=20/20 passed=True dur=189.2s
[2026-10-04T19:33:02] RUN c06t04_conflict agent=hermes steps=30 timeout=420s turns=1
[2026-10-04T19:34:49] DONE c06t04_conflict score=20/20 passed=True dur=105.1s
[2026-10-04T19:34:49] SKIP c06t05_rebase (already has result.json — immutability)
[2026-10-04T19:34:49] SKIP c07t01_todo_cli (already has result.json — immutability)
[2026-10-04T19:34:49] SKIP c07t02_site_generator (already has result.json — immutability)
[2026-10-04T19:34:49] SKIP c07t03_http_client (already has result.json — immutability)
[2026-10-04T19:34:49] SKIP c07t04_repo_maintenance (already has result.json — immutability)
[2026-10-04T19:34:49] SKIP c07t05_data_pipeline (already has result.json — immutability)
[2026-10-04T19:34:49] SKIP c08t01_config_facts (already has result.json — immutability)
[2026-10-04T19:34:49] SKIP c08t02_long_spec (already has result.json — immutability)
[2026-10-04T19:34:49] SKIP c08t03_resume_reuse (already has result.json — immutability)
[2026-10-04T19:34:49] RUN c08t04_memory_file agent=hermes steps=25 timeout=330s turns=2
[2026-10-04T19:36:10] DONE c08t04_memory_file score=20/20 passed=True dur=80.8s
[2026-10-04T19:36:10] SKIP c08t05_arch_decision (already has result.json — immutability)
[2026-10-04T19:36:10] SKIP c09t01_three_modules (already has result.json — immutability)
[2026-10-04T19:36:10] SKIP c09t02_service_contract (already has result.json — immutability)
[2026-10-04T19:36:10] SKIP c09t03_code_docs_match (already has result.json — immutability)
[2026-10-04T19:36:10] SKIP c09t04_transforms (already has result.json — immutability)
[2026-10-04T19:36:10] SKIP c09t05_tdd (already has result.json — immutability)
[2026-10-04T19:36:10] SKIP c10t01_url_shortener (already has result.json — immutability)
[2026-10-04T19:36:10] SKIP c10t02_md_tasks (already has result.json — immutability)
[2026-10-04T19:36:10] SKIP c10t03_json_api (already has result.json — immutability)
[2026-10-04T19:36:10] SKIP c10t04_report_gen (already has result.json — immutability)
[2026-10-04T19:36:10] SKIP c10t05_plugin_calc (already has result.json — immutability)
[2026-10-04T19:36:10] === stream end agent=hermes subtotal=931/1000 ===
