agent: hermes
category: c08_memory
task: c08t03_resume_reuse
started: 2026-10-04T16:32:42.835657
model: agnes-3.0-flash
provider: Agnes AI (https://apihub.agnes-ai.com/v1)
version: git.8b66a51 (2026.9.24)
session_id: 20261004_163701_9eef68
rc: 0
duration_s: 57.1
steps_cap: 25
timeout_cap: 330
attempts: 3
provider_error_flag: True

=== STDOUT ===
--- TURN 1 ---
custom rate-limited every one of 3 attempts — it looks temporarily unavailable. Wait a minute and send /retry, or switch models with /model. To avoid this in future, add a backup provider with `hermes fallback add`.

Provider said: HTTP 429: You’ve reached the API rate limit for free users. Upgrade to a Token Plan to unlock higher limits and continue using the API without interruption. (request id: 20261004163712620646172tOKvkda7)


session_id: 20261004_163701_9eef68

--- TURN 2 ---
phone.py already has both functions implemented and verified:

- `normalize_phone` (line 1): strips non-digits, returns `""` when no digits.
- `format_intl` (line 6): reuses `normalize_phone`; country code is 1 digit when the number starts with `1`, else 2 digits; remainder grouped in 3-digit chunks; returns `""` for digitless input.

Ran `python3 phone.py` — self-checks pass:
- `"+1 (555) 123-4567"` → `"15551234567"` / `"+1 555 123 456 7"`
- `"44 20 7123 0000"` → `"+44 207 123 000 0"`
- `"abc"` → `""` for both

All checks passed, nothing else to do.

↻ Resumed session 20261004_163701_9eef68 (1 user message, 2 total messages)
/home/z/my-project/repos/hermes-agent/pm/shell.py:13: SyntaxWarning: "\W" is an invalid escape sequence. Such sequences will not work in the future. Did you mean "\\W"? A raw string is also an option.
  minus C:\Windows\System32\bash.exe (the WSL launcher stub, first on PATH

session_id: 20261004_163701_9eef68


=== STDERR ===

