agent: hermes
category: c10_e2e
task: c10t05_plugin_calc
started: 2026-10-04T17:27:42.171105
model: agnes-3.0-flash
provider: Agnes AI (https://apihub.agnes-ai.com/v1)
version: git.8b66a51 (2026.9.24)
session_id: 20261004_172746_a6e708
rc: 0
duration_s: 107.0
steps_cap: 45
timeout_cap: 540
attempts: 1
provider_error_flag: False

=== STDOUT ===
--- TURN 1 ---
Done — all green.

Structure (in /home/z/my-project/bench_ws/hermes/c10_e2e/c10t05_plugin_calc):

- calculator.py — Calculator core: register(name, fn), calculate(name, *args) (KeyError on unknown names, TypeError on non-callable), operations()
- plugins/ — add, subtract, multiply, divide; each exposes register(calc). divide documents and raises ZeroDivisionError on zero divisor
- main.py — build_calculator() wires all four plugins, then demonstrates 2+2=4, 10-4=6, 3*3=9, 9/2=4.5
- tests/test_calculator.py — 23 tests: core semantics (registration, arg forwarding, KeyError/TypeError, re-registration), per-plugin behavior incl. divide-by-zero and its docstring, and end-to-end wiring
- conftest.py — puts project root on sys.path for pytest
- README.md — layout, behavior, and the 3-step "add a new plugin" guide

Verification (real runs):
- uvx pytest tests/ -v → 23 passed
- python3 main.py → prints the four demo results as expected

Note: system python3 has no pytest, so the suite was run via uvx pytest (Python 3.12).

/home/z/my-project/repos/hermes-agent/pm/shell.py:13: SyntaxWarning: "\W" is an invalid escape sequence. Such sequences will not work in the future. Did you mean "\\W"? A raw string is also an option.
  minus C:\Windows\System32\bash.exe (the WSL launcher stub, first on PATH

session_id: 20261004_172746_a6e708


=== STDERR ===

