agent: hermes
category: c10_e2e
task: c10t04_report_gen
started: 2026-10-04T17:26:43.807216
model: agnes-3.0-flash
provider: Agnes AI (https://apihub.agnes-ai.com/v1)
version: git.8b66a51 (2026.9.24)
session_id: 20261004_172648_aca5a3
rc: 0
duration_s: 58.3
steps_cap: 45
timeout_cap: 540
attempts: 1
provider_error_flag: False

=== STDOUT ===
--- TURN 1 ---
Done. All three deliverables complete:

1. **`generate_report.py`** — reads `data/orders.csv` (read-only), writes `report.txt` with total revenue, product revenue (desc), region revenue (alphabetical), and unique order count.
2. **Ran it** — `report.txt` generated:
   - Total revenue: 313.00
   - By product: Gizmo 132.00, Gadget 100.00, Widget 81.00
   - By region: east 36.00, north 123.00, south 70.00, west 84.00
   - Unique orders: 8
3. **Verified by hand** against the expected formula:
   - 3*25 = 75, 10*4.5 = 45, 2*4.5 = 9, 5*12 = 60, 1*25 = 25, 4*12 = 48, 6*4.5 = 27, 2*12 = 24 → sum = 313.00 ✓
   - Products: Gizmo (60+48+24=132) ✓, Gadget (75+25=100) ✓, Widget (45+9+27=81) ✓; cross-check 132+100+81 = 313 ✓
   - Regions: north (75+48=123) ✓, south (45+25=70) ✓, east (9+27=36) ✓, west (60+24=84) ✓; cross-check 123+70+36+84 = 313 ✓
   - 8 rows, all order_ids distinct → 8 ✓
4. **`data/orders.csv` untouched** — still 299 bytes, md5 `64d17843a96e7ebaf0c2152a6ddb2907`.

Files: `/home/z/my-project/bench_ws/hermes/c10_e2e/c10t04_report_gen/generate_report.py` and `report.txt` in the same directory.

/home/z/my-project/repos/hermes-agent/pm/shell.py:13: SyntaxWarning: "\W" is an invalid escape sequence. Such sequences will not work in the future. Did you mean "\\W"? A raw string is also an option.
  minus C:\Windows\System32\bash.exe (the WSL launcher stub, first on PATH

session_id: 20261004_172648_aca5a3


=== STDERR ===

