agent: hermes
category: c08_memory
task: c08t05_arch_decision
started: 2026-10-04T16:42:07.445191
model: agnes-3.0-flash
provider: Agnes AI (https://apihub.agnes-ai.com/v1)
version: git.8b66a51 (2026.9.24)
session_id: 20261004_164806_21f42c
rc: 0
duration_s: 60.2
steps_cap: 25
timeout_cap: 330
attempts: 3
provider_error_flag: True

=== STDOUT ===
--- TURN 1 ---
Acknowledged — and it's already on record. I have it in memory:

Project: c08t05_arch_decision
Decision: SQLite via stdlib sqlite3 as the storage engine. Explicitly NOT Postgres, NOT MongoDB.
Rationale: fully local-first app on a laptop with zero external services; SQLite is embedded, file-based, needs no server.
Status: no files created yet; build on this in a later step.

No files were created. Ready for the next step whenever you are.


session_id: 20261004_164806_21f42c

--- TURN 2 ---
custom rate-limited every one of 3 attempts — it looks temporarily unavailable. Wait a minute and send /retry, or switch models with /model. To avoid this in future, add a backup provider with `hermes fallback add`.

Provider said: HTTP 429: You’ve reached the API rate limit for free users. Upgrade to a Token Plan to unlock higher limits and continue using the API without interruption. (request id: 2026100416490115821329w9gPWjB1)

↻ Resumed session 20261004_164806_21f42c (1 user message, 2 total messages)
/home/z/my-project/repos/hermes-agent/pm/shell.py:13: SyntaxWarning: "\W" is an invalid escape sequence. Such sequences will not work in the future. Did you mean "\\W"? A raw string is also an option.
  minus C:\Windows\System32\bash.exe (the WSL launcher stub, first on PATH

session_id: 20261004_164806_21f42c


=== STDERR ===

