agent: hermes
category: c03_feature
task: c03t04_event_log
started: 2026-10-04T14:51:21.430322
model: agnes-3.0-flash
provider: Agnes AI (https://apihub.agnes-ai.com/v1)
version: git.8b66a51 (2026.9.24)
session_id: 20261004_145444_e425ec
rc: 0
duration_s: 17.4
steps_cap: 30
timeout_cap: 420
attempts: 3
provider_error_flag: True

=== STDOUT ===
--- TURN 1 ---
custom rate-limited every one of 3 attempts — it looks temporarily unavailable. Wait a minute and send /retry, or switch models with /model. To avoid this in future, add a backup provider with `hermes fallback add`.

Provider said: HTTP 429: You’ve reached the API rate limit for free users. Upgrade to a Token Plan to unlock higher limits and continue using the API without interruption. (request id: 2026100414545634510077RcEyMe9G)


session_id: 20261004_145444_e425ec


=== STDERR ===

