agent: hermes
category: c03_feature
task: c03t05_discount
started: 2026-10-04T14:54:58.848254
model: agnes-3.0-flash
provider: Agnes AI (https://apihub.agnes-ai.com/v1)
version: git.8b66a51 (2026.9.24)
session_id: 20261004_145503_b57d58
rc: 0
duration_s: 56.5
steps_cap: 30
timeout_cap: 420
attempts: 1
provider_error_flag: False

=== STDOUT ===
--- TURN 1 ---
Done. Changes:

- `inventory.py`: added `apply_discount(sku, pct)` (raises `ValueError` on unknown sku or pct outside 0..100; stores discount per item) and `price_with_discount(sku)` (returns unit price after that sku's discount, full price when none set). Existing methods untouched.
- `test_inventory.py`: appended 4 new tests (full price with no discount, 0/20/100% discount math, unknown-sku errors, out-of-range errors).

Full suite: 8 passed, 0 failed (4 original + 4 new), run via `uvx --with pytest python -m pytest test_inventory.py -v`.

/home/z/my-project/repos/hermes-agent/pm/shell.py:13: SyntaxWarning: "\W" is an invalid escape sequence. Such sequences will not work in the future. Did you mean "\\W"? A raw string is also an option.
  minus C:\Windows\System32\bash.exe (the WSL launcher stub, first on PATH

session_id: 20261004_145503_b57d58


=== STDERR ===

